******************************************************************************
            TI ARM Clang Linker PC v4.0.4                      
******************************************************************************
>> Linked Fri Aug 14 02:48:10 2026

OUTPUT FILE NAME:   <empty_LP_MSPM0G3507_nortos_ticlang_2.out>
ENTRY POINT SYMBOL: "_c_int00_noargs"  address: 00004d1d


MEMORY CONFIGURATION

         name            origin    length      used     unused   attr    fill
----------------------  --------  ---------  --------  --------  ----  --------
  FLASH                 00000000   00020000  000056c0  0001a940  R  X
  SRAM                  20200000   00008000  00000367  00007c99  RW X
  BCR_CONFIG            41c00000   000000ff  00000000  000000ff  R   
  BSL_CONFIG            41c00100   00000080  00000000  00000080  R   


SEGMENT ALLOCATION MAP

run origin  load origin   length   init length attrs members
----------  ----------- ---------- ----------- ----- -------
00000000    00000000    000056c0   000056c0    r-x
  00000000    00000000    000000c0   000000c0    r-- .intvecs
  000000c0    000000c0    00004ed0   00004ed0    r-x .text
  00004f90    00004f90    000006f8   000006f8    r-- .rodata
  00005688    00005688    00000038   00000038    r-- .cinit
20200000    20200000    00000168   00000000    rw-
  20200000    20200000    000000df   00000000    rw- .bss
  202000e0    202000e0    00000088   00000000    rw- .data
20207e00    20207e00    00000200   00000000    rw-
  20207e00    20207e00    00000200   00000000    rw- .stack


SECTION ALLOCATION MAP

 output                                  attributes/
section   page    origin      length       input sections
--------  ----  ----------  ----------   ----------------
.intvecs   0    00000000    000000c0     
                  00000000    000000c0     startup_mspm0g350x_ticlang.o (.intvecs)

.text      0    000000c0    00004ed0     
                  000000c0    000019ac     main.o (.text.main)
                  00001a6c    00000ebc     lcd.o (.text.lcd_init)
                  00002928    00000388     lcd.o (.text.lcd_putc_big)
                  00002cb0    0000032c     lcd.o (.text.lcd_putc)
                  00002fdc    0000024c     sensor.o (.text.sensor_get_position)
                  00003228    000001cc     lcd.o (.text.lcd_clear)
                  000033f4    00000128     main.o (.text.line_follow_speed)
                  0000351c    00000118     ball_pid.o (.text.ball_pid_cascade_run3)
                  00003634    00000118     ball_pid.o (.text.ball_pid_cascade_run)
                  0000374c    00000110     lcd.o (.text.lcd_data16)
                  0000385c    00000104     driverlib.a : dl_timer.o (.text.DL_Timer_initFourCCPWMMode)
                  00003960    000000fc                 : dl_timer.o (.text.DL_Timer_initTimerMode)
                  00003a5c    000000f8     lcd.o (.text.lcd_print_int)
                  00003b54    000000f8     lcd.o (.text.lcd_print_int_big)
                  00003c4c    000000e8     lcd.o (.text.lcd_window)
                  00003d34    000000e8     main.o (.text.line_follow)
                  00003e1c    000000dc     sensor.o (.text.UART3_IRQHandler)
                  00003ef8    000000d8     libclang_rt.builtins.a : addsf3.S.obj (.text)
                  00003fd0    000000c0     ti_msp_dl_config.o (.text.SYSCFG_DL_GPIO_init)
                  00004090    000000c0     gyro.o (.text.UART2_IRQHandler)
                  00004150    000000bc     vision.o (.text.vision_parse_byte)
                  0000420c    000000b4     sensor.o (.text.sensor_init)
                  000042c0    000000b4     vision.o (.text.vision_init)
                  00004374    0000009c     motor.o (.text.motor_set)
                  00004410    0000009a     libc.a : memcpy16.S.obj (.text:memcpy)
                  000044aa    00000002     startup_mspm0g350x_ticlang.o (.text.Default_Handler)
                  000044ac    00000098     encoder.o (.text.encoder_update)
                  00004544    00000090     ti_msp_dl_config.o (.text.SYSCFG_DL_MOTOR_L_PWM_init)
                  000045d4    0000008c     libclang_rt.builtins.a : mulsf3.S.obj (.text.__mulsf3)
                  00004660    00000082                            : divsf3.S.obj (.text.__divsf3)
                  000046e2    00000002                            : aeabi_div0.c.obj (.text.__aeabi_idiv0)
                  000046e4    0000007c     libc.a : copy_decompress_lzss.c.obj (.text:decompress:lzss)
                  00004760    0000006c     ball_pid.o (.text.ball_pid_init)
                  000047cc    00000068     ball_pid.o (.text.ball_pid_init3)
                  00004834    00000062     libclang_rt.builtins.a : aeabi_fcmp.S.obj (.text.__aeabi_fcmp)
                  00004896    00000002     --HOLE-- [fill = 0]
                  00004898    00000056                            : aeabi_idivmod.S.obj (.text.__aeabi_idivmod)
                  000048ee    00000002     --HOLE-- [fill = 0]
                  000048f0    00000048     driverlib.a : dl_uart.o (.text.DL_UART_init)
                  00004938    00000048     sensor.o (.text.sensor_read_all)
                  00004980    00000040     ti_msp_dl_config.o (.text.SYSCFG_DL_SYSCTL_init)
                  000049c0    00000040     ti_msp_dl_config.o (.text.SYSCFG_DL_initPower)
                  00004a00    00000040     libclang_rt.builtins.a : aeabi_uidivmod.S.obj (.text.__aeabi_uidivmod)
                  00004a40    0000003c                            : floatsisf.S.obj (.text.__floatsisf)
                  00004a7c    0000003c                            : comparesf2.S.obj (.text.__gtsf2)
                  00004ab8    0000003c     libc.a : autoinit.c.obj (.text:__TI_auto_init_nobinit_nopinit)
                  00004af4    0000003a     libclang_rt.builtins.a : comparesf2.S.obj (.text.__eqsf2)
                  00004b2e    00000002     --HOLE-- [fill = 0]
                  00004b30    0000003a                            : muldsi3.S.obj (.text.__muldsi3)
                  00004b6a    00000002     --HOLE-- [fill = 0]
                  00004b6c    00000038     ti_msp_dl_config.o (.text.SYSCFG_DL_CTRL_TIMER_init)
                  00004ba4    00000038     libclang_rt.builtins.a : fixsfsi.S.obj (.text.__fixsfsi)
                  00004bdc    00000034     encoder.o (.text.encoder_reset_distance)
                  00004c10    00000032     lcd.o (.text.lcd_puts)
                  00004c42    00000032     lcd.o (.text.lcd_puts_big)
                  00004c74    00000030     stepper.o (.text.stepper_init)
                  00004ca4    00000028     encoder.o (.text.GROUP0_IRQHandler)
                  00004ccc    00000028     encoder.o (.text.GROUP1_IRQHandler)
                  00004cf4    00000028     libclang_rt.builtins.a : floatunsisf.S.obj (.text.__floatunsisf)
                  00004d1c    00000028     libc.a : boot_cortex_m.c.obj (.text:_c_int00_noargs)
                  00004d44    00000020     vision.o (.text.UART1_IRQHandler)
                  00004d64    00000020     encoder.o (.text.encoder_get_distance)
                  00004d84    00000020     stepper.o (.text.stepper_step)
                  00004da4    0000001c     driverlib.a : dl_timer.o (.text.DL_Timer_setCaptCompUpdateMethod)
                  00004dc0    0000001c                 : dl_timer.o (.text.DL_Timer_setClockConfig)
                  00004ddc    0000001c     motor.o (.text.motor_brake)
                  00004df8    0000001c     motor.o (.text.motor_coast)
                  00004e14    0000001c     stepper.o (.text.stepper_set_speed)
                  00004e30    00000018     driverlib.a : dl_timer.o (.text.DL_Timer_setCaptureCompareOutCtl)
                  00004e48    00000018     ti_msp_dl_config.o (.text.SYSCFG_DL_init)
                  00004e60    00000018     motor.o (.text.motor_init)
                  00004e78    00000016     libc.a : copy_zero_init.c.obj (.text:decompress:ZI:__TI_zero_init_nomemset)
                  00004e8e    00000002     --HOLE-- [fill = 0]
                  00004e90    00000014     lcd.o (.text.lcd_set_cursor)
                  00004ea4    00000014     lcd.o (.text.lcd_set_cursor_big)
                  00004eb8    00000014     pid.o (.text.pid_init)
                  00004ecc    00000012     driverlib.a : dl_uart.o (.text.DL_UART_setClockConfig)
                  00004ede    00000012     sensor.o (.text.sensor_is_line_detected)
                  00004ef0    00000012     libc.a : copy_decompress_none.c.obj (.text:decompress:none)
                  00004f02    00000002     --HOLE-- [fill = 0]
                  00004f04    00000010     driverlib.a : dl_timer.o (.text.DL_Timer_setCaptureCompareValue)
                  00004f14    00000010     ball_pid.o (.text.ball_pid_set_target3)
                  00004f24    00000010     ball_pid.o (.text.ball_pid_set_target)
                  00004f34    00000010     encoder.o (.text.encoder_init)
                  00004f44    0000000c     sensor.o (.text.sensor_set_mask)
                  00004f50    0000000c     stepper.o (.text.stepper_disable)
                  00004f5c    0000000c     stepper.o (.text.stepper_enable)
                  00004f68    0000000a     driverlib.a : dl_common.o (.text.DL_Common_delayCycles)
                  00004f72    00000002     --HOLE-- [fill = 0]
                  00004f74    00000008     libclang_rt.builtins.a : aeabi_memcpy.S.obj (.text.__aeabi_memcpy)
                  00004f7c    00000006     libc.a : exit.c.obj (.text:abort)
                  00004f82    00000004     libsysbm.a : hostexit.c.obj (.text.HOSTexit)
                  00004f86    00000004     startup_mspm0g350x_ticlang.o (.text.Reset_Handler)
                  00004f8a    00000004     libc.a : pre_init.c.obj (.text._system_pre_init)
                  00004f8e    00000002     --HOLE-- [fill = 0]

.cinit     0    00005688    00000038     
                  00005688    0000000e     (.cinit..data.load) [load image, compression = lzss]
                  00005696    00000002     --HOLE-- [fill = 0]
                  00005698    0000000c     (__TI_handler_table)
                  000056a4    00000008     (.cinit..bss.load) [load image, compression = zero_init]
                  000056ac    00000010     (__TI_cinit_table)
                  000056bc    00000004     --HOLE-- [fill = 0]

.rodata    0    00004f90    000006f8     
                  00004f90    000005f0     lcd.o (.rodata.g_font_8x16)
                  00005580    00000014     ti_msp_dl_config.o (.rodata.gCTRL_TIMERTimerConfig)
                  00005594    0000000e     main.o (.rodata.str1.10224226614597680209.1)
                  000055a2    0000000d     main.o (.rodata.str1.403738606202455663.1)
                  000055af    0000000c     main.o (.rodata.str1.11702106008850790973.1)
                  000055bb    0000000b     main.o (.rodata.str1.10635229749459437609.1)
                  000055c6    0000000b     main.o (.rodata.str1.288608917962107522.1)
                  000055d1    00000009     main.o (.rodata.str1.11321157723316767883.1)
                  000055da    00000009     main.o (.rodata.str1.3530083166107438000.1)
                  000055e3    00000009     main.o (.rodata.str1.8076846746581808073.1)
                  000055ec    00000008     ti_msp_dl_config.o (.rodata.gMOTOR_L_PWMConfig)
                  000055f4    00000008     main.o (.rodata.str1.10313062130652730376.1)
                  000055fc    00000008     main.o (.rodata.str1.16265332423659789559.1)
                  00005604    00000008     main.o (.rodata.str1.18092426736022315238.1)
                  0000560c    00000008     main.o (.rodata.str1.6891813955777630061.1)
                  00005614    00000008     main.o (.rodata.str1.8154729771448623357.1)
                  0000561c    00000007     sensor.o (.rodata..Lswitch.table.UART3_IRQHandler)
                  00005623    00000006     main.o (.rodata.str1.13288086030101331538.1)
                  00005629    00000005     main.o (.rodata.str1.13782249893155712474.1)
                  0000562e    00000005     main.o (.rodata.str1.16302215771116645891.1)
                  00005633    00000005     main.o (.rodata.str1.7702501944640899365.1)
                  00005638    00000004     main.o (.rodata.str1.13030671760666898970.1)
                  0000563c    00000004     main.o (.rodata.str1.14079361385603432444.1)
                  00005640    00000004     main.o (.rodata.str1.15159059442110792349.1)
                  00005644    00000004     main.o (.rodata.str1.16631870348416990953.1)
                  00005648    00000004     main.o (.rodata.str1.17376258722486336754.1)
                  0000564c    00000004     main.o (.rodata.str1.18227636981041470289.1)
                  00005650    00000004     main.o (.rodata.str1.2763581881760962609.1)
                  00005654    00000003     ti_msp_dl_config.o (.rodata.gCTRL_TIMERClockConfig)
                  00005657    00000003     ti_msp_dl_config.o (.rodata.gMOTOR_L_PWMClockConfig)
                  0000565a    00000003     main.o (.rodata.str1.11822182024223342093.1)
                  0000565d    00000003     main.o (.rodata.str1.11870794119293528247.1)
                  00005660    00000003     main.o (.rodata.str1.12180500075719773345.1)
                  00005663    00000003     main.o (.rodata.str1.1311392489248731986.1)
                  00005666    00000003     main.o (.rodata.str1.14112174005742061988.1)
                  00005669    00000003     main.o (.rodata.str1.15996357275703397564.1)
                  0000566c    00000003     main.o (.rodata.str1.17045314124001216156.1)
                  0000566f    00000003     main.o (.rodata.str1.2563708670032483588.1)
                  00005672    00000003     main.o (.rodata.str1.39260288392874984.1)
                  00005675    00000003     main.o (.rodata.str1.7784929982665794503.1)
                  00005678    00000003     main.o (.rodata.str1.7996925722583989644.1)
                  0000567b    00000003     main.o (.rodata.str1.8096991282711418442.1)
                  0000567e    00000002     main.o (.rodata.str1.17100691992556644108.1)
                  00005680    00000002     main.o (.rodata.str1.2846389346932560359.1)
                  00005682    00000002     main.o (.rodata.str1.6554448696319176064.1)
                  00005684    00000002     main.o (.rodata.str1.8108965883388295311.1)
                  00005686    00000002     --HOLE-- [fill = 0]

.init_array 
*          0    00000000    00000000     UNINITIALIZED

.binit     0    00000000    00000000     

.bss       0    20200000    000000df     UNINITIALIZED
                  20200000    00000058     (.common:g_ball_pid)
                  20200058    00000058     (.common:g_ball_pid3)
                  202000b0    00000010     sensor.o (.bss.rx_buf)
                  202000c0    00000010     sensor.o (.bss.sensor_gray)
                  202000d0    00000009     vision.o (.bss.rx_frame)
                  202000d9    00000005     gyro.o (.bss.g_frame)
                  202000de    00000001     sensor.o (.bss.sensor_bin)

.data      0    202000e0    00000088     UNINITIALIZED
                  202000e0    00000020     pid.o (.data.g_pid_line)
                  20200100    00000004     ball_pid.o (.data.ball_pid_cascade_run.pos_filt)
                  20200104    00000004     ball_pid.o (.data.ball_pid_cascade_run3.pos_filt)
                  20200108    00000004     encoder.o (.data.g_dist_l)
                  2020010c    00000004     encoder.o (.data.g_dist_r)
                  20200110    00000004     encoder.o (.data.g_enc_l_cnt)
                  20200114    00000004     encoder.o (.data.g_enc_r_cnt)
                  20200118    00000004     gyro.o (.data.g_gz_raw)
                  2020011c    00000004     encoder.o (.data.g_last_l)
                  20200120    00000004     encoder.o (.data.g_last_r)
                  20200124    00000004     encoder.o (.data.g_speed_l)
                  20200128    00000004     encoder.o (.data.g_speed_r)
                  2020012c    00000004     gyro.o (.data.g_yaw)
                  20200130    00000004     main.o (.data.line_follow.last_error)
                  20200134    00000004     main.o (.data.line_follow.last_pos)
                  20200138    00000004     main.o (.data.line_follow_speed.last)
                  2020013c    00000004     main.o (.data.line_follow_speed.le)
                  20200140    00000002     vision.o (.data.g_ball_x)
                  20200142    00000002     vision.o (.data.g_ball_y)
                  20200144    00000002     lcd.o (.data.g_bg)
                  20200146    00000002     lcd.o (.data.g_cx)
                  20200148    00000002     lcd.o (.data.g_cy)
                  2020014a    00000002     lcd.o (.data.g_fg)
                  2020014c    00000002     main.o (.data.main.c.12)
                  2020014e    00000002     main.o (.data.main.c.35)
                  20200150    00000002     main.o (.data.main.c)
                  20200152    00000002     main.o (.data.main.s.13)
                  20200154    00000002     main.o (.data.main.s.36)
                  20200156    00000002     main.o (.data.main.s)
                  20200158    00000001     ball_pid.o (.data.ball_pid_cascade_run.pos_filt_init)
                  20200159    00000001     ball_pid.o (.data.ball_pid_cascade_run3.pos_filt_init)
                  2020015a    00000001     vision.o (.data.g_ball_valid)
                  2020015b    00000001     gyro.o (.data.g_fidx)
                  2020015c    00000001     sensor.o (.data.g_mask)
                  2020015d    00000001     gyro.o (.data.g_new_gz)
                  2020015e    00000001     gyro.o (.data.g_new_yaw)
                  2020015f    00000001     main.o (.data.main.ph.11)
                  20200160    00000001     main.o (.data.main.ph.34)
                  20200161    00000001     main.o (.data.main.ph)
                  20200162    00000001     main.o (.data.main.t4_rx_flag)
                  20200163    00000001     main.o (.data.main.t5_rx_flag)
                  20200164    00000001     main.o (.data.main.t6_rx_flag)
                  20200165    00000001     sensor.o (.data.rx_idx)
                  20200166    00000001     vision.o (.data.rx_index)
                  20200167    00000001     sensor.o (.data.rx_state)

.stack     0    20207e00    00000200     UNINITIALIZED
                  20207e00    00000004     libc.a : boot_cortex_m.c.obj (.stack)
                  20207e04    000001fc     --HOLE--

__llvm_prf_cnts 
*          0    20200000    00000000     UNINITIALIZED

__llvm_prf_bits 
*          0    20200000    00000000     UNINITIALIZED

MODULE SUMMARY

       Module                         code    ro data   rw data
       ------                         ----    -------   -------
    .\
       lcd.o                          7088    1520      8      
       main.o                         7100    221       34     
       sensor.o                       1090    7         36     
       ball_pid.o                     804     0         186    
       ti_msp_dl_config.o             544     34        0      
       vision.o                       400     0         15     
       encoder.o                      332     0         32     
       motor.o                        236     0         0      
       gyro.o                         192     0         16     
       startup_mspm0g350x_ticlang.o   6       192       0      
       stepper.o                      132     0         0      
       pid.o                          20      0         32     
    +--+------------------------------+-------+---------+---------+
       Total:                         17944   1974      359    
                                                               
    E:/CCSIDE/mspm0_sdk_2_10_00_04/source/ti/driverlib/lib/ticlang/m0p/mspm0g1x0x_g3x0x/driverlib.a
       dl_timer.o                     608     0         0      
       dl_uart.o                      90      0         0      
       dl_common.o                    10      0         0      
    +--+------------------------------+-------+---------+---------+
       Total:                         708     0         0      
                                                               
    E:\CCSIDE\ccs\tools\compiler\ti-cgt-armllvm_4.0.4.LTS\lib\armv6m-ti-none-eabi/c/libc.a
       memcpy16.S.obj                 154     0         0      
       copy_decompress_lzss.c.obj     124     0         0      
       autoinit.c.obj                 60      0         0      
       boot_cortex_m.c.obj            40      0         0      
       copy_zero_init.c.obj           22      0         0      
       copy_decompress_none.c.obj     18      0         0      
       exit.c.obj                     6       0         0      
       pre_init.c.obj                 4       0         0      
    +--+------------------------------+-------+---------+---------+
       Total:                         428     0         0      
                                                               
    E:\CCSIDE\ccs\tools\compiler\ti-cgt-armllvm_4.0.4.LTS\lib\armv6m-ti-none-eabi/c/libsysbm.a
       hostexit.c.obj                 4       0         0      
    +--+------------------------------+-------+---------+---------+
       Total:                         4       0         0      
                                                               
    E:\CCSIDE\ccs\tools\compiler\ti-cgt-armllvm_4.0.4.LTS\lib\armv6m-ti-none-eabi/libclang_rt.builtins.a
       addsf3.S.obj                   216     0         0      
       mulsf3.S.obj                   140     0         0      
       divsf3.S.obj                   130     0         0      
       comparesf2.S.obj               118     0         0      
       aeabi_fcmp.S.obj               98      0         0      
       aeabi_idivmod.S.obj            86      0         0      
       aeabi_uidivmod.S.obj           64      0         0      
       floatsisf.S.obj                60      0         0      
       muldsi3.S.obj                  58      0         0      
       fixsfsi.S.obj                  56      0         0      
       floatunsisf.S.obj              40      0         0      
       aeabi_memcpy.S.obj             8       0         0      
       aeabi_div0.c.obj               2       0         0      
    +--+------------------------------+-------+---------+---------+
       Total:                         1076    0         0      
                                                               
       Stack:                         0       0         512    
       Linker Generated:              0       50        0      
    +--+------------------------------+-------+---------+---------+
       Grand Total:                   20160   2024      871    


LINKER GENERATED COPY TABLES

__TI_cinit_table @ 000056ac records: 2, size/record: 8, table size: 16
	.data: load addr=00005688, load size=0000000e bytes, run addr=202000e0, run size=00000088 bytes, compression=lzss
	.bss: load addr=000056a4, load size=00000008 bytes, run addr=20200000, run size=000000df bytes, compression=zero_init


LINKER GENERATED HANDLER TABLE

__TI_handler_table @ 00005698 records: 3, size/record: 4, table size: 12
	index: 0, handler: __TI_decompress_lzss
	index: 1, handler: __TI_decompress_none
	index: 2, handler: __TI_zero_init


GLOBAL SYMBOLS: SORTED ALPHABETICALLY BY Name 

address   name                            
-------   ----                            
000044ab  ADC0_IRQHandler                 
000044ab  ADC1_IRQHandler                 
000044ab  AES_IRQHandler                  
00004f82  C$$EXIT                         
000044ab  CANFD0_IRQHandler               
000044ab  DAC0_IRQHandler                 
00004f69  DL_Common_delayCycles           
0000385d  DL_Timer_initFourCCPWMMode      
00003961  DL_Timer_initTimerMode          
00004da5  DL_Timer_setCaptCompUpdateMethod
00004e31  DL_Timer_setCaptureCompareOutCtl
00004f05  DL_Timer_setCaptureCompareValue 
00004dc1  DL_Timer_setClockConfig         
000048f1  DL_UART_init                    
00004ecd  DL_UART_setClockConfig          
000044ab  DMA_IRQHandler                  
000044ab  Default_Handler                 
00004ca5  GROUP0_IRQHandler               
00004ccd  GROUP1_IRQHandler               
00004f83  HOSTexit                        
000044ab  HardFault_Handler               
000044ab  I2C0_IRQHandler                 
000044ab  I2C1_IRQHandler                 
000044ab  NMI_Handler                     
000044ab  PendSV_Handler                  
000044ab  RTC_IRQHandler                  
00004f87  Reset_Handler                   
000044ab  SPI0_IRQHandler                 
000044ab  SPI1_IRQHandler                 
000044ab  SVC_Handler                     
00004b6d  SYSCFG_DL_CTRL_TIMER_init       
00003fd1  SYSCFG_DL_GPIO_init             
00004545  SYSCFG_DL_MOTOR_L_PWM_init      
00004981  SYSCFG_DL_SYSCTL_init           
00004e49  SYSCFG_DL_init                  
000049c1  SYSCFG_DL_initPower             
000044ab  SysTick_Handler                 
000044ab  TIMA0_IRQHandler                
000044ab  TIMA1_IRQHandler                
000044ab  TIMG0_IRQHandler                
000044ab  TIMG12_IRQHandler               
000044ab  TIMG6_IRQHandler                
000044ab  TIMG7_IRQHandler                
000044ab  TIMG8_IRQHandler                
000044ab  UART0_IRQHandler                
00004d45  UART1_IRQHandler                
00004091  UART2_IRQHandler                
00003e1d  UART3_IRQHandler                
20208000  __STACK_END                     
00000200  __STACK_SIZE                    
00000000  __TI_ATRegion0_region_sz        
00000000  __TI_ATRegion0_src_addr         
00000000  __TI_ATRegion0_trg_addr         
00000000  __TI_ATRegion1_region_sz        
00000000  __TI_ATRegion1_src_addr         
00000000  __TI_ATRegion1_trg_addr         
00000000  __TI_ATRegion2_region_sz        
00000000  __TI_ATRegion2_src_addr         
00000000  __TI_ATRegion2_trg_addr         
000056ac  __TI_CINIT_Base                 
000056bc  __TI_CINIT_Limit                
000056bc  __TI_CINIT_Warm                 
00005698  __TI_Handler_Table_Base         
000056a4  __TI_Handler_Table_Limit        
00004ab9  __TI_auto_init_nobinit_nopinit  
000046e5  __TI_decompress_lzss            
00004ef1  __TI_decompress_none            
ffffffff  __TI_pprof_out_hndl             
ffffffff  __TI_prof_data_size             
ffffffff  __TI_prof_data_start            
00000000  __TI_static_base__              
00004e79  __TI_zero_init_nomemset         
00003f03  __addsf3                        
00004ba5  __aeabi_f2iz                    
00003f03  __aeabi_fadd                    
00004835  __aeabi_fcmpeq                  
00004871  __aeabi_fcmpge                  
00004885  __aeabi_fcmpgt                  
0000485d  __aeabi_fcmple                  
00004849  __aeabi_fcmplt                  
00004661  __aeabi_fdiv                    
000045d5  __aeabi_fmul                    
00003ef9  __aeabi_fsub                    
00004a41  __aeabi_i2f                     
00004899  __aeabi_idiv                    
000046e3  __aeabi_idiv0                   
00004899  __aeabi_idivmod                 
00004f75  __aeabi_memcpy                  
00004f75  __aeabi_memcpy4                 
00004f75  __aeabi_memcpy8                 
00004cf5  __aeabi_ui2f                    
00004a01  __aeabi_uidiv                   
00004a01  __aeabi_uidivmod                
ffffffff  __binit__                       
00004af5  __cmpsf2                        
00004661  __divsf3                        
00004af5  __eqsf2                         
00004ba5  __fixsfsi                       
00004a41  __floatsisf                     
00004cf5  __floatunsisf                   
00004a7d  __gesf2                         
00004a7d  __gtsf2                         
00004af5  __lesf2                         
00004af5  __ltsf2                         
UNDEFED   __mpu_init                      
00004b31  __muldsi3                       
000045d5  __mulsf3                        
00004af5  __nesf2                         
20207e00  __stack                         
20200000  __start___llvm_prf_bits         
20200000  __start___llvm_prf_cnts         
20200000  __stop___llvm_prf_bits          
20200000  __stop___llvm_prf_cnts          
00003ef9  __subsf3                        
00004d1d  _c_int00_noargs                 
UNDEFED   _system_post_cinit              
00004f8b  _system_pre_init                
00004f7d  abort                           
00003635  ball_pid_cascade_run            
0000351d  ball_pid_cascade_run3           
00004761  ball_pid_init                   
000047cd  ball_pid_init3                  
00004f25  ball_pid_set_target             
00004f15  ball_pid_set_target3            
ffffffff  binit                           
00004d65  encoder_get_distance            
00004f35  encoder_init                    
00004bdd  encoder_reset_distance          
000044ad  encoder_update                  
20200000  g_ball_pid                      
20200058  g_ball_pid3                     
2020015a  g_ball_valid                    
20200140  g_ball_x                        
20200142  g_ball_y                        
20200110  g_enc_l_cnt                     
20200114  g_enc_r_cnt                     
202000e0  g_pid_line                      
00000000  interruptVectors                
00003229  lcd_clear                       
00001a6d  lcd_init                        
00003a5d  lcd_print_int                   
00003b55  lcd_print_int_big               
00002cb1  lcd_putc                        
00002929  lcd_putc_big                    
00004c11  lcd_puts                        
00004c43  lcd_puts_big                    
00004e91  lcd_set_cursor                  
00004ea5  lcd_set_cursor_big              
00003d35  line_follow                     
000033f5  line_follow_speed               
000000c1  main                            
00004411  memcpy                          
00004ddd  motor_brake                     
00004df9  motor_coast                     
00004e61  motor_init                      
00004375  motor_set                       
00004eb9  pid_init                        
00002fdd  sensor_get_position             
0000420d  sensor_init                     
00004edf  sensor_is_line_detected         
00004939  sensor_read_all                 
00004f45  sensor_set_mask                 
00004f51  stepper_disable                 
00004f5d  stepper_enable                  
00004c75  stepper_init                    
00004e15  stepper_set_speed               
00004d85  stepper_step                    
000042c1  vision_init                     
00004151  vision_parse_byte               


GLOBAL SYMBOLS: SORTED BY Symbol Address 

address   name                            
-------   ----                            
00000000  __TI_ATRegion0_region_sz        
00000000  __TI_ATRegion0_src_addr         
00000000  __TI_ATRegion0_trg_addr         
00000000  __TI_ATRegion1_region_sz        
00000000  __TI_ATRegion1_src_addr         
00000000  __TI_ATRegion1_trg_addr         
00000000  __TI_ATRegion2_region_sz        
00000000  __TI_ATRegion2_src_addr         
00000000  __TI_ATRegion2_trg_addr         
00000000  __TI_static_base__              
00000000  interruptVectors                
000000c1  main                            
00000200  __STACK_SIZE                    
00001a6d  lcd_init                        
00002929  lcd_putc_big                    
00002cb1  lcd_putc                        
00002fdd  sensor_get_position             
00003229  lcd_clear                       
000033f5  line_follow_speed               
0000351d  ball_pid_cascade_run3           
00003635  ball_pid_cascade_run            
0000385d  DL_Timer_initFourCCPWMMode      
00003961  DL_Timer_initTimerMode          
00003a5d  lcd_print_int                   
00003b55  lcd_print_int_big               
00003d35  line_follow                     
00003e1d  UART3_IRQHandler                
00003ef9  __aeabi_fsub                    
00003ef9  __subsf3                        
00003f03  __addsf3                        
00003f03  __aeabi_fadd                    
00003fd1  SYSCFG_DL_GPIO_init             
00004091  UART2_IRQHandler                
00004151  vision_parse_byte               
0000420d  sensor_init                     
000042c1  vision_init                     
00004375  motor_set                       
00004411  memcpy                          
000044ab  ADC0_IRQHandler                 
000044ab  ADC1_IRQHandler                 
000044ab  AES_IRQHandler                  
000044ab  CANFD0_IRQHandler               
000044ab  DAC0_IRQHandler                 
000044ab  DMA_IRQHandler                  
000044ab  Default_Handler                 
000044ab  HardFault_Handler               
000044ab  I2C0_IRQHandler                 
000044ab  I2C1_IRQHandler                 
000044ab  NMI_Handler                     
000044ab  PendSV_Handler                  
000044ab  RTC_IRQHandler                  
000044ab  SPI0_IRQHandler                 
000044ab  SPI1_IRQHandler                 
000044ab  SVC_Handler                     
000044ab  SysTick_Handler                 
000044ab  TIMA0_IRQHandler                
000044ab  TIMA1_IRQHandler                
000044ab  TIMG0_IRQHandler                
000044ab  TIMG12_IRQHandler               
000044ab  TIMG6_IRQHandler                
000044ab  TIMG7_IRQHandler                
000044ab  TIMG8_IRQHandler                
000044ab  UART0_IRQHandler                
000044ad  encoder_update                  
00004545  SYSCFG_DL_MOTOR_L_PWM_init      
000045d5  __aeabi_fmul                    
000045d5  __mulsf3                        
00004661  __aeabi_fdiv                    
00004661  __divsf3                        
000046e3  __aeabi_idiv0                   
000046e5  __TI_decompress_lzss            
00004761  ball_pid_init                   
000047cd  ball_pid_init3                  
00004835  __aeabi_fcmpeq                  
00004849  __aeabi_fcmplt                  
0000485d  __aeabi_fcmple                  
00004871  __aeabi_fcmpge                  
00004885  __aeabi_fcmpgt                  
00004899  __aeabi_idiv                    
00004899  __aeabi_idivmod                 
000048f1  DL_UART_init                    
00004939  sensor_read_all                 
00004981  SYSCFG_DL_SYSCTL_init           
000049c1  SYSCFG_DL_initPower             
00004a01  __aeabi_uidiv                   
00004a01  __aeabi_uidivmod                
00004a41  __aeabi_i2f                     
00004a41  __floatsisf                     
00004a7d  __gesf2                         
00004a7d  __gtsf2                         
00004ab9  __TI_auto_init_nobinit_nopinit  
00004af5  __cmpsf2                        
00004af5  __eqsf2                         
00004af5  __lesf2                         
00004af5  __ltsf2                         
00004af5  __nesf2                         
00004b31  __muldsi3                       
00004b6d  SYSCFG_DL_CTRL_TIMER_init       
00004ba5  __aeabi_f2iz                    
00004ba5  __fixsfsi                       
00004bdd  encoder_reset_distance          
00004c11  lcd_puts                        
00004c43  lcd_puts_big                    
00004c75  stepper_init                    
00004ca5  GROUP0_IRQHandler               
00004ccd  GROUP1_IRQHandler               
00004cf5  __aeabi_ui2f                    
00004cf5  __floatunsisf                   
00004d1d  _c_int00_noargs                 
00004d45  UART1_IRQHandler                
00004d65  encoder_get_distance            
00004d85  stepper_step                    
00004da5  DL_Timer_setCaptCompUpdateMethod
00004dc1  DL_Timer_setClockConfig         
00004ddd  motor_brake                     
00004df9  motor_coast                     
00004e15  stepper_set_speed               
00004e31  DL_Timer_setCaptureCompareOutCtl
00004e49  SYSCFG_DL_init                  
00004e61  motor_init                      
00004e79  __TI_zero_init_nomemset         
00004e91  lcd_set_cursor                  
00004ea5  lcd_set_cursor_big              
00004eb9  pid_init                        
00004ecd  DL_UART_setClockConfig          
00004edf  sensor_is_line_detected         
00004ef1  __TI_decompress_none            
00004f05  DL_Timer_setCaptureCompareValue 
00004f15  ball_pid_set_target3            
00004f25  ball_pid_set_target             
00004f35  encoder_init                    
00004f45  sensor_set_mask                 
00004f51  stepper_disable                 
00004f5d  stepper_enable                  
00004f69  DL_Common_delayCycles           
00004f75  __aeabi_memcpy                  
00004f75  __aeabi_memcpy4                 
00004f75  __aeabi_memcpy8                 
00004f7d  abort                           
00004f82  C$$EXIT                         
00004f83  HOSTexit                        
00004f87  Reset_Handler                   
00004f8b  _system_pre_init                
00005698  __TI_Handler_Table_Base         
000056a4  __TI_Handler_Table_Limit        
000056ac  __TI_CINIT_Base                 
000056bc  __TI_CINIT_Limit                
000056bc  __TI_CINIT_Warm                 
20200000  __start___llvm_prf_bits         
20200000  __start___llvm_prf_cnts         
20200000  __stop___llvm_prf_bits          
20200000  __stop___llvm_prf_cnts          
20200000  g_ball_pid                      
20200058  g_ball_pid3                     
202000e0  g_pid_line                      
20200110  g_enc_l_cnt                     
20200114  g_enc_r_cnt                     
20200140  g_ball_x                        
20200142  g_ball_y                        
2020015a  g_ball_valid                    
20207e00  __stack                         
20208000  __STACK_END                     
ffffffff  __TI_pprof_out_hndl             
ffffffff  __TI_prof_data_size             
ffffffff  __TI_prof_data_start            
ffffffff  __binit__                       
ffffffff  binit                           
UNDEFED   __mpu_init                      
UNDEFED   _system_post_cinit              

[169 symbols]
