<?xml version="1.0" encoding="ISO-8859-1" ?>
<link_info>
   <banner>TI ARM Clang Linker PC v4.0.4.LTS</banner>
   <copyright>Copyright (c) 1996-2018 Texas Instruments Incorporated</copyright>
   <command_line>E:\CCSIDE\ccs\tools\compiler\ti-cgt-armllvm_4.0.4.LTS\bin\tiarmlnk -IE:\CCSIDE\ccs\tools\compiler\ti-cgt-armllvm_4.0.4.LTS\lib -o empty_LP_MSPM0G3507_nortos_ticlang_2.out -mempty_LP_MSPM0G3507_nortos_ticlang_2.map -iE:/CCSIDE/mspm0_sdk_2_10_00_04/source -iD:/CCS_Projects/empty_LP_MSPM0G3507_nortos_ticlang_2 -iD:/CCS_Projects/empty_LP_MSPM0G3507_nortos_ticlang_2/Debug/syscfg -iE:/CCSIDE/ccs/tools/compiler/ti-cgt-armllvm_4.0.4.LTS/lib --diag_wrap=off --display_error_number --warn_sections --xml_link_info=empty_LP_MSPM0G3507_nortos_ticlang_2_linkInfo.xml --rom_model ./ball_pid.o ./bmi160.o ./empty.o ./ti_msp_dl_config.o ./startup_mspm0g350x_ticlang.o ./encoder.o ./gyro.o ./lcd.o ./main.o ./motor.o ./pid.o ./sensor.o ./state_machine.o ./stepper.o ./vision.o -l./device_linker.cmd -ldevice.cmd.genlibs -llibc.a --start-group -llibc++.a -llibc++abi.a -llibc.a -llibsys.a -llibsysbm.a -llibclang_rt.builtins.a -llibclang_rt.profile.a --end-group --cg_opt_level=2</command_line>
   <link_time>0x6a7e116a</link_time>
   <link_errors>0x0</link_errors>
   <output_file>D:\CCS_Projects\empty_LP_MSPM0G3507_nortos_ticlang_2\Debug\empty_LP_MSPM0G3507_nortos_ticlang_2.out</output_file>
   <entry_point>
      <name>_c_int00_noargs</name>
      <address>0x4d1d</address>
   </entry_point>
   <input_file_list>
      <input_file id="fl-1">
         <path>D:\CCS_Projects\empty_LP_MSPM0G3507_nortos_ticlang_2\Debug\.\</path>
         <kind>object</kind>
         <file>ball_pid.o</file>
         <name>ball_pid.o</name>
      </input_file>
      <input_file id="fl-2">
         <path>D:\CCS_Projects\empty_LP_MSPM0G3507_nortos_ticlang_2\Debug\.\</path>
         <kind>object</kind>
         <file>bmi160.o</file>
         <name>bmi160.o</name>
      </input_file>
      <input_file id="fl-3">
         <path>D:\CCS_Projects\empty_LP_MSPM0G3507_nortos_ticlang_2\Debug\.\</path>
         <kind>object</kind>
         <file>empty.o</file>
         <name>empty.o</name>
      </input_file>
      <input_file id="fl-4">
         <path>D:\CCS_Projects\empty_LP_MSPM0G3507_nortos_ticlang_2\Debug\.\</path>
         <kind>object</kind>
         <file>ti_msp_dl_config.o</file>
         <name>ti_msp_dl_config.o</name>
      </input_file>
      <input_file id="fl-5">
         <path>D:\CCS_Projects\empty_LP_MSPM0G3507_nortos_ticlang_2\Debug\.\</path>
         <kind>object</kind>
         <file>startup_mspm0g350x_ticlang.o</file>
         <name>startup_mspm0g350x_ticlang.o</name>
      </input_file>
      <input_file id="fl-6">
         <path>D:\CCS_Projects\empty_LP_MSPM0G3507_nortos_ticlang_2\Debug\.\</path>
         <kind>object</kind>
         <file>encoder.o</file>
         <name>encoder.o</name>
      </input_file>
      <input_file id="fl-7">
         <path>D:\CCS_Projects\empty_LP_MSPM0G3507_nortos_ticlang_2\Debug\.\</path>
         <kind>object</kind>
         <file>gyro.o</file>
         <name>gyro.o</name>
      </input_file>
      <input_file id="fl-8">
         <path>D:\CCS_Projects\empty_LP_MSPM0G3507_nortos_ticlang_2\Debug\.\</path>
         <kind>object</kind>
         <file>lcd.o</file>
         <name>lcd.o</name>
      </input_file>
      <input_file id="fl-9">
         <path>D:\CCS_Projects\empty_LP_MSPM0G3507_nortos_ticlang_2\Debug\.\</path>
         <kind>object</kind>
         <file>main.o</file>
         <name>main.o</name>
      </input_file>
      <input_file id="fl-a">
         <path>D:\CCS_Projects\empty_LP_MSPM0G3507_nortos_ticlang_2\Debug\.\</path>
         <kind>object</kind>
         <file>motor.o</file>
         <name>motor.o</name>
      </input_file>
      <input_file id="fl-b">
         <path>D:\CCS_Projects\empty_LP_MSPM0G3507_nortos_ticlang_2\Debug\.\</path>
         <kind>object</kind>
         <file>pid.o</file>
         <name>pid.o</name>
      </input_file>
      <input_file id="fl-c">
         <path>D:\CCS_Projects\empty_LP_MSPM0G3507_nortos_ticlang_2\Debug\.\</path>
         <kind>object</kind>
         <file>sensor.o</file>
         <name>sensor.o</name>
      </input_file>
      <input_file id="fl-d">
         <path>D:\CCS_Projects\empty_LP_MSPM0G3507_nortos_ticlang_2\Debug\.\</path>
         <kind>object</kind>
         <file>state_machine.o</file>
         <name>state_machine.o</name>
      </input_file>
      <input_file id="fl-e">
         <path>D:\CCS_Projects\empty_LP_MSPM0G3507_nortos_ticlang_2\Debug\.\</path>
         <kind>object</kind>
         <file>stepper.o</file>
         <name>stepper.o</name>
      </input_file>
      <input_file id="fl-f">
         <path>D:\CCS_Projects\empty_LP_MSPM0G3507_nortos_ticlang_2\Debug\.\</path>
         <kind>object</kind>
         <file>vision.o</file>
         <name>vision.o</name>
      </input_file>
      <input_file id="fl-1c">
         <path>D:\CCS_Projects\empty_LP_MSPM0G3507_nortos_ticlang_2\Debug\</path>
         <kind>object</kind>
         <file>&lt;internal&gt;</file>
         <name>&lt;internal&gt;</name>
      </input_file>
      <input_file id="fl-1d">
         <path>E:\CCSIDE\mspm0_sdk_2_10_00_04\source\ti\driverlib\lib\ticlang\m0p\mspm0g1x0x_g3x0x\</path>
         <kind>archive</kind>
         <file>driverlib.a</file>
         <name>dl_common.o</name>
      </input_file>
      <input_file id="fl-1e">
         <path>E:\CCSIDE\mspm0_sdk_2_10_00_04\source\ti\driverlib\lib\ticlang\m0p\mspm0g1x0x_g3x0x\</path>
         <kind>archive</kind>
         <file>driverlib.a</file>
         <name>dl_timer.o</name>
      </input_file>
      <input_file id="fl-1f">
         <path>E:\CCSIDE\mspm0_sdk_2_10_00_04\source\ti\driverlib\lib\ticlang\m0p\mspm0g1x0x_g3x0x\</path>
         <kind>archive</kind>
         <file>driverlib.a</file>
         <name>dl_uart.o</name>
      </input_file>
      <input_file id="fl-36">
         <path>E:\CCSIDE\ccs\tools\compiler\ti-cgt-armllvm_4.0.4.LTS\lib\armv6m-ti-none-eabi\c\</path>
         <kind>archive</kind>
         <file>libc.a</file>
         <name>boot_cortex_m.c.obj</name>
      </input_file>
      <input_file id="fl-37">
         <path>E:\CCSIDE\ccs\tools\compiler\ti-cgt-armllvm_4.0.4.LTS\lib\armv6m-ti-none-eabi\c\</path>
         <kind>archive</kind>
         <file>libc.a</file>
         <name>mathacl_init.c.obj</name>
      </input_file>
      <input_file id="fl-38">
         <path>E:\CCSIDE\ccs\tools\compiler\ti-cgt-armllvm_4.0.4.LTS\lib\armv6m-ti-none-eabi\c\</path>
         <kind>archive</kind>
         <file>libc.a</file>
         <name>autoinit.c.obj</name>
      </input_file>
      <input_file id="fl-39">
         <path>E:\CCSIDE\ccs\tools\compiler\ti-cgt-armllvm_4.0.4.LTS\lib\armv6m-ti-none-eabi\c\</path>
         <kind>archive</kind>
         <file>libc.a</file>
         <name>pre_init.c.obj</name>
      </input_file>
      <input_file id="fl-3a">
         <path>E:\CCSIDE\ccs\tools\compiler\ti-cgt-armllvm_4.0.4.LTS\lib\armv6m-ti-none-eabi\c\</path>
         <kind>archive</kind>
         <file>libc.a</file>
         <name>cpy_tbl.c.obj</name>
      </input_file>
      <input_file id="fl-3b">
         <path>E:\CCSIDE\ccs\tools\compiler\ti-cgt-armllvm_4.0.4.LTS\lib\armv6m-ti-none-eabi\c\</path>
         <kind>archive</kind>
         <file>libc.a</file>
         <name>copy_zero_init.c.obj</name>
      </input_file>
      <input_file id="fl-3c">
         <path>E:\CCSIDE\ccs\tools\compiler\ti-cgt-armllvm_4.0.4.LTS\lib\armv6m-ti-none-eabi\c\</path>
         <kind>archive</kind>
         <file>libc.a</file>
         <name>copy_decompress_none.c.obj</name>
      </input_file>
      <input_file id="fl-3d">
         <path>E:\CCSIDE\ccs\tools\compiler\ti-cgt-armllvm_4.0.4.LTS\lib\armv6m-ti-none-eabi\c\</path>
         <kind>archive</kind>
         <file>libc.a</file>
         <name>copy_decompress_lzss.c.obj</name>
      </input_file>
      <input_file id="fl-3e">
         <path>E:\CCSIDE\ccs\tools\compiler\ti-cgt-armllvm_4.0.4.LTS\lib\armv6m-ti-none-eabi\c\</path>
         <kind>archive</kind>
         <file>libc.a</file>
         <name>exit.c.obj</name>
      </input_file>
      <input_file id="fl-3f">
         <path>E:\CCSIDE\ccs\tools\compiler\ti-cgt-armllvm_4.0.4.LTS\lib\armv6m-ti-none-eabi\c\</path>
         <kind>archive</kind>
         <file>libc.a</file>
         <name>_lock.c.obj</name>
      </input_file>
      <input_file id="fl-40">
         <path>E:\CCSIDE\ccs\tools\compiler\ti-cgt-armllvm_4.0.4.LTS\lib\armv6m-ti-none-eabi\c\</path>
         <kind>archive</kind>
         <file>libc.a</file>
         <name>args_main.c.obj</name>
      </input_file>
      <input_file id="fl-e0">
         <path>E:\CCSIDE\ccs\tools\compiler\ti-cgt-armllvm_4.0.4.LTS\lib\armv6m-ti-none-eabi\c\</path>
         <kind>archive</kind>
         <file>libsysbm.a</file>
         <name>hostexit.c.obj</name>
      </input_file>
      <input_file id="fl-e1">
         <path>E:\CCSIDE\ccs\tools\compiler\ti-cgt-armllvm_4.0.4.LTS\lib\armv6m-ti-none-eabi\</path>
         <kind>archive</kind>
         <file>libclang_rt.builtins.a</file>
         <name>addsf3.S.obj</name>
      </input_file>
      <input_file id="fl-e2">
         <path>E:\CCSIDE\ccs\tools\compiler\ti-cgt-armllvm_4.0.4.LTS\lib\armv6m-ti-none-eabi\</path>
         <kind>archive</kind>
         <file>libclang_rt.builtins.a</file>
         <name>mulsf3.S.obj</name>
      </input_file>
      <input_file id="fl-e3">
         <path>E:\CCSIDE\ccs\tools\compiler\ti-cgt-armllvm_4.0.4.LTS\lib\armv6m-ti-none-eabi\</path>
         <kind>archive</kind>
         <file>libclang_rt.builtins.a</file>
         <name>divsf3.S.obj</name>
      </input_file>
      <input_file id="fl-e4">
         <path>E:\CCSIDE\ccs\tools\compiler\ti-cgt-armllvm_4.0.4.LTS\lib\armv6m-ti-none-eabi\</path>
         <kind>archive</kind>
         <file>libclang_rt.builtins.a</file>
         <name>fixsfsi.S.obj</name>
      </input_file>
      <input_file id="fl-e5">
         <path>E:\CCSIDE\ccs\tools\compiler\ti-cgt-armllvm_4.0.4.LTS\lib\armv6m-ti-none-eabi\</path>
         <kind>archive</kind>
         <file>libclang_rt.builtins.a</file>
         <name>floatsisf.S.obj</name>
      </input_file>
      <input_file id="fl-e6">
         <path>E:\CCSIDE\ccs\tools\compiler\ti-cgt-armllvm_4.0.4.LTS\lib\armv6m-ti-none-eabi\</path>
         <kind>archive</kind>
         <file>libclang_rt.builtins.a</file>
         <name>floatunsisf.S.obj</name>
      </input_file>
      <input_file id="fl-e7">
         <path>E:\CCSIDE\ccs\tools\compiler\ti-cgt-armllvm_4.0.4.LTS\lib\armv6m-ti-none-eabi\</path>
         <kind>archive</kind>
         <file>libclang_rt.builtins.a</file>
         <name>aeabi_fcmp.S.obj</name>
      </input_file>
      <input_file id="fl-e8">
         <path>E:\CCSIDE\ccs\tools\compiler\ti-cgt-armllvm_4.0.4.LTS\lib\armv6m-ti-none-eabi\</path>
         <kind>archive</kind>
         <file>libclang_rt.builtins.a</file>
         <name>aeabi_idivmod.S.obj</name>
      </input_file>
      <input_file id="fl-e9">
         <path>E:\CCSIDE\ccs\tools\compiler\ti-cgt-armllvm_4.0.4.LTS\lib\armv6m-ti-none-eabi\</path>
         <kind>archive</kind>
         <file>libclang_rt.builtins.a</file>
         <name>aeabi_memcpy.S.obj</name>
      </input_file>
      <input_file id="fl-ea">
         <path>E:\CCSIDE\ccs\tools\compiler\ti-cgt-armllvm_4.0.4.LTS\lib\armv6m-ti-none-eabi\</path>
         <kind>archive</kind>
         <file>libclang_rt.builtins.a</file>
         <name>aeabi_memset.S.obj</name>
      </input_file>
      <input_file id="fl-eb">
         <path>E:\CCSIDE\ccs\tools\compiler\ti-cgt-armllvm_4.0.4.LTS\lib\armv6m-ti-none-eabi\</path>
         <kind>archive</kind>
         <file>libclang_rt.builtins.a</file>
         <name>aeabi_uidivmod.S.obj</name>
      </input_file>
      <input_file id="fl-ec">
         <path>E:\CCSIDE\ccs\tools\compiler\ti-cgt-armllvm_4.0.4.LTS\lib\armv6m-ti-none-eabi\</path>
         <kind>archive</kind>
         <file>libclang_rt.builtins.a</file>
         <name>comparesf2.S.obj</name>
      </input_file>
      <input_file id="fl-ed">
         <path>E:\CCSIDE\ccs\tools\compiler\ti-cgt-armllvm_4.0.4.LTS\lib\armv6m-ti-none-eabi\</path>
         <kind>archive</kind>
         <file>libclang_rt.builtins.a</file>
         <name>muldsi3.S.obj</name>
      </input_file>
      <input_file id="fl-ee">
         <path>E:\CCSIDE\ccs\tools\compiler\ti-cgt-armllvm_4.0.4.LTS\lib\armv6m-ti-none-eabi\</path>
         <kind>archive</kind>
         <file>libclang_rt.builtins.a</file>
         <name>aeabi_div0.c.obj</name>
      </input_file>
      <input_file id="fl-ef">
         <path>E:\CCSIDE\ccs\tools\compiler\ti-cgt-armllvm_4.0.4.LTS\lib\armv6m-ti-none-eabi\c\</path>
         <kind>archive</kind>
         <file>libc.a</file>
         <name>memcpy16.S.obj</name>
      </input_file>
      <input_file id="fl-f0">
         <path>E:\CCSIDE\ccs\tools\compiler\ti-cgt-armllvm_4.0.4.LTS\lib\armv6m-ti-none-eabi\c\</path>
         <kind>archive</kind>
         <file>libc.a</file>
         <name>memset16.S.obj</name>
      </input_file>
   </input_file_list>
   <object_component_list>
      <object_component id="oc-18">
         <name>.intvecs</name>
         <load_address>0x0</load_address>
         <readonly>true</readonly>
         <run_address>0x0</run_address>
         <size>0xc0</size>
         <alignment>0x4</alignment>
         <input_file_ref idref="fl-5"/>
      </object_component>
      <object_component id="oc-9b">
         <name>.text.main</name>
         <load_address>0xc0</load_address>
         <readonly>true</readonly>
         <executable>true</executable>
         <run_address>0xc0</run_address>
         <size>0x19ac</size>
         <alignment>0x4</alignment>
         <input_file_ref idref="fl-9"/>
      </object_component>
      <object_component id="oc-c9">
         <name>.text.lcd_init</name>
         <load_address>0x1a6c</load_address>
         <readonly>true</readonly>
         <executable>true</executable>
         <run_address>0x1a6c</run_address>
         <size>0xebc</size>
         <alignment>0x4</alignment>
         <input_file_ref idref="fl-8"/>
      </object_component>
      <object_component id="oc-d2">
         <name>.text.lcd_putc_big</name>
         <load_address>0x2928</load_address>
         <readonly>true</readonly>
         <executable>true</executable>
         <run_address>0x2928</run_address>
         <size>0x388</size>
         <alignment>0x4</alignment>
         <input_file_ref idref="fl-8"/>
      </object_component>
      <object_component id="oc-1be">
         <name>.text.lcd_putc</name>
         <load_address>0x2cb0</load_address>
         <readonly>true</readonly>
         <executable>true</executable>
         <run_address>0x2cb0</run_address>
         <size>0x32c</size>
         <alignment>0x4</alignment>
         <input_file_ref idref="fl-8"/>
      </object_component>
      <object_component id="oc-1b9">
         <name>.text.sensor_get_position</name>
         <load_address>0x2fdc</load_address>
         <readonly>true</readonly>
         <executable>true</executable>
         <run_address>0x2fdc</run_address>
         <size>0x24c</size>
         <alignment>0x4</alignment>
         <input_file_ref idref="fl-c"/>
      </object_component>
      <object_component id="oc-cf">
         <name>.text.lcd_clear</name>
         <load_address>0x3228</load_address>
         <readonly>true</readonly>
         <executable>true</executable>
         <run_address>0x3228</run_address>
         <size>0x1cc</size>
         <alignment>0x4</alignment>
         <input_file_ref idref="fl-8"/>
      </object_component>
      <object_component id="oc-116">
         <name>.text.line_follow_speed</name>
         <load_address>0x33f4</load_address>
         <readonly>true</readonly>
         <executable>true</executable>
         <run_address>0x33f4</run_address>
         <size>0x128</size>
         <alignment>0x4</alignment>
         <input_file_ref idref="fl-9"/>
      </object_component>
      <object_component id="oc-132">
         <name>.text.ball_pid_cascade_run3</name>
         <load_address>0x351c</load_address>
         <readonly>true</readonly>
         <executable>true</executable>
         <run_address>0x351c</run_address>
         <size>0x118</size>
         <alignment>0x4</alignment>
         <input_file_ref idref="fl-1"/>
      </object_component>
      <object_component id="oc-112">
         <name>.text.ball_pid_cascade_run</name>
         <load_address>0x3634</load_address>
         <readonly>true</readonly>
         <executable>true</executable>
         <run_address>0x3634</run_address>
         <size>0x118</size>
         <alignment>0x4</alignment>
         <input_file_ref idref="fl-1"/>
      </object_component>
      <object_component id="oc-18f">
         <name>.text.lcd_data16</name>
         <load_address>0x374c</load_address>
         <readonly>true</readonly>
         <executable>true</executable>
         <run_address>0x374c</run_address>
         <size>0x110</size>
         <alignment>0x4</alignment>
         <input_file_ref idref="fl-8"/>
      </object_component>
      <object_component id="oc-1db">
         <name>.text.DL_Timer_initFourCCPWMMode</name>
         <load_address>0x385c</load_address>
         <readonly>true</readonly>
         <executable>true</executable>
         <run_address>0x385c</run_address>
         <size>0x104</size>
         <alignment>0x4</alignment>
         <input_file_ref idref="fl-1e"/>
      </object_component>
      <object_component id="oc-1e0">
         <name>.text.DL_Timer_initTimerMode</name>
         <load_address>0x3960</load_address>
         <readonly>true</readonly>
         <executable>true</executable>
         <run_address>0x3960</run_address>
         <size>0xfc</size>
         <alignment>0x4</alignment>
         <input_file_ref idref="fl-1e"/>
      </object_component>
      <object_component id="oc-131">
         <name>.text.lcd_print_int</name>
         <load_address>0x3a5c</load_address>
         <readonly>true</readonly>
         <executable>true</executable>
         <run_address>0x3a5c</run_address>
         <size>0xf8</size>
         <alignment>0x2</alignment>
         <input_file_ref idref="fl-8"/>
      </object_component>
      <object_component id="oc-f8">
         <name>.text.lcd_print_int_big</name>
         <load_address>0x3b54</load_address>
         <readonly>true</readonly>
         <executable>true</executable>
         <run_address>0x3b54</run_address>
         <size>0xf8</size>
         <alignment>0x2</alignment>
         <input_file_ref idref="fl-8"/>
      </object_component>
      <object_component id="oc-18a">
         <name>.text.lcd_window</name>
         <load_address>0x3c4c</load_address>
         <readonly>true</readonly>
         <executable>true</executable>
         <run_address>0x3c4c</run_address>
         <size>0xe8</size>
         <alignment>0x4</alignment>
         <input_file_ref idref="fl-8"/>
      </object_component>
      <object_component id="oc-13f">
         <name>.text.line_follow</name>
         <load_address>0x3d34</load_address>
         <readonly>true</readonly>
         <executable>true</executable>
         <run_address>0x3d34</run_address>
         <size>0xe8</size>
         <alignment>0x4</alignment>
         <input_file_ref idref="fl-9"/>
      </object_component>
      <object_component id="oc-3b">
         <name>.text.UART3_IRQHandler</name>
         <load_address>0x3e1c</load_address>
         <readonly>true</readonly>
         <executable>true</executable>
         <run_address>0x3e1c</run_address>
         <size>0xdc</size>
         <alignment>0x4</alignment>
         <input_file_ref idref="fl-c"/>
      </object_component>
      <object_component id="oc-ec">
         <name>.text</name>
         <load_address>0x3ef8</load_address>
         <readonly>true</readonly>
         <executable>true</executable>
         <run_address>0x3ef8</run_address>
         <size>0xd8</size>
         <alignment>0x4</alignment>
         <input_file_ref idref="fl-e1"/>
      </object_component>
      <object_component id="oc-180">
         <name>.text.SYSCFG_DL_GPIO_init</name>
         <load_address>0x3fd0</load_address>
         <readonly>true</readonly>
         <executable>true</executable>
         <run_address>0x3fd0</run_address>
         <size>0xc0</size>
         <alignment>0x4</alignment>
         <input_file_ref idref="fl-4"/>
      </object_component>
      <object_component id="oc-46">
         <name>.text.UART2_IRQHandler</name>
         <load_address>0x4090</load_address>
         <readonly>true</readonly>
         <executable>true</executable>
         <run_address>0x4090</run_address>
         <size>0xc0</size>
         <alignment>0x4</alignment>
         <input_file_ref idref="fl-7"/>
      </object_component>
      <object_component id="oc-7a">
         <name>.text.vision_parse_byte</name>
         <load_address>0x4150</load_address>
         <readonly>true</readonly>
         <executable>true</executable>
         <run_address>0x4150</run_address>
         <size>0xbc</size>
         <alignment>0x4</alignment>
         <input_file_ref idref="fl-f"/>
      </object_component>
      <object_component id="oc-d8">
         <name>.text.sensor_init</name>
         <load_address>0x420c</load_address>
         <readonly>true</readonly>
         <executable>true</executable>
         <run_address>0x420c</run_address>
         <size>0xb4</size>
         <alignment>0x4</alignment>
         <input_file_ref idref="fl-c"/>
      </object_component>
      <object_component id="oc-e7">
         <name>.text.vision_init</name>
         <load_address>0x42c0</load_address>
         <readonly>true</readonly>
         <executable>true</executable>
         <run_address>0x42c0</run_address>
         <size>0xb4</size>
         <alignment>0x4</alignment>
         <input_file_ref idref="fl-f"/>
      </object_component>
      <object_component id="oc-14d">
         <name>.text.motor_set</name>
         <load_address>0x4374</load_address>
         <readonly>true</readonly>
         <executable>true</executable>
         <run_address>0x4374</run_address>
         <size>0x9c</size>
         <alignment>0x4</alignment>
         <input_file_ref idref="fl-a"/>
      </object_component>
      <object_component id="oc-bb">
         <name>.text:memcpy</name>
         <load_address>0x4410</load_address>
         <readonly>true</readonly>
         <executable>true</executable>
         <run_address>0x4410</run_address>
         <size>0x9a</size>
         <alignment>0x1</alignment>
         <input_file_ref idref="fl-ef"/>
      </object_component>
      <object_component id="oc-33">
         <name>.text.Default_Handler</name>
         <load_address>0x44aa</load_address>
         <readonly>true</readonly>
         <executable>true</executable>
         <run_address>0x44aa</run_address>
         <size>0x2</size>
         <alignment>0x2</alignment>
         <input_file_ref idref="fl-5"/>
      </object_component>
      <object_component id="oc-10f">
         <name>.text.encoder_update</name>
         <load_address>0x44ac</load_address>
         <readonly>true</readonly>
         <executable>true</executable>
         <run_address>0x44ac</run_address>
         <size>0x98</size>
         <alignment>0x4</alignment>
         <input_file_ref idref="fl-6"/>
      </object_component>
      <object_component id="oc-183">
         <name>.text.SYSCFG_DL_MOTOR_L_PWM_init</name>
         <load_address>0x4544</load_address>
         <readonly>true</readonly>
         <executable>true</executable>
         <run_address>0x4544</run_address>
         <size>0x90</size>
         <alignment>0x4</alignment>
         <input_file_ref idref="fl-4"/>
      </object_component>
      <object_component id="oc-82">
         <name>.text.__mulsf3</name>
         <load_address>0x45d4</load_address>
         <readonly>true</readonly>
         <executable>true</executable>
         <run_address>0x45d4</run_address>
         <size>0x8c</size>
         <alignment>0x4</alignment>
         <input_file_ref idref="fl-e2"/>
      </object_component>
      <object_component id="oc-f0">
         <name>.text.__divsf3</name>
         <load_address>0x4660</load_address>
         <readonly>true</readonly>
         <executable>true</executable>
         <run_address>0x4660</run_address>
         <size>0x82</size>
         <alignment>0x4</alignment>
         <input_file_ref idref="fl-e3"/>
      </object_component>
      <object_component id="oc-19f">
         <name>.text.__aeabi_idiv0</name>
         <load_address>0x46e2</load_address>
         <readonly>true</readonly>
         <executable>true</executable>
         <run_address>0x46e2</run_address>
         <size>0x2</size>
         <alignment>0x2</alignment>
         <input_file_ref idref="fl-ee"/>
      </object_component>
      <object_component id="oc-1c">
         <name>.text:decompress:lzss</name>
         <load_address>0x46e4</load_address>
         <readonly>true</readonly>
         <executable>true</executable>
         <run_address>0x46e4</run_address>
         <size>0x7c</size>
         <alignment>0x4</alignment>
         <input_file_ref idref="fl-3d"/>
      </object_component>
      <object_component id="oc-fd">
         <name>.text.ball_pid_init</name>
         <load_address>0x4760</load_address>
         <readonly>true</readonly>
         <executable>true</executable>
         <run_address>0x4760</run_address>
         <size>0x6c</size>
         <alignment>0x4</alignment>
         <input_file_ref idref="fl-1"/>
      </object_component>
      <object_component id="oc-125">
         <name>.text.ball_pid_init3</name>
         <load_address>0x47cc</load_address>
         <readonly>true</readonly>
         <executable>true</executable>
         <run_address>0x47cc</run_address>
         <size>0x68</size>
         <alignment>0x4</alignment>
         <input_file_ref idref="fl-1"/>
      </object_component>
      <object_component id="oc-10b">
         <name>.text.__aeabi_fcmp</name>
         <load_address>0x4834</load_address>
         <readonly>true</readonly>
         <executable>true</executable>
         <run_address>0x4834</run_address>
         <size>0x62</size>
         <alignment>0x4</alignment>
         <input_file_ref idref="fl-e7"/>
      </object_component>
      <object_component id="oc-f9">
         <name>.text.__aeabi_idivmod</name>
         <load_address>0x4898</load_address>
         <readonly>true</readonly>
         <executable>true</executable>
         <run_address>0x4898</run_address>
         <size>0x56</size>
         <alignment>0x4</alignment>
         <input_file_ref idref="fl-e8"/>
      </object_component>
      <object_component id="oc-12d">
         <name>.text.DL_UART_init</name>
         <load_address>0x48f0</load_address>
         <readonly>true</readonly>
         <executable>true</executable>
         <run_address>0x48f0</run_address>
         <size>0x48</size>
         <alignment>0x4</alignment>
         <input_file_ref idref="fl-1f"/>
      </object_component>
      <object_component id="oc-e1">
         <name>.text.sensor_read_all</name>
         <load_address>0x4938</load_address>
         <readonly>true</readonly>
         <executable>true</executable>
         <run_address>0x4938</run_address>
         <size>0x48</size>
         <alignment>0x4</alignment>
         <input_file_ref idref="fl-c"/>
      </object_component>
      <object_component id="oc-181">
         <name>.text.SYSCFG_DL_SYSCTL_init</name>
         <load_address>0x4980</load_address>
         <readonly>true</readonly>
         <executable>true</executable>
         <run_address>0x4980</run_address>
         <size>0x40</size>
         <alignment>0x4</alignment>
         <input_file_ref idref="fl-4"/>
      </object_component>
      <object_component id="oc-17f">
         <name>.text.SYSCFG_DL_initPower</name>
         <load_address>0x49c0</load_address>
         <readonly>true</readonly>
         <executable>true</executable>
         <run_address>0x49c0</run_address>
         <size>0x40</size>
         <alignment>0x4</alignment>
         <input_file_ref idref="fl-4"/>
      </object_component>
      <object_component id="oc-19b">
         <name>.text.__aeabi_uidivmod</name>
         <load_address>0x4a00</load_address>
         <readonly>true</readonly>
         <executable>true</executable>
         <run_address>0x4a00</run_address>
         <size>0x40</size>
         <alignment>0x4</alignment>
         <input_file_ref idref="fl-eb"/>
      </object_component>
      <object_component id="oc-7e">
         <name>.text.__floatsisf</name>
         <load_address>0x4a40</load_address>
         <readonly>true</readonly>
         <executable>true</executable>
         <run_address>0x4a40</run_address>
         <size>0x3c</size>
         <alignment>0x4</alignment>
         <input_file_ref idref="fl-e5"/>
      </object_component>
      <object_component id="oc-1b2">
         <name>.text.__gtsf2</name>
         <load_address>0x4a7c</load_address>
         <readonly>true</readonly>
         <executable>true</executable>
         <run_address>0x4a7c</run_address>
         <size>0x3c</size>
         <alignment>0x4</alignment>
         <input_file_ref idref="fl-ec"/>
      </object_component>
      <object_component id="oc-165">
         <name>.text:__TI_auto_init_nobinit_nopinit</name>
         <load_address>0x4ab8</load_address>
         <readonly>true</readonly>
         <executable>true</executable>
         <run_address>0x4ab8</run_address>
         <size>0x3c</size>
         <alignment>0x4</alignment>
         <input_file_ref idref="fl-38"/>
      </object_component>
      <object_component id="oc-1ad">
         <name>.text.__eqsf2</name>
         <load_address>0x4af4</load_address>
         <readonly>true</readonly>
         <executable>true</executable>
         <run_address>0x4af4</run_address>
         <size>0x3a</size>
         <alignment>0x4</alignment>
         <input_file_ref idref="fl-ec"/>
      </object_component>
      <object_component id="oc-b1">
         <name>.text.__muldsi3</name>
         <load_address>0x4b30</load_address>
         <readonly>true</readonly>
         <executable>true</executable>
         <run_address>0x4b30</run_address>
         <size>0x3a</size>
         <alignment>0x4</alignment>
         <input_file_ref idref="fl-ed"/>
      </object_component>
      <object_component id="oc-184">
         <name>.text.SYSCFG_DL_CTRL_TIMER_init</name>
         <load_address>0x4b6c</load_address>
         <readonly>true</readonly>
         <executable>true</executable>
         <run_address>0x4b6c</run_address>
         <size>0x38</size>
         <alignment>0x4</alignment>
         <input_file_ref idref="fl-4"/>
      </object_component>
      <object_component id="oc-f4">
         <name>.text.__fixsfsi</name>
         <load_address>0x4ba4</load_address>
         <readonly>true</readonly>
         <executable>true</executable>
         <run_address>0x4ba4</run_address>
         <size>0x38</size>
         <alignment>0x4</alignment>
         <input_file_ref idref="fl-e4"/>
      </object_component>
      <object_component id="oc-107">
         <name>.text.encoder_reset_distance</name>
         <load_address>0x4bdc</load_address>
         <readonly>true</readonly>
         <executable>true</executable>
         <run_address>0x4bdc</run_address>
         <size>0x34</size>
         <alignment>0x4</alignment>
         <input_file_ref idref="fl-6"/>
      </object_component>
      <object_component id="oc-130">
         <name>.text.lcd_puts</name>
         <load_address>0x4c10</load_address>
         <readonly>true</readonly>
         <executable>true</executable>
         <run_address>0x4c10</run_address>
         <size>0x32</size>
         <alignment>0x2</alignment>
         <input_file_ref idref="fl-8"/>
      </object_component>
      <object_component id="oc-d1">
         <name>.text.lcd_puts_big</name>
         <load_address>0x4c42</load_address>
         <readonly>true</readonly>
         <executable>true</executable>
         <run_address>0x4c42</run_address>
         <size>0x32</size>
         <alignment>0x2</alignment>
         <input_file_ref idref="fl-8"/>
      </object_component>
      <object_component id="oc-102">
         <name>.text.stepper_init</name>
         <load_address>0x4c74</load_address>
         <readonly>true</readonly>
         <executable>true</executable>
         <run_address>0x4c74</run_address>
         <size>0x30</size>
         <alignment>0x4</alignment>
         <input_file_ref idref="fl-e"/>
      </object_component>
      <object_component id="oc-34">
         <name>.text.GROUP0_IRQHandler</name>
         <load_address>0x4ca4</load_address>
         <readonly>true</readonly>
         <executable>true</executable>
         <run_address>0x4ca4</run_address>
         <size>0x28</size>
         <alignment>0x4</alignment>
         <input_file_ref idref="fl-6"/>
      </object_component>
      <object_component id="oc-3a">
         <name>.text.GROUP1_IRQHandler</name>
         <load_address>0x4ccc</load_address>
         <readonly>true</readonly>
         <executable>true</executable>
         <run_address>0x4ccc</run_address>
         <size>0x28</size>
         <alignment>0x4</alignment>
         <input_file_ref idref="fl-6"/>
      </object_component>
      <object_component id="oc-e8">
         <name>.text.__floatunsisf</name>
         <load_address>0x4cf4</load_address>
         <readonly>true</readonly>
         <executable>true</executable>
         <run_address>0x4cf4</run_address>
         <size>0x28</size>
         <alignment>0x4</alignment>
         <input_file_ref idref="fl-e6"/>
      </object_component>
      <object_component id="oc-67">
         <name>.text:_c_int00_noargs</name>
         <load_address>0x4d1c</load_address>
         <readonly>true</readonly>
         <executable>true</executable>
         <run_address>0x4d1c</run_address>
         <size>0x28</size>
         <alignment>0x4</alignment>
         <input_file_ref idref="fl-36"/>
      </object_component>
      <object_component id="oc-41">
         <name>.text.UART1_IRQHandler</name>
         <load_address>0x4d44</load_address>
         <readonly>true</readonly>
         <executable>true</executable>
         <run_address>0x4d44</run_address>
         <size>0x20</size>
         <alignment>0x4</alignment>
         <input_file_ref idref="fl-f"/>
      </object_component>
      <object_component id="oc-110">
         <name>.text.encoder_get_distance</name>
         <load_address>0x4d64</load_address>
         <readonly>true</readonly>
         <executable>true</executable>
         <run_address>0x4d64</run_address>
         <size>0x20</size>
         <alignment>0x4</alignment>
         <input_file_ref idref="fl-6"/>
      </object_component>
      <object_component id="oc-115">
         <name>.text.stepper_step</name>
         <load_address>0x4d84</load_address>
         <readonly>true</readonly>
         <executable>true</executable>
         <run_address>0x4d84</run_address>
         <size>0x20</size>
         <alignment>0x4</alignment>
         <input_file_ref idref="fl-e"/>
      </object_component>
      <object_component id="oc-1dd">
         <name>.text.DL_Timer_setCaptCompUpdateMethod</name>
         <load_address>0x4da4</load_address>
         <readonly>true</readonly>
         <executable>true</executable>
         <run_address>0x4da4</run_address>
         <size>0x1c</size>
         <alignment>0x4</alignment>
         <input_file_ref idref="fl-1e"/>
      </object_component>
      <object_component id="oc-1da">
         <name>.text.DL_Timer_setClockConfig</name>
         <load_address>0x4dc0</load_address>
         <readonly>true</readonly>
         <executable>true</executable>
         <run_address>0x4dc0</run_address>
         <size>0x1c</size>
         <alignment>0x4</alignment>
         <input_file_ref idref="fl-1e"/>
      </object_component>
      <object_component id="oc-13d">
         <name>.text.motor_brake</name>
         <load_address>0x4ddc</load_address>
         <readonly>true</readonly>
         <executable>true</executable>
         <run_address>0x4ddc</run_address>
         <size>0x1c</size>
         <alignment>0x4</alignment>
         <input_file_ref idref="fl-a"/>
      </object_component>
      <object_component id="oc-e0">
         <name>.text.motor_coast</name>
         <load_address>0x4df8</load_address>
         <readonly>true</readonly>
         <executable>true</executable>
         <run_address>0x4df8</run_address>
         <size>0x1c</size>
         <alignment>0x4</alignment>
         <input_file_ref idref="fl-a"/>
      </object_component>
      <object_component id="oc-113">
         <name>.text.stepper_set_speed</name>
         <load_address>0x4e14</load_address>
         <readonly>true</readonly>
         <executable>true</executable>
         <run_address>0x4e14</run_address>
         <size>0x1c</size>
         <alignment>0x4</alignment>
         <input_file_ref idref="fl-e"/>
      </object_component>
      <object_component id="oc-1dc">
         <name>.text.DL_Timer_setCaptureCompareOutCtl</name>
         <load_address>0x4e30</load_address>
         <readonly>true</readonly>
         <executable>true</executable>
         <run_address>0x4e30</run_address>
         <size>0x18</size>
         <alignment>0x4</alignment>
         <input_file_ref idref="fl-1e"/>
      </object_component>
      <object_component id="oc-c0">
         <name>.text.SYSCFG_DL_init</name>
         <load_address>0x4e48</load_address>
         <readonly>true</readonly>
         <executable>true</executable>
         <run_address>0x4e48</run_address>
         <size>0x18</size>
         <alignment>0x2</alignment>
         <input_file_ref idref="fl-4"/>
      </object_component>
      <object_component id="oc-d3">
         <name>.text.motor_init</name>
         <load_address>0x4e60</load_address>
         <readonly>true</readonly>
         <executable>true</executable>
         <run_address>0x4e60</run_address>
         <size>0x18</size>
         <alignment>0x4</alignment>
         <input_file_ref idref="fl-a"/>
      </object_component>
      <object_component id="oc-5e">
         <name>.text:decompress:ZI:__TI_zero_init_nomemset</name>
         <load_address>0x4e78</load_address>
         <readonly>true</readonly>
         <executable>true</executable>
         <run_address>0x4e78</run_address>
         <size>0x16</size>
         <alignment>0x2</alignment>
         <input_file_ref idref="fl-3b"/>
      </object_component>
      <object_component id="oc-12f">
         <name>.text.lcd_set_cursor</name>
         <load_address>0x4e90</load_address>
         <readonly>true</readonly>
         <executable>true</executable>
         <run_address>0x4e90</run_address>
         <size>0x14</size>
         <alignment>0x4</alignment>
         <input_file_ref idref="fl-8"/>
      </object_component>
      <object_component id="oc-d0">
         <name>.text.lcd_set_cursor_big</name>
         <load_address>0x4ea4</load_address>
         <readonly>true</readonly>
         <executable>true</executable>
         <run_address>0x4ea4</run_address>
         <size>0x14</size>
         <alignment>0x4</alignment>
         <input_file_ref idref="fl-8"/>
      </object_component>
      <object_component id="oc-da">
         <name>.text.pid_init</name>
         <load_address>0x4eb8</load_address>
         <readonly>true</readonly>
         <executable>true</executable>
         <run_address>0x4eb8</run_address>
         <size>0x14</size>
         <alignment>0x2</alignment>
         <input_file_ref idref="fl-b"/>
      </object_component>
      <object_component id="oc-127">
         <name>.text.DL_UART_setClockConfig</name>
         <load_address>0x4ecc</load_address>
         <readonly>true</readonly>
         <executable>true</executable>
         <run_address>0x4ecc</run_address>
         <size>0x12</size>
         <alignment>0x2</alignment>
         <input_file_ref idref="fl-1f"/>
      </object_component>
      <object_component id="oc-13e">
         <name>.text.sensor_is_line_detected</name>
         <load_address>0x4ede</load_address>
         <readonly>true</readonly>
         <executable>true</executable>
         <run_address>0x4ede</run_address>
         <size>0x12</size>
         <alignment>0x2</alignment>
         <input_file_ref idref="fl-c"/>
      </object_component>
      <object_component id="oc-20">
         <name>.text:decompress:none</name>
         <load_address>0x4ef0</load_address>
         <readonly>true</readonly>
         <executable>true</executable>
         <run_address>0x4ef0</run_address>
         <size>0x12</size>
         <alignment>0x2</alignment>
         <input_file_ref idref="fl-3c"/>
      </object_component>
      <object_component id="oc-1c3">
         <name>.text.DL_Timer_setCaptureCompareValue</name>
         <load_address>0x4f04</load_address>
         <readonly>true</readonly>
         <executable>true</executable>
         <run_address>0x4f04</run_address>
         <size>0x10</size>
         <alignment>0x4</alignment>
         <input_file_ref idref="fl-1e"/>
      </object_component>
      <object_component id="oc-126">
         <name>.text.ball_pid_set_target3</name>
         <load_address>0x4f14</load_address>
         <readonly>true</readonly>
         <executable>true</executable>
         <run_address>0x4f14</run_address>
         <size>0x10</size>
         <alignment>0x4</alignment>
         <input_file_ref idref="fl-1"/>
      </object_component>
      <object_component id="oc-108">
         <name>.text.ball_pid_set_target</name>
         <load_address>0x4f24</load_address>
         <readonly>true</readonly>
         <executable>true</executable>
         <run_address>0x4f24</run_address>
         <size>0x10</size>
         <alignment>0x4</alignment>
         <input_file_ref idref="fl-1"/>
      </object_component>
      <object_component id="oc-d9">
         <name>.text.encoder_init</name>
         <load_address>0x4f34</load_address>
         <readonly>true</readonly>
         <executable>true</executable>
         <run_address>0x4f34</run_address>
         <size>0x10</size>
         <alignment>0x4</alignment>
         <input_file_ref idref="fl-6"/>
      </object_component>
      <object_component id="oc-111">
         <name>.text.sensor_set_mask</name>
         <load_address>0x4f44</load_address>
         <readonly>true</readonly>
         <executable>true</executable>
         <run_address>0x4f44</run_address>
         <size>0xc</size>
         <alignment>0x4</alignment>
         <input_file_ref idref="fl-c"/>
      </object_component>
      <object_component id="oc-133">
         <name>.text.stepper_disable</name>
         <load_address>0x4f50</load_address>
         <readonly>true</readonly>
         <executable>true</executable>
         <run_address>0x4f50</run_address>
         <size>0xc</size>
         <alignment>0x4</alignment>
         <input_file_ref idref="fl-e"/>
      </object_component>
      <object_component id="oc-10a">
         <name>.text.stepper_enable</name>
         <load_address>0x4f5c</load_address>
         <readonly>true</readonly>
         <executable>true</executable>
         <run_address>0x4f5c</run_address>
         <size>0xc</size>
         <alignment>0x4</alignment>
         <input_file_ref idref="fl-e"/>
      </object_component>
      <object_component id="oc-c5">
         <name>.text.DL_Common_delayCycles</name>
         <load_address>0x4f68</load_address>
         <readonly>true</readonly>
         <executable>true</executable>
         <run_address>0x4f68</run_address>
         <size>0xa</size>
         <alignment>0x2</alignment>
         <input_file_ref idref="fl-1d"/>
      </object_component>
      <object_component id="oc-57">
         <name>.text.__aeabi_memcpy</name>
         <load_address>0x4f74</load_address>
         <readonly>true</readonly>
         <executable>true</executable>
         <run_address>0x4f74</run_address>
         <size>0x8</size>
         <alignment>0x4</alignment>
         <input_file_ref idref="fl-e9"/>
      </object_component>
      <object_component id="oc-15e">
         <name>.text:abort</name>
         <load_address>0x4f7c</load_address>
         <readonly>true</readonly>
         <executable>true</executable>
         <run_address>0x4f7c</run_address>
         <size>0x6</size>
         <alignment>0x2</alignment>
         <input_file_ref idref="fl-3e"/>
      </object_component>
      <object_component id="oc-1c9">
         <name>.text.HOSTexit</name>
         <load_address>0x4f82</load_address>
         <readonly>true</readonly>
         <executable>true</executable>
         <run_address>0x4f82</run_address>
         <size>0x4</size>
         <alignment>0x2</alignment>
         <input_file_ref idref="fl-e0"/>
      </object_component>
      <object_component id="oc-2f">
         <name>.text.Reset_Handler</name>
         <load_address>0x4f86</load_address>
         <readonly>true</readonly>
         <executable>true</executable>
         <run_address>0x4f86</run_address>
         <size>0x4</size>
         <alignment>0x2</alignment>
         <input_file_ref idref="fl-5"/>
      </object_component>
      <object_component id="oc-97">
         <name>.text._system_pre_init</name>
         <load_address>0x4f8a</load_address>
         <readonly>true</readonly>
         <executable>true</executable>
         <run_address>0x4f8a</run_address>
         <size>0x4</size>
         <alignment>0x2</alignment>
         <input_file_ref idref="fl-39"/>
      </object_component>
      <object_component id="oc-236">
         <name>.cinit..data.load</name>
         <load_address>0x5688</load_address>
         <readonly>true</readonly>
         <run_address>0x5688</run_address>
         <size>0xe</size>
         <alignment>0x1</alignment>
      </object_component>
      <object_component id="oc-234">
         <name>__TI_handler_table</name>
         <load_address>0x5698</load_address>
         <readonly>true</readonly>
         <run_address>0x5698</run_address>
         <size>0xc</size>
         <alignment>0x4</alignment>
      </object_component>
      <object_component id="oc-237">
         <name>.cinit..bss.load</name>
         <load_address>0x56a4</load_address>
         <readonly>true</readonly>
         <run_address>0x56a4</run_address>
         <size>0x8</size>
         <alignment>0x4</alignment>
      </object_component>
      <object_component id="oc-235">
         <name>__TI_cinit_table</name>
         <load_address>0x56ac</load_address>
         <readonly>true</readonly>
         <run_address>0x56ac</run_address>
         <size>0x10</size>
         <alignment>0x4</alignment>
      </object_component>
      <object_component id="oc-192">
         <name>.rodata.g_font_8x16</name>
         <load_address>0x4f90</load_address>
         <readonly>true</readonly>
         <run_address>0x4f90</run_address>
         <size>0x5f0</size>
         <alignment>0x1</alignment>
         <input_file_ref idref="fl-8"/>
      </object_component>
      <object_component id="oc-1e2">
         <name>.rodata.gCTRL_TIMERTimerConfig</name>
         <load_address>0x5580</load_address>
         <readonly>true</readonly>
         <run_address>0x5580</run_address>
         <size>0x14</size>
         <alignment>0x4</alignment>
         <input_file_ref idref="fl-4"/>
      </object_component>
      <object_component id="oc-e3">
         <name>.rodata.str1.10224226614597680209.1</name>
         <load_address>0x5594</load_address>
         <readonly>true</readonly>
         <run_address>0x5594</run_address>
         <size>0xe</size>
         <alignment>0x1</alignment>
         <input_file_ref idref="fl-9"/>
      </object_component>
      <object_component id="oc-e2">
         <name>.rodata.str1.403738606202455663.1</name>
         <load_address>0x55a2</load_address>
         <readonly>true</readonly>
         <run_address>0x55a2</run_address>
         <size>0xd</size>
         <alignment>0x1</alignment>
         <input_file_ref idref="fl-9"/>
      </object_component>
      <object_component id="oc-12e">
         <name>.rodata.str1.11702106008850790973.1</name>
         <load_address>0x55af</load_address>
         <readonly>true</readonly>
         <run_address>0x55af</run_address>
         <size>0xc</size>
         <alignment>0x1</alignment>
         <input_file_ref idref="fl-9"/>
      </object_component>
      <object_component id="oc-134">
         <name>.rodata.str1.10635229749459437609.1</name>
         <load_address>0x55bb</load_address>
         <readonly>true</readonly>
         <run_address>0x55bb</run_address>
         <size>0xb</size>
         <alignment>0x1</alignment>
         <input_file_ref idref="fl-9"/>
      </object_component>
      <object_component id="oc-152">
         <name>.rodata.str1.288608917962107522.1</name>
         <load_address>0x55c6</load_address>
         <readonly>true</readonly>
         <run_address>0x55c6</run_address>
         <size>0xb</size>
         <alignment>0x1</alignment>
         <input_file_ref idref="fl-9"/>
      </object_component>
      <object_component id="oc-148">
         <name>.rodata.str1.11321157723316767883.1</name>
         <load_address>0x55d1</load_address>
         <readonly>true</readonly>
         <run_address>0x55d1</run_address>
         <size>0x9</size>
         <alignment>0x1</alignment>
         <input_file_ref idref="fl-9"/>
      </object_component>
      <object_component id="oc-13c">
         <name>.rodata.str1.3530083166107438000.1</name>
         <load_address>0x55da</load_address>
         <readonly>true</readonly>
         <run_address>0x55da</run_address>
         <size>0x9</size>
         <alignment>0x1</alignment>
         <input_file_ref idref="fl-9"/>
      </object_component>
      <object_component id="oc-117">
         <name>.rodata.str1.8076846746581808073.1</name>
         <load_address>0x55e3</load_address>
         <readonly>true</readonly>
         <run_address>0x55e3</run_address>
         <size>0x9</size>
         <alignment>0x1</alignment>
         <input_file_ref idref="fl-9"/>
      </object_component>
      <object_component id="oc-1df">
         <name>.rodata.gMOTOR_L_PWMConfig</name>
         <load_address>0x55ec</load_address>
         <readonly>true</readonly>
         <run_address>0x55ec</run_address>
         <size>0x8</size>
         <alignment>0x4</alignment>
         <input_file_ref idref="fl-4"/>
      </object_component>
      <object_component id="oc-118">
         <name>.rodata.str1.10313062130652730376.1</name>
         <load_address>0x55f4</load_address>
         <readonly>true</readonly>
         <run_address>0x55f4</run_address>
         <size>0x8</size>
         <alignment>0x1</alignment>
         <input_file_ref idref="fl-9"/>
      </object_component>
      <object_component id="oc-154">
         <name>.rodata.str1.16265332423659789559.1</name>
         <load_address>0x55fc</load_address>
         <readonly>true</readonly>
         <run_address>0x55fc</run_address>
         <size>0x8</size>
         <alignment>0x1</alignment>
         <input_file_ref idref="fl-9"/>
      </object_component>
      <object_component id="oc-140">
         <name>.rodata.str1.18092426736022315238.1</name>
         <load_address>0x5604</load_address>
         <readonly>true</readonly>
         <run_address>0x5604</run_address>
         <size>0x8</size>
         <alignment>0x1</alignment>
         <input_file_ref idref="fl-9"/>
      </object_component>
      <object_component id="oc-14c">
         <name>.rodata.str1.6891813955777630061.1</name>
         <load_address>0x560c</load_address>
         <readonly>true</readonly>
         <run_address>0x560c</run_address>
         <size>0x8</size>
         <alignment>0x1</alignment>
         <input_file_ref idref="fl-9"/>
      </object_component>
      <object_component id="oc-11c">
         <name>.rodata.str1.8154729771448623357.1</name>
         <load_address>0x5614</load_address>
         <readonly>true</readonly>
         <run_address>0x5614</run_address>
         <size>0x8</size>
         <alignment>0x1</alignment>
         <input_file_ref idref="fl-9"/>
      </object_component>
      <object_component id="oc-77">
         <name>.rodata..Lswitch.table.UART3_IRQHandler</name>
         <load_address>0x561c</load_address>
         <readonly>true</readonly>
         <run_address>0x561c</run_address>
         <size>0x7</size>
         <alignment>0x1</alignment>
         <input_file_ref idref="fl-c"/>
      </object_component>
      <object_component id="oc-151">
         <name>.rodata.str1.13288086030101331538.1</name>
         <load_address>0x5623</load_address>
         <readonly>true</readonly>
         <run_address>0x5623</run_address>
         <size>0x6</size>
         <alignment>0x1</alignment>
         <input_file_ref idref="fl-9"/>
      </object_component>
      <object_component id="oc-155">
         <name>.rodata.str1.13782249893155712474.1</name>
         <load_address>0x5629</load_address>
         <readonly>true</readonly>
         <run_address>0x5629</run_address>
         <size>0x5</size>
         <alignment>0x1</alignment>
         <input_file_ref idref="fl-9"/>
      </object_component>
      <object_component id="oc-138">
         <name>.rodata.str1.16302215771116645891.1</name>
         <load_address>0x562e</load_address>
         <readonly>true</readonly>
         <run_address>0x562e</run_address>
         <size>0x5</size>
         <alignment>0x1</alignment>
         <input_file_ref idref="fl-9"/>
      </object_component>
      <object_component id="oc-153">
         <name>.rodata.str1.7702501944640899365.1</name>
         <load_address>0x5633</load_address>
         <readonly>true</readonly>
         <run_address>0x5633</run_address>
         <size>0x5</size>
         <alignment>0x1</alignment>
         <input_file_ref idref="fl-9"/>
      </object_component>
      <object_component id="oc-147">
         <name>.rodata.str1.13030671760666898970.1</name>
         <load_address>0x5638</load_address>
         <readonly>true</readonly>
         <run_address>0x5638</run_address>
         <size>0x4</size>
         <alignment>0x1</alignment>
         <input_file_ref idref="fl-9"/>
      </object_component>
      <object_component id="oc-119">
         <name>.rodata.str1.14079361385603432444.1</name>
         <load_address>0x563c</load_address>
         <readonly>true</readonly>
         <run_address>0x563c</run_address>
         <size>0x4</size>
         <alignment>0x1</alignment>
         <input_file_ref idref="fl-9"/>
      </object_component>
      <object_component id="oc-e6">
         <name>.rodata.str1.15159059442110792349.1</name>
         <load_address>0x5640</load_address>
         <readonly>true</readonly>
         <run_address>0x5640</run_address>
         <size>0x4</size>
         <alignment>0x1</alignment>
         <input_file_ref idref="fl-9"/>
      </object_component>
      <object_component id="oc-150">
         <name>.rodata.str1.16631870348416990953.1</name>
         <load_address>0x5644</load_address>
         <readonly>true</readonly>
         <run_address>0x5644</run_address>
         <size>0x4</size>
         <alignment>0x1</alignment>
         <input_file_ref idref="fl-9"/>
      </object_component>
      <object_component id="oc-14f">
         <name>.rodata.str1.17376258722486336754.1</name>
         <load_address>0x5648</load_address>
         <readonly>true</readonly>
         <run_address>0x5648</run_address>
         <size>0x4</size>
         <alignment>0x1</alignment>
         <input_file_ref idref="fl-9"/>
      </object_component>
      <object_component id="oc-122">
         <name>.rodata.str1.18227636981041470289.1</name>
         <load_address>0x564c</load_address>
         <readonly>true</readonly>
         <run_address>0x564c</run_address>
         <size>0x4</size>
         <alignment>0x1</alignment>
         <input_file_ref idref="fl-9"/>
      </object_component>
      <object_component id="oc-11a">
         <name>.rodata.str1.2763581881760962609.1</name>
         <load_address>0x5650</load_address>
         <readonly>true</readonly>
         <run_address>0x5650</run_address>
         <size>0x4</size>
         <alignment>0x1</alignment>
         <input_file_ref idref="fl-9"/>
      </object_component>
      <object_component id="oc-1e1">
         <name>.rodata.gCTRL_TIMERClockConfig</name>
         <load_address>0x5654</load_address>
         <readonly>true</readonly>
         <run_address>0x5654</run_address>
         <size>0x3</size>
         <alignment>0x1</alignment>
         <input_file_ref idref="fl-4"/>
      </object_component>
      <object_component id="oc-1de">
         <name>.rodata.gMOTOR_L_PWMClockConfig</name>
         <load_address>0x5657</load_address>
         <readonly>true</readonly>
         <run_address>0x5657</run_address>
         <size>0x3</size>
         <alignment>0x1</alignment>
         <input_file_ref idref="fl-4"/>
      </object_component>
      <object_component id="oc-e4">
         <name>.rodata.str1.11822182024223342093.1</name>
         <load_address>0x565a</load_address>
         <readonly>true</readonly>
         <run_address>0x565a</run_address>
         <size>0x3</size>
         <alignment>0x1</alignment>
         <input_file_ref idref="fl-9"/>
      </object_component>
      <object_component id="oc-15b">
         <name>.rodata.str1.11870794119293528247.1</name>
         <load_address>0x565d</load_address>
         <readonly>true</readonly>
         <run_address>0x565d</run_address>
         <size>0x3</size>
         <alignment>0x1</alignment>
         <input_file_ref idref="fl-9"/>
      </object_component>
      <object_component id="oc-124">
         <name>.rodata.str1.12180500075719773345.1</name>
         <load_address>0x5660</load_address>
         <readonly>true</readonly>
         <run_address>0x5660</run_address>
         <size>0x3</size>
         <alignment>0x1</alignment>
         <input_file_ref idref="fl-9"/>
      </object_component>
      <object_component id="oc-135">
         <name>.rodata.str1.1311392489248731986.1</name>
         <load_address>0x5663</load_address>
         <readonly>true</readonly>
         <run_address>0x5663</run_address>
         <size>0x3</size>
         <alignment>0x1</alignment>
         <input_file_ref idref="fl-9"/>
      </object_component>
      <object_component id="oc-149">
         <name>.rodata.str1.14112174005742061988.1</name>
         <load_address>0x5666</load_address>
         <readonly>true</readonly>
         <run_address>0x5666</run_address>
         <size>0x3</size>
         <alignment>0x1</alignment>
         <input_file_ref idref="fl-9"/>
      </object_component>
      <object_component id="oc-136">
         <name>.rodata.str1.15996357275703397564.1</name>
         <load_address>0x5669</load_address>
         <readonly>true</readonly>
         <run_address>0x5669</run_address>
         <size>0x3</size>
         <alignment>0x1</alignment>
         <input_file_ref idref="fl-9"/>
      </object_component>
      <object_component id="oc-14b">
         <name>.rodata.str1.17045314124001216156.1</name>
         <load_address>0x566c</load_address>
         <readonly>true</readonly>
         <run_address>0x566c</run_address>
         <size>0x3</size>
         <alignment>0x1</alignment>
         <input_file_ref idref="fl-9"/>
      </object_component>
      <object_component id="oc-14a">
         <name>.rodata.str1.2563708670032483588.1</name>
         <load_address>0x566f</load_address>
         <readonly>true</readonly>
         <run_address>0x566f</run_address>
         <size>0x3</size>
         <alignment>0x1</alignment>
         <input_file_ref idref="fl-9"/>
      </object_component>
      <object_component id="oc-146">
         <name>.rodata.str1.39260288392874984.1</name>
         <load_address>0x5672</load_address>
         <readonly>true</readonly>
         <run_address>0x5672</run_address>
         <size>0x3</size>
         <alignment>0x1</alignment>
         <input_file_ref idref="fl-9"/>
      </object_component>
      <object_component id="oc-137">
         <name>.rodata.str1.7784929982665794503.1</name>
         <load_address>0x5675</load_address>
         <readonly>true</readonly>
         <run_address>0x5675</run_address>
         <size>0x3</size>
         <alignment>0x1</alignment>
         <input_file_ref idref="fl-9"/>
      </object_component>
      <object_component id="oc-139">
         <name>.rodata.str1.7996925722583989644.1</name>
         <load_address>0x5678</load_address>
         <readonly>true</readonly>
         <run_address>0x5678</run_address>
         <size>0x3</size>
         <alignment>0x1</alignment>
         <input_file_ref idref="fl-9"/>
      </object_component>
      <object_component id="oc-13a">
         <name>.rodata.str1.8096991282711418442.1</name>
         <load_address>0x567b</load_address>
         <readonly>true</readonly>
         <run_address>0x567b</run_address>
         <size>0x3</size>
         <alignment>0x1</alignment>
         <input_file_ref idref="fl-9"/>
      </object_component>
      <object_component id="oc-121">
         <name>.rodata.str1.17100691992556644108.1</name>
         <load_address>0x567e</load_address>
         <readonly>true</readonly>
         <run_address>0x567e</run_address>
         <size>0x2</size>
         <alignment>0x1</alignment>
         <input_file_ref idref="fl-9"/>
      </object_component>
      <object_component id="oc-123">
         <name>.rodata.str1.2846389346932560359.1</name>
         <load_address>0x5680</load_address>
         <readonly>true</readonly>
         <run_address>0x5680</run_address>
         <size>0x2</size>
         <alignment>0x1</alignment>
         <input_file_ref idref="fl-9"/>
      </object_component>
      <object_component id="oc-145">
         <name>.rodata.str1.6554448696319176064.1</name>
         <load_address>0x5682</load_address>
         <readonly>true</readonly>
         <run_address>0x5682</run_address>
         <size>0x2</size>
         <alignment>0x1</alignment>
         <input_file_ref idref="fl-9"/>
      </object_component>
      <object_component id="oc-15a">
         <name>.rodata.str1.8108965883388295311.1</name>
         <load_address>0x5684</load_address>
         <readonly>true</readonly>
         <run_address>0x5684</run_address>
         <size>0x2</size>
         <alignment>0x1</alignment>
         <input_file_ref idref="fl-9"/>
      </object_component>
      <object_component id="oc-1fe">
         <name>.binit</name>
         <load_address>0x0</load_address>
         <readonly>true</readonly>
         <run_address>0x0</run_address>
         <size>0x0</size>
         <alignment>0x4</alignment>
      </object_component>
      <object_component id="oc-1b8">
         <name>.data.ball_pid_cascade_run.pos_filt</name>
         <load_address>0x20200100</load_address>
         <readwrite>true</readwrite>
         <run_address>0x20200100</run_address>
         <size>0x4</size>
         <alignment>0x4</alignment>
         <input_file_ref idref="fl-1"/>
      </object_component>
      <object_component id="oc-1b7">
         <name>.data.ball_pid_cascade_run.pos_filt_init</name>
         <load_address>0x20200158</load_address>
         <readwrite>true</readwrite>
         <run_address>0x20200158</run_address>
         <size>0x1</size>
         <alignment>0x1</alignment>
         <input_file_ref idref="fl-1"/>
      </object_component>
      <object_component id="oc-1c0">
         <name>.data.ball_pid_cascade_run3.pos_filt</name>
         <load_address>0x20200104</load_address>
         <readwrite>true</readwrite>
         <run_address>0x20200104</run_address>
         <size>0x4</size>
         <alignment>0x4</alignment>
         <input_file_ref idref="fl-1"/>
      </object_component>
      <object_component id="oc-1bf">
         <name>.data.ball_pid_cascade_run3.pos_filt_init</name>
         <load_address>0x20200159</load_address>
         <readwrite>true</readwrite>
         <run_address>0x20200159</run_address>
         <size>0x1</size>
         <alignment>0x1</alignment>
         <input_file_ref idref="fl-1"/>
      </object_component>
      <object_component id="oc-71">
         <name>.data.g_enc_l_cnt</name>
         <load_address>0x20200110</load_address>
         <readwrite>true</readwrite>
         <run_address>0x20200110</run_address>
         <size>0x4</size>
         <alignment>0x4</alignment>
         <input_file_ref idref="fl-6"/>
      </object_component>
      <object_component id="oc-6e">
         <name>.data.g_enc_r_cnt</name>
         <load_address>0x20200114</load_address>
         <readwrite>true</readwrite>
         <run_address>0x20200114</run_address>
         <size>0x4</size>
         <alignment>0x4</alignment>
         <input_file_ref idref="fl-6"/>
      </object_component>
      <object_component id="oc-1ab">
         <name>.data.g_last_l</name>
         <load_address>0x2020011c</load_address>
         <readwrite>true</readwrite>
         <run_address>0x2020011c</run_address>
         <size>0x4</size>
         <alignment>0x4</alignment>
         <input_file_ref idref="fl-6"/>
      </object_component>
      <object_component id="oc-1ac">
         <name>.data.g_last_r</name>
         <load_address>0x20200120</load_address>
         <readwrite>true</readwrite>
         <run_address>0x20200120</run_address>
         <size>0x4</size>
         <alignment>0x4</alignment>
         <input_file_ref idref="fl-6"/>
      </object_component>
      <object_component id="oc-1b4">
         <name>.data.g_speed_l</name>
         <load_address>0x20200124</load_address>
         <readwrite>true</readwrite>
         <run_address>0x20200124</run_address>
         <size>0x4</size>
         <alignment>0x4</alignment>
         <input_file_ref idref="fl-6"/>
      </object_component>
      <object_component id="oc-1b5">
         <name>.data.g_speed_r</name>
         <load_address>0x20200128</load_address>
         <readwrite>true</readwrite>
         <run_address>0x20200128</run_address>
         <size>0x4</size>
         <alignment>0x4</alignment>
         <input_file_ref idref="fl-6"/>
      </object_component>
      <object_component id="oc-1a9">
         <name>.data.g_dist_l</name>
         <load_address>0x20200108</load_address>
         <readwrite>true</readwrite>
         <run_address>0x20200108</run_address>
         <size>0x4</size>
         <alignment>0x4</alignment>
         <input_file_ref idref="fl-6"/>
      </object_component>
      <object_component id="oc-1aa">
         <name>.data.g_dist_r</name>
         <load_address>0x2020010c</load_address>
         <readwrite>true</readwrite>
         <run_address>0x2020010c</run_address>
         <size>0x4</size>
         <alignment>0x4</alignment>
         <input_file_ref idref="fl-6"/>
      </object_component>
      <object_component id="oc-86">
         <name>.data.g_fidx</name>
         <load_address>0x2020015b</load_address>
         <readwrite>true</readwrite>
         <run_address>0x2020015b</run_address>
         <size>0x1</size>
         <alignment>0x1</alignment>
         <input_file_ref idref="fl-7"/>
      </object_component>
      <object_component id="oc-8a">
         <name>.data.g_gz_raw</name>
         <load_address>0x20200118</load_address>
         <readwrite>true</readwrite>
         <run_address>0x20200118</run_address>
         <size>0x4</size>
         <alignment>0x4</alignment>
         <input_file_ref idref="fl-7"/>
      </object_component>
      <object_component id="oc-8b">
         <name>.data.g_new_gz</name>
         <load_address>0x2020015d</load_address>
         <readwrite>true</readwrite>
         <run_address>0x2020015d</run_address>
         <size>0x1</size>
         <alignment>0x1</alignment>
         <input_file_ref idref="fl-7"/>
      </object_component>
      <object_component id="oc-88">
         <name>.data.g_yaw</name>
         <load_address>0x2020012c</load_address>
         <readwrite>true</readwrite>
         <run_address>0x2020012c</run_address>
         <size>0x4</size>
         <alignment>0x4</alignment>
         <input_file_ref idref="fl-7"/>
      </object_component>
      <object_component id="oc-89">
         <name>.data.g_new_yaw</name>
         <load_address>0x2020015e</load_address>
         <readwrite>true</readwrite>
         <run_address>0x2020015e</run_address>
         <size>0x1</size>
         <alignment>0x1</alignment>
         <input_file_ref idref="fl-7"/>
      </object_component>
      <object_component id="oc-18b">
         <name>.data.g_cx</name>
         <load_address>0x20200146</load_address>
         <readwrite>true</readwrite>
         <run_address>0x20200146</run_address>
         <size>0x2</size>
         <alignment>0x2</alignment>
         <input_file_ref idref="fl-8"/>
      </object_component>
      <object_component id="oc-18c">
         <name>.data.g_cy</name>
         <load_address>0x20200148</load_address>
         <readwrite>true</readwrite>
         <run_address>0x20200148</run_address>
         <size>0x2</size>
         <alignment>0x2</alignment>
         <input_file_ref idref="fl-8"/>
      </object_component>
      <object_component id="oc-190">
         <name>.data.g_bg</name>
         <load_address>0x20200144</load_address>
         <readwrite>true</readwrite>
         <run_address>0x20200144</run_address>
         <size>0x2</size>
         <alignment>0x2</alignment>
         <input_file_ref idref="fl-8"/>
      </object_component>
      <object_component id="oc-191">
         <name>.data.g_fg</name>
         <load_address>0x2020014a</load_address>
         <readwrite>true</readwrite>
         <run_address>0x2020014a</run_address>
         <size>0x2</size>
         <alignment>0x2</alignment>
         <input_file_ref idref="fl-8"/>
      </object_component>
      <object_component id="oc-1c1">
         <name>.data.line_follow.last_pos</name>
         <load_address>0x20200134</load_address>
         <readwrite>true</readwrite>
         <run_address>0x20200134</run_address>
         <size>0x4</size>
         <alignment>0x4</alignment>
         <input_file_ref idref="fl-9"/>
      </object_component>
      <object_component id="oc-1c2">
         <name>.data.line_follow.last_error</name>
         <load_address>0x20200130</load_address>
         <readwrite>true</readwrite>
         <run_address>0x20200130</run_address>
         <size>0x4</size>
         <alignment>0x4</alignment>
         <input_file_ref idref="fl-9"/>
      </object_component>
      <object_component id="oc-1ba">
         <name>.data.line_follow_speed.last</name>
         <load_address>0x20200138</load_address>
         <readwrite>true</readwrite>
         <run_address>0x20200138</run_address>
         <size>0x4</size>
         <alignment>0x4</alignment>
         <input_file_ref idref="fl-9"/>
      </object_component>
      <object_component id="oc-1bb">
         <name>.data.line_follow_speed.le</name>
         <load_address>0x2020013c</load_address>
         <readwrite>true</readwrite>
         <run_address>0x2020013c</run_address>
         <size>0x4</size>
         <alignment>0x4</alignment>
         <input_file_ref idref="fl-9"/>
      </object_component>
      <object_component id="oc-11d">
         <name>.data.main.t5_rx_flag</name>
         <load_address>0x20200163</load_address>
         <readwrite>true</readwrite>
         <run_address>0x20200163</run_address>
         <size>0x1</size>
         <alignment>0x1</alignment>
         <input_file_ref idref="fl-9"/>
      </object_component>
      <object_component id="oc-11e">
         <name>.data.main.ph</name>
         <load_address>0x20200161</load_address>
         <readwrite>true</readwrite>
         <run_address>0x20200161</run_address>
         <size>0x1</size>
         <alignment>0x1</alignment>
         <input_file_ref idref="fl-9"/>
      </object_component>
      <object_component id="oc-11f">
         <name>.data.main.c</name>
         <load_address>0x20200150</load_address>
         <readwrite>true</readwrite>
         <run_address>0x20200150</run_address>
         <size>0x2</size>
         <alignment>0x2</alignment>
         <input_file_ref idref="fl-9"/>
      </object_component>
      <object_component id="oc-120">
         <name>.data.main.s</name>
         <load_address>0x20200156</load_address>
         <readwrite>true</readwrite>
         <run_address>0x20200156</run_address>
         <size>0x2</size>
         <alignment>0x2</alignment>
         <input_file_ref idref="fl-9"/>
      </object_component>
      <object_component id="oc-156">
         <name>.data.main.t6_rx_flag</name>
         <load_address>0x20200164</load_address>
         <readwrite>true</readwrite>
         <run_address>0x20200164</run_address>
         <size>0x1</size>
         <alignment>0x1</alignment>
         <input_file_ref idref="fl-9"/>
      </object_component>
      <object_component id="oc-157">
         <name>.data.main.ph.11</name>
         <load_address>0x2020015f</load_address>
         <readwrite>true</readwrite>
         <run_address>0x2020015f</run_address>
         <size>0x1</size>
         <alignment>0x1</alignment>
         <input_file_ref idref="fl-9"/>
      </object_component>
      <object_component id="oc-158">
         <name>.data.main.c.12</name>
         <load_address>0x2020014c</load_address>
         <readwrite>true</readwrite>
         <run_address>0x2020014c</run_address>
         <size>0x2</size>
         <alignment>0x2</alignment>
         <input_file_ref idref="fl-9"/>
      </object_component>
      <object_component id="oc-159">
         <name>.data.main.s.13</name>
         <load_address>0x20200152</load_address>
         <readwrite>true</readwrite>
         <run_address>0x20200152</run_address>
         <size>0x2</size>
         <alignment>0x2</alignment>
         <input_file_ref idref="fl-9"/>
      </object_component>
      <object_component id="oc-141">
         <name>.data.main.t4_rx_flag</name>
         <load_address>0x20200162</load_address>
         <readwrite>true</readwrite>
         <run_address>0x20200162</run_address>
         <size>0x1</size>
         <alignment>0x1</alignment>
         <input_file_ref idref="fl-9"/>
      </object_component>
      <object_component id="oc-142">
         <name>.data.main.ph.34</name>
         <load_address>0x20200160</load_address>
         <readwrite>true</readwrite>
         <run_address>0x20200160</run_address>
         <size>0x1</size>
         <alignment>0x1</alignment>
         <input_file_ref idref="fl-9"/>
      </object_component>
      <object_component id="oc-143">
         <name>.data.main.c.35</name>
         <load_address>0x2020014e</load_address>
         <readwrite>true</readwrite>
         <run_address>0x2020014e</run_address>
         <size>0x2</size>
         <alignment>0x2</alignment>
         <input_file_ref idref="fl-9"/>
      </object_component>
      <object_component id="oc-144">
         <name>.data.main.s.36</name>
         <load_address>0x20200154</load_address>
         <readwrite>true</readwrite>
         <run_address>0x20200154</run_address>
         <size>0x2</size>
         <alignment>0x2</alignment>
         <input_file_ref idref="fl-9"/>
      </object_component>
      <object_component id="oc-e5">
         <name>.data.g_pid_line</name>
         <load_address>0x202000e0</load_address>
         <readwrite>true</readwrite>
         <run_address>0x202000e0</run_address>
         <size>0x20</size>
         <alignment>0x4</alignment>
         <input_file_ref idref="fl-b"/>
      </object_component>
      <object_component id="oc-72">
         <name>.data.rx_state</name>
         <load_address>0x20200167</load_address>
         <readwrite>true</readwrite>
         <run_address>0x20200167</run_address>
         <size>0x1</size>
         <alignment>0x1</alignment>
         <input_file_ref idref="fl-c"/>
      </object_component>
      <object_component id="oc-74">
         <name>.data.rx_idx</name>
         <load_address>0x20200165</load_address>
         <readwrite>true</readwrite>
         <run_address>0x20200165</run_address>
         <size>0x1</size>
         <alignment>0x1</alignment>
         <input_file_ref idref="fl-c"/>
      </object_component>
      <object_component id="oc-1b6">
         <name>.data.g_mask</name>
         <load_address>0x2020015c</load_address>
         <readwrite>true</readwrite>
         <run_address>0x2020015c</run_address>
         <size>0x1</size>
         <alignment>0x1</alignment>
         <input_file_ref idref="fl-c"/>
      </object_component>
      <object_component id="oc-ad">
         <name>.data.g_ball_x</name>
         <load_address>0x20200140</load_address>
         <readwrite>true</readwrite>
         <run_address>0x20200140</run_address>
         <size>0x2</size>
         <alignment>0x2</alignment>
         <input_file_ref idref="fl-f"/>
      </object_component>
      <object_component id="oc-ae">
         <name>.data.g_ball_y</name>
         <load_address>0x20200142</load_address>
         <readwrite>true</readwrite>
         <run_address>0x20200142</run_address>
         <size>0x2</size>
         <alignment>0x2</alignment>
         <input_file_ref idref="fl-f"/>
      </object_component>
      <object_component id="oc-af">
         <name>.data.g_ball_valid</name>
         <load_address>0x2020015a</load_address>
         <readwrite>true</readwrite>
         <run_address>0x2020015a</run_address>
         <size>0x1</size>
         <alignment>0x1</alignment>
         <input_file_ref idref="fl-f"/>
      </object_component>
      <object_component id="oc-ab">
         <name>.data.rx_index</name>
         <load_address>0x20200166</load_address>
         <readwrite>true</readwrite>
         <run_address>0x20200166</run_address>
         <size>0x1</size>
         <alignment>0x1</alignment>
         <input_file_ref idref="fl-f"/>
      </object_component>
      <object_component id="oc-87">
         <name>.bss.g_frame</name>
         <uninitialized>true</uninitialized>
         <readwrite>true</readwrite>
         <run_address>0x202000d9</run_address>
         <size>0x5</size>
         <alignment>0x1</alignment>
         <input_file_ref idref="fl-7"/>
      </object_component>
      <object_component id="oc-75">
         <name>.bss.rx_buf</name>
         <uninitialized>true</uninitialized>
         <readwrite>true</readwrite>
         <run_address>0x202000b0</run_address>
         <size>0x10</size>
         <alignment>0x1</alignment>
         <input_file_ref idref="fl-c"/>
      </object_component>
      <object_component id="oc-76">
         <name>.bss.sensor_gray</name>
         <uninitialized>true</uninitialized>
         <readwrite>true</readwrite>
         <run_address>0x202000c0</run_address>
         <size>0x10</size>
         <alignment>0x2</alignment>
         <input_file_ref idref="fl-c"/>
      </object_component>
      <object_component id="oc-73">
         <name>.bss.sensor_bin</name>
         <uninitialized>true</uninitialized>
         <readwrite>true</readwrite>
         <run_address>0x202000de</run_address>
         <size>0x1</size>
         <alignment>0x1</alignment>
         <input_file_ref idref="fl-c"/>
      </object_component>
      <object_component id="oc-ac">
         <name>.bss.rx_frame</name>
         <uninitialized>true</uninitialized>
         <readwrite>true</readwrite>
         <run_address>0x202000d0</run_address>
         <size>0x9</size>
         <alignment>0x1</alignment>
[...]
      </symbol>
      <symbol id="sm-98">
         <name>ADC1_IRQHandler</name>
         <value>0x44ab</value>
         <object_component_ref idref="oc-33"/>
      </symbol>
      <symbol id="sm-99">
         <name>CANFD0_IRQHandler</name>
         <value>0x44ab</value>
         <object_component_ref idref="oc-33"/>
      </symbol>
      <symbol id="sm-9a">
         <name>DAC0_IRQHandler</name>
         <value>0x44ab</value>
         <object_component_ref idref="oc-33"/>
      </symbol>
      <symbol id="sm-9b">
         <name>SPI0_IRQHandler</name>
         <value>0x44ab</value>
         <object_component_ref idref="oc-33"/>
      </symbol>
      <symbol id="sm-9c">
         <name>SPI1_IRQHandler</name>
         <value>0x44ab</value>
         <object_component_ref idref="oc-33"/>
      </symbol>
      <symbol id="sm-9d">
         <name>UART0_IRQHandler</name>
         <value>0x44ab</value>
         <object_component_ref idref="oc-33"/>
      </symbol>
      <symbol id="sm-9e">
         <name>TIMG0_IRQHandler</name>
         <value>0x44ab</value>
         <object_component_ref idref="oc-33"/>
      </symbol>
      <symbol id="sm-9f">
         <name>TIMG6_IRQHandler</name>
         <value>0x44ab</value>
         <object_component_ref idref="oc-33"/>
      </symbol>
      <symbol id="sm-a0">
         <name>TIMA0_IRQHandler</name>
         <value>0x44ab</value>
         <object_component_ref idref="oc-33"/>
      </symbol>
      <symbol id="sm-a1">
         <name>TIMA1_IRQHandler</name>
         <value>0x44ab</value>
         <object_component_ref idref="oc-33"/>
      </symbol>
      <symbol id="sm-a2">
         <name>TIMG7_IRQHandler</name>
         <value>0x44ab</value>
         <object_component_ref idref="oc-33"/>
      </symbol>
      <symbol id="sm-a3">
         <name>TIMG12_IRQHandler</name>
         <value>0x44ab</value>
         <object_component_ref idref="oc-33"/>
      </symbol>
      <symbol id="sm-a4">
         <name>I2C0_IRQHandler</name>
         <value>0x44ab</value>
         <object_component_ref idref="oc-33"/>
      </symbol>
      <symbol id="sm-a5">
         <name>I2C1_IRQHandler</name>
         <value>0x44ab</value>
         <object_component_ref idref="oc-33"/>
      </symbol>
      <symbol id="sm-a6">
         <name>AES_IRQHandler</name>
         <value>0x44ab</value>
         <object_component_ref idref="oc-33"/>
      </symbol>
      <symbol id="sm-a7">
         <name>RTC_IRQHandler</name>
         <value>0x44ab</value>
         <object_component_ref idref="oc-33"/>
      </symbol>
      <symbol id="sm-a8">
         <name>DMA_IRQHandler</name>
         <value>0x44ab</value>
         <object_component_ref idref="oc-33"/>
      </symbol>
      <symbol id="sm-ce">
         <name>encoder_init</name>
         <value>0x4f35</value>
         <object_component_ref idref="oc-d9"/>
      </symbol>
      <symbol id="sm-cf">
         <name>GROUP1_IRQHandler</name>
         <value>0x4ccd</value>
         <object_component_ref idref="oc-3a"/>
      </symbol>
      <symbol id="sm-d0">
         <name>g_enc_l_cnt</name>
         <value>0x20200110</value>
         <object_component_ref idref="oc-71"/>
      </symbol>
      <symbol id="sm-d1">
         <name>GROUP0_IRQHandler</name>
         <value>0x4ca5</value>
         <object_component_ref idref="oc-34"/>
      </symbol>
      <symbol id="sm-d2">
         <name>g_enc_r_cnt</name>
         <value>0x20200114</value>
         <object_component_ref idref="oc-6e"/>
      </symbol>
      <symbol id="sm-d3">
         <name>encoder_update</name>
         <value>0x44ad</value>
         <object_component_ref idref="oc-10f"/>
      </symbol>
      <symbol id="sm-d4">
         <name>encoder_get_distance</name>
         <value>0x4d65</value>
         <object_component_ref idref="oc-110"/>
      </symbol>
      <symbol id="sm-d5">
         <name>encoder_reset_distance</name>
         <value>0x4bdd</value>
         <object_component_ref idref="oc-107"/>
      </symbol>
      <symbol id="sm-ec">
         <name>UART2_IRQHandler</name>
         <value>0x4091</value>
         <object_component_ref idref="oc-46"/>
      </symbol>
      <symbol id="sm-122">
         <name>lcd_init</name>
         <value>0x1a6d</value>
         <object_component_ref idref="oc-c9"/>
      </symbol>
      <symbol id="sm-123">
         <name>lcd_clear</name>
         <value>0x3229</value>
         <object_component_ref idref="oc-cf"/>
      </symbol>
      <symbol id="sm-124">
         <name>lcd_set_cursor</name>
         <value>0x4e91</value>
         <object_component_ref idref="oc-12f"/>
      </symbol>
      <symbol id="sm-125">
         <name>lcd_putc</name>
         <value>0x2cb1</value>
         <object_component_ref idref="oc-1be"/>
      </symbol>
      <symbol id="sm-126">
         <name>lcd_puts</name>
         <value>0x4c11</value>
         <object_component_ref idref="oc-130"/>
      </symbol>
      <symbol id="sm-127">
         <name>lcd_print_int</name>
         <value>0x3a5d</value>
         <object_component_ref idref="oc-131"/>
      </symbol>
      <symbol id="sm-128">
         <name>lcd_set_cursor_big</name>
         <value>0x4ea5</value>
         <object_component_ref idref="oc-d0"/>
      </symbol>
      <symbol id="sm-129">
         <name>lcd_putc_big</name>
         <value>0x2929</value>
         <object_component_ref idref="oc-d2"/>
      </symbol>
      <symbol id="sm-12a">
         <name>lcd_puts_big</name>
         <value>0x4c43</value>
         <object_component_ref idref="oc-d1"/>
      </symbol>
      <symbol id="sm-12b">
         <name>lcd_print_int_big</name>
         <value>0x3b55</value>
         <object_component_ref idref="oc-f8"/>
      </symbol>
      <symbol id="sm-190">
         <name>line_follow</name>
         <value>0x3d35</value>
         <object_component_ref idref="oc-13f"/>
      </symbol>
      <symbol id="sm-191">
         <name>line_follow_speed</name>
         <value>0x33f5</value>
         <object_component_ref idref="oc-116"/>
      </symbol>
      <symbol id="sm-192">
         <name>main</name>
         <value>0xc1</value>
         <object_component_ref idref="oc-9b"/>
      </symbol>
      <symbol id="sm-1a6">
         <name>motor_init</name>
         <value>0x4e61</value>
         <object_component_ref idref="oc-d3"/>
      </symbol>
      <symbol id="sm-1a7">
         <name>motor_set</name>
         <value>0x4375</value>
         <object_component_ref idref="oc-14d"/>
      </symbol>
      <symbol id="sm-1a8">
         <name>motor_brake</name>
         <value>0x4ddd</value>
         <object_component_ref idref="oc-13d"/>
      </symbol>
      <symbol id="sm-1a9">
         <name>motor_coast</name>
         <value>0x4df9</value>
         <object_component_ref idref="oc-e0"/>
      </symbol>
      <symbol id="sm-1b3">
         <name>pid_init</name>
         <value>0x4eb9</value>
         <object_component_ref idref="oc-da"/>
      </symbol>
      <symbol id="sm-1b4">
         <name>g_pid_line</name>
         <value>0x202000e0</value>
         <object_component_ref idref="oc-e5"/>
      </symbol>
      <symbol id="sm-1da">
         <name>sensor_init</name>
         <value>0x420d</value>
         <object_component_ref idref="oc-d8"/>
      </symbol>
      <symbol id="sm-1db">
         <name>UART3_IRQHandler</name>
         <value>0x3e1d</value>
         <object_component_ref idref="oc-3b"/>
      </symbol>
      <symbol id="sm-1dc">
         <name>sensor_read_all</name>
         <value>0x4939</value>
         <object_component_ref idref="oc-e1"/>
      </symbol>
      <symbol id="sm-1dd">
         <name>sensor_get_position</name>
         <value>0x2fdd</value>
         <object_component_ref idref="oc-1b9"/>
      </symbol>
      <symbol id="sm-1de">
         <name>sensor_set_mask</name>
         <value>0x4f45</value>
         <object_component_ref idref="oc-111"/>
      </symbol>
      <symbol id="sm-1df">
         <name>sensor_is_line_detected</name>
         <value>0x4edf</value>
         <object_component_ref idref="oc-13e"/>
      </symbol>
      <symbol id="sm-1f7">
         <name>stepper_init</name>
         <value>0x4c75</value>
         <object_component_ref idref="oc-102"/>
      </symbol>
      <symbol id="sm-1f8">
         <name>stepper_enable</name>
         <value>0x4f5d</value>
         <object_component_ref idref="oc-10a"/>
      </symbol>
      <symbol id="sm-1f9">
         <name>stepper_disable</name>
         <value>0x4f51</value>
         <object_component_ref idref="oc-133"/>
      </symbol>
      <symbol id="sm-1fa">
         <name>stepper_set_speed</name>
         <value>0x4e15</value>
         <object_component_ref idref="oc-113"/>
      </symbol>
      <symbol id="sm-1fb">
         <name>stepper_step</name>
         <value>0x4d85</value>
         <object_component_ref idref="oc-115"/>
      </symbol>
      <symbol id="sm-212">
         <name>vision_parse_byte</name>
         <value>0x4151</value>
         <object_component_ref idref="oc-7a"/>
      </symbol>
      <symbol id="sm-213">
         <name>g_ball_x</name>
         <value>0x20200140</value>
         <object_component_ref idref="oc-ad"/>
      </symbol>
      <symbol id="sm-214">
         <name>g_ball_y</name>
         <value>0x20200142</value>
         <object_component_ref idref="oc-ae"/>
      </symbol>
      <symbol id="sm-215">
         <name>g_ball_valid</name>
         <value>0x2020015a</value>
         <object_component_ref idref="oc-af"/>
      </symbol>
      <symbol id="sm-216">
         <name>UART1_IRQHandler</name>
         <value>0x4d45</value>
         <object_component_ref idref="oc-41"/>
      </symbol>
      <symbol id="sm-217">
         <name>vision_init</name>
         <value>0x42c1</value>
         <object_component_ref idref="oc-e7"/>
      </symbol>
      <symbol id="sm-218">
         <name>__TI_ATRegion0_src_addr</name>
         <value>0x0</value>
      </symbol>
      <symbol id="sm-219">
         <name>__TI_ATRegion0_trg_addr</name>
         <value>0x0</value>
      </symbol>
      <symbol id="sm-21a">
         <name>__TI_ATRegion0_region_sz</name>
         <value>0x0</value>
      </symbol>
      <symbol id="sm-21b">
         <name>__TI_ATRegion1_src_addr</name>
         <value>0x0</value>
      </symbol>
      <symbol id="sm-21c">
         <name>__TI_ATRegion1_trg_addr</name>
         <value>0x0</value>
      </symbol>
      <symbol id="sm-21d">
         <name>__TI_ATRegion1_region_sz</name>
         <value>0x0</value>
      </symbol>
      <symbol id="sm-21e">
         <name>__TI_ATRegion2_src_addr</name>
         <value>0x0</value>
      </symbol>
      <symbol id="sm-21f">
         <name>__TI_ATRegion2_trg_addr</name>
         <value>0x0</value>
      </symbol>
      <symbol id="sm-220">
         <name>__TI_ATRegion2_region_sz</name>
         <value>0x0</value>
      </symbol>
      <symbol id="sm-229">
         <name>DL_Common_delayCycles</name>
         <value>0x4f69</value>
         <object_component_ref idref="oc-c5"/>
      </symbol>
      <symbol id="sm-245">
         <name>DL_Timer_setClockConfig</name>
         <value>0x4dc1</value>
         <object_component_ref idref="oc-1da"/>
      </symbol>
      <symbol id="sm-246">
         <name>DL_Timer_initTimerMode</name>
         <value>0x3961</value>
         <object_component_ref idref="oc-1e0"/>
      </symbol>
      <symbol id="sm-247">
         <name>DL_Timer_setCaptureCompareValue</name>
         <value>0x4f05</value>
         <object_component_ref idref="oc-1c3"/>
      </symbol>
      <symbol id="sm-248">
         <name>DL_Timer_setCaptCompUpdateMethod</name>
         <value>0x4da5</value>
         <object_component_ref idref="oc-1dd"/>
      </symbol>
      <symbol id="sm-249">
         <name>DL_Timer_setCaptureCompareOutCtl</name>
         <value>0x4e31</value>
         <object_component_ref idref="oc-1dc"/>
      </symbol>
      <symbol id="sm-24a">
         <name>DL_Timer_initFourCCPWMMode</name>
         <value>0x385d</value>
         <object_component_ref idref="oc-1db"/>
      </symbol>
      <symbol id="sm-257">
         <name>DL_UART_init</name>
         <value>0x48f1</value>
         <object_component_ref idref="oc-12d"/>
      </symbol>
      <symbol id="sm-258">
         <name>DL_UART_setClockConfig</name>
         <value>0x4ecd</value>
         <object_component_ref idref="oc-127"/>
      </symbol>
      <symbol id="sm-263">
         <name>_c_int00_noargs</name>
         <value>0x4d1d</value>
         <object_component_ref idref="oc-67"/>
      </symbol>
      <symbol id="sm-264">
         <name>__stack</name>
         <value>0x20207e00</value>
         <object_component_ref idref="oc-1a"/>
      </symbol>
      <symbol id="sm-270">
         <name>__TI_auto_init_nobinit_nopinit</name>
         <value>0x4ab9</value>
         <object_component_ref idref="oc-165"/>
      </symbol>
      <symbol id="sm-278">
         <name>_system_pre_init</name>
         <value>0x4f8b</value>
         <object_component_ref idref="oc-97"/>
      </symbol>
      <symbol id="sm-283">
         <name>__TI_zero_init_nomemset</name>
         <value>0x4e79</value>
         <object_component_ref idref="oc-5e"/>
      </symbol>
      <symbol id="sm-28c">
         <name>__TI_decompress_none</name>
         <value>0x4ef1</value>
         <object_component_ref idref="oc-20"/>
      </symbol>
      <symbol id="sm-297">
         <name>__TI_decompress_lzss</name>
         <value>0x46e5</value>
         <object_component_ref idref="oc-1c"/>
      </symbol>
      <symbol id="sm-2a1">
         <name>abort</name>
         <value>0x4f7d</value>
         <object_component_ref idref="oc-15e"/>
      </symbol>
      <symbol id="sm-2ab">
         <name>HOSTexit</name>
         <value>0x4f83</value>
         <object_component_ref idref="oc-1c9"/>
      </symbol>
      <symbol id="sm-2ac">
         <name>C$$EXIT</name>
         <value>0x4f82</value>
         <object_component_ref idref="oc-1c9"/>
      </symbol>
      <symbol id="sm-2b2">
         <name>__aeabi_fadd</name>
         <value>0x3f03</value>
         <object_component_ref idref="oc-ec"/>
      </symbol>
      <symbol id="sm-2b3">
         <name>__addsf3</name>
         <value>0x3f03</value>
         <object_component_ref idref="oc-ec"/>
      </symbol>
      <symbol id="sm-2b4">
         <name>__aeabi_fsub</name>
         <value>0x3ef9</value>
         <object_component_ref idref="oc-ec"/>
      </symbol>
      <symbol id="sm-2b5">
         <name>__subsf3</name>
         <value>0x3ef9</value>
         <object_component_ref idref="oc-ec"/>
      </symbol>
      <symbol id="sm-2bb">
         <name>__aeabi_fmul</name>
         <value>0x45d5</value>
         <object_component_ref idref="oc-82"/>
      </symbol>
      <symbol id="sm-2bc">
         <name>__mulsf3</name>
         <value>0x45d5</value>
         <object_component_ref idref="oc-82"/>
      </symbol>
      <symbol id="sm-2c2">
         <name>__aeabi_fdiv</name>
         <value>0x4661</value>
         <object_component_ref idref="oc-f0"/>
      </symbol>
      <symbol id="sm-2c3">
         <name>__divsf3</name>
         <value>0x4661</value>
         <object_component_ref idref="oc-f0"/>
      </symbol>
      <symbol id="sm-2c9">
         <name>__aeabi_f2iz</name>
         <value>0x4ba5</value>
         <object_component_ref idref="oc-f4"/>
      </symbol>
      <symbol id="sm-2ca">
         <name>__fixsfsi</name>
         <value>0x4ba5</value>
         <object_component_ref idref="oc-f4"/>
      </symbol>
      <symbol id="sm-2d0">
         <name>__aeabi_i2f</name>
         <value>0x4a41</value>
         <object_component_ref idref="oc-7e"/>
      </symbol>
      <symbol id="sm-2d1">
         <name>__floatsisf</name>
         <value>0x4a41</value>
         <object_component_ref idref="oc-7e"/>
      </symbol>
      <symbol id="sm-2d7">
         <name>__aeabi_ui2f</name>
         <value>0x4cf5</value>
         <object_component_ref idref="oc-e8"/>
      </symbol>
      <symbol id="sm-2d8">
         <name>__floatunsisf</name>
         <value>0x4cf5</value>
         <object_component_ref idref="oc-e8"/>
      </symbol>
      <symbol id="sm-2de">
         <name>__aeabi_fcmpeq</name>
         <value>0x4835</value>
         <object_component_ref idref="oc-10b"/>
      </symbol>
      <symbol id="sm-2df">
         <name>__aeabi_fcmplt</name>
         <value>0x4849</value>
         <object_component_ref idref="oc-10b"/>
      </symbol>
      <symbol id="sm-2e0">
         <name>__aeabi_fcmple</name>
         <value>0x485d</value>
         <object_component_ref idref="oc-10b"/>
      </symbol>
      <symbol id="sm-2e1">
         <name>__aeabi_fcmpge</name>
         <value>0x4871</value>
         <object_component_ref idref="oc-10b"/>
      </symbol>
      <symbol id="sm-2e2">
         <name>__aeabi_fcmpgt</name>
         <value>0x4885</value>
         <object_component_ref idref="oc-10b"/>
      </symbol>
      <symbol id="sm-2e8">
         <name>__aeabi_idiv</name>
         <value>0x4899</value>
         <object_component_ref idref="oc-f9"/>
      </symbol>
      <symbol id="sm-2e9">
         <name>__aeabi_idivmod</name>
         <value>0x4899</value>
         <object_component_ref idref="oc-f9"/>
      </symbol>
      <symbol id="sm-2ef">
         <name>__aeabi_memcpy</name>
         <value>0x4f75</value>
         <object_component_ref idref="oc-57"/>
      </symbol>
      <symbol id="sm-2f0">
         <name>__aeabi_memcpy4</name>
         <value>0x4f75</value>
         <object_component_ref idref="oc-57"/>
      </symbol>
      <symbol id="sm-2f1">
         <name>__aeabi_memcpy8</name>
         <value>0x4f75</value>
         <object_component_ref idref="oc-57"/>
      </symbol>
      <symbol id="sm-2f7">
         <name>__aeabi_uidiv</name>
         <value>0x4a01</value>
         <object_component_ref idref="oc-19b"/>
      </symbol>
      <symbol id="sm-2f8">
         <name>__aeabi_uidivmod</name>
         <value>0x4a01</value>
         <object_component_ref idref="oc-19b"/>
      </symbol>
      <symbol id="sm-301">
         <name>__eqsf2</name>
         <value>0x4af5</value>
         <object_component_ref idref="oc-1ad"/>
      </symbol>
      <symbol id="sm-302">
         <name>__lesf2</name>
         <value>0x4af5</value>
         <object_component_ref idref="oc-1ad"/>
      </symbol>
      <symbol id="sm-303">
         <name>__ltsf2</name>
         <value>0x4af5</value>
         <object_component_ref idref="oc-1ad"/>
      </symbol>
      <symbol id="sm-304">
         <name>__nesf2</name>
         <value>0x4af5</value>
         <object_component_ref idref="oc-1ad"/>
      </symbol>
      <symbol id="sm-305">
         <name>__cmpsf2</name>
         <value>0x4af5</value>
         <object_component_ref idref="oc-1ad"/>
      </symbol>
      <symbol id="sm-306">
         <name>__gtsf2</name>
         <value>0x4a7d</value>
         <object_component_ref idref="oc-1b2"/>
      </symbol>
      <symbol id="sm-307">
         <name>__gesf2</name>
         <value>0x4a7d</value>
         <object_component_ref idref="oc-1b2"/>
      </symbol>
      <symbol id="sm-30d">
         <name>__muldsi3</name>
         <value>0x4b31</value>
         <object_component_ref idref="oc-b1"/>
      </symbol>
      <symbol id="sm-317">
         <name>__aeabi_idiv0</name>
         <value>0x46e3</value>
         <object_component_ref idref="oc-19f"/>
      </symbol>
      <symbol id="sm-330">
         <name>memcpy</name>
         <value>0x4411</value>
         <object_component_ref idref="oc-bb"/>
      </symbol>
      <symbol id="sm-331">
         <name>__TI_static_base__</name>
         <value>0x0</value>
      </symbol>
      <symbol id="sm-334">
         <name>__mpu_init</name>
         <value>0x0</value>
      </symbol>
      <symbol id="sm-335">
         <name>_system_post_cinit</name>
         <value>0x0</value>
      </symbol>
   </symbol_table>
   <title>Link successful</title>
</link_info>
