<?xml version="1.0" encoding="ISO-8859-1" ?>
<link_info>
   <banner>TI ARM Clang Linker PC v4.0.4.LTS</banner>
   <copyright>Copyright (c) 1996-2018 Texas Instruments Incorporated</copyright>
   <command_line>E:\CCSIDE\ccs\tools\compiler\ti-cgt-armllvm_4.0.4.LTS\bin\tiarmlnk -IE:\CCSIDE\ccs\tools\compiler\ti-cgt-armllvm_4.0.4.LTS\lib -o empty_LP_MSPM0G3507_nortos_ticlang_2.out -mempty_LP_MSPM0G3507_nortos_ticlang_2.map -iE:/CCSIDE/mspm0_sdk_2_10_00_04/source -iD:/CCS_Projects/empty_LP_MSPM0G3507_nortos_ticlang_2 -iD:/CCS_Projects/empty_LP_MSPM0G3507_nortos_ticlang_2/Debug/syscfg -iE:/CCSIDE/ccs/tools/compiler/ti-cgt-armllvm_4.0.4.LTS/lib --diag_wrap=off --display_error_number --warn_sections --xml_link_info=empty_LP_MSPM0G3507_nortos_ticlang_2_linkInfo.xml --rom_model ./ball_pid.o ./bmi160.o ./empty.o ./ti_msp_dl_config.o ./startup_mspm0g350x_ticlang.o ./encoder.o ./gyro.o ./lcd.o ./main.o ./motor.o ./pid.o ./sensor.o ./state_machine.o ./stepper.o ./vision.o -l./device_linker.cmd -ldevice.cmd.genlibs -llibc.a --start-group -llibc++.a -llibc++abi.a -llibc.a -llibsys.a -llibsysbm.a -llibclang_rt.builtins.a -llibclang_rt.profile.a --end-group --cg_opt_level=2</command_line>
   <link_time>0x6a6d9318</link_time>
   <link_errors>0x0</link_errors>
   <output_file>D:\CCS_Projects\empty_LP_MSPM0G3507_nortos_ticlang_2\Debug\empty_LP_MSPM0G3507_nortos_ticlang_2.out</output_file>
   <entry_point>
      <name>_c_int00_noargs</name>
      <address>0x4f31</address>
   </entry_point>
   <input_file_list>
      <input_file id="fl-1">
         <path>D:\CCS_Projects\empty_LP_MSPM0G3507_nortos_ticlang_2\Debug\.\</path>
         <kind>object</kind>
         <file>ball_pid.o</file>
         <name>ball_pid.o</name>
      </input_file>
      <input_file id="fl-2">
         <path>D:\CCS_Projects\empty_LP_MSPM0G3507_nortos_ticlang_2\Debug\.\</path>
         <kind>object</kind>
         <file>bmi160.o</file>
         <name>bmi160.o</name>
      </input_file>
      <input_file id="fl-3">
         <path>D:\CCS_Projects\empty_LP_MSPM0G3507_nortos_ticlang_2\Debug\.\</path>
         <kind>object</kind>
         <file>empty.o</file>
         <name>empty.o</name>
      </input_file>
      <input_file id="fl-4">
         <path>D:\CCS_Projects\empty_LP_MSPM0G3507_nortos_ticlang_2\Debug\.\</path>
         <kind>object</kind>
         <file>ti_msp_dl_config.o</file>
         <name>ti_msp_dl_config.o</name>
      </input_file>
      <input_file id="fl-5">
         <path>D:\CCS_Projects\empty_LP_MSPM0G3507_nortos_ticlang_2\Debug\.\</path>
         <kind>object</kind>
         <file>startup_mspm0g350x_ticlang.o</file>
         <name>startup_mspm0g350x_ticlang.o</name>
      </input_file>
      <input_file id="fl-6">
         <path>D:\CCS_Projects\empty_LP_MSPM0G3507_nortos_ticlang_2\Debug\.\</path>
         <kind>object</kind>
         <file>encoder.o</file>
         <name>encoder.o</name>
      </input_file>
      <input_file id="fl-7">
         <path>D:\CCS_Projects\empty_LP_MSPM0G3507_nortos_ticlang_2\Debug\.\</path>
         <kind>object</kind>
         <file>gyro.o</file>
         <name>gyro.o</name>
      </input_file>
      <input_file id="fl-8">
         <path>D:\CCS_Projects\empty_LP_MSPM0G3507_nortos_ticlang_2\Debug\.\</path>
         <kind>object</kind>
         <file>lcd.o</file>
         <name>lcd.o</name>
      </input_file>
      <input_file id="fl-9">
         <path>D:\CCS_Projects\empty_LP_MSPM0G3507_nortos_ticlang_2\Debug\.\</path>
         <kind>object</kind>
         <file>main.o</file>
         <name>main.o</name>
      </input_file>
      <input_file id="fl-a">
         <path>D:\CCS_Projects\empty_LP_MSPM0G3507_nortos_ticlang_2\Debug\.\</path>
         <kind>object</kind>
         <file>motor.o</file>
         <name>motor.o</name>
      </input_file>
      <input_file id="fl-b">
         <path>D:\CCS_Projects\empty_LP_MSPM0G3507_nortos_ticlang_2\Debug\.\</path>
         <kind>object</kind>
         <file>pid.o</file>
         <name>pid.o</name>
      </input_file>
      <input_file id="fl-c">
         <path>D:\CCS_Projects\empty_LP_MSPM0G3507_nortos_ticlang_2\Debug\.\</path>
         <kind>object</kind>
         <file>sensor.o</file>
         <name>sensor.o</name>
      </input_file>
      <input_file id="fl-d">
         <path>D:\CCS_Projects\empty_LP_MSPM0G3507_nortos_ticlang_2\Debug\.\</path>
         <kind>object</kind>
         <file>state_machine.o</file>
         <name>state_machine.o</name>
      </input_file>
      <input_file id="fl-e">
         <path>D:\CCS_Projects\empty_LP_MSPM0G3507_nortos_ticlang_2\Debug\.\</path>
         <kind>object</kind>
         <file>stepper.o</file>
         <name>stepper.o</name>
      </input_file>
      <input_file id="fl-f">
         <path>D:\CCS_Projects\empty_LP_MSPM0G3507_nortos_ticlang_2\Debug\.\</path>
         <kind>object</kind>
         <file>vision.o</file>
         <name>vision.o</name>
      </input_file>
      <input_file id="fl-1c">
         <path>D:\CCS_Projects\empty_LP_MSPM0G3507_nortos_ticlang_2\Debug\</path>
         <kind>object</kind>
         <file>&lt;internal&gt;</file>
         <name>&lt;internal&gt;</name>
      </input_file>
      <input_file id="fl-1d">
         <path>E:\CCSIDE\mspm0_sdk_2_10_00_04\source\ti\driverlib\lib\ticlang\m0p\mspm0g1x0x_g3x0x\</path>
         <kind>archive</kind>
         <file>driverlib.a</file>
         <name>dl_common.o</name>
      </input_file>
      <input_file id="fl-1e">
         <path>E:\CCSIDE\mspm0_sdk_2_10_00_04\source\ti\driverlib\lib\ticlang\m0p\mspm0g1x0x_g3x0x\</path>
         <kind>archive</kind>
         <file>driverlib.a</file>
         <name>dl_timer.o</name>
      </input_file>
      <input_file id="fl-1f">
         <path>E:\CCSIDE\mspm0_sdk_2_10_00_04\source\ti\driverlib\lib\ticlang\m0p\mspm0g1x0x_g3x0x\</path>
         <kind>archive</kind>
         <file>driverlib.a</file>
         <name>dl_uart.o</name>
      </input_file>
      <input_file id="fl-36">
         <path>E:\CCSIDE\ccs\tools\compiler\ti-cgt-armllvm_4.0.4.LTS\lib\armv6m-ti-none-eabi\c\</path>
         <kind>archive</kind>
         <file>libc.a</file>
         <name>boot_cortex_m.c.obj</name>
      </input_file>
      <input_file id="fl-37">
         <path>E:\CCSIDE\ccs\tools\compiler\ti-cgt-armllvm_4.0.4.LTS\lib\armv6m-ti-none-eabi\c\</path>
         <kind>archive</kind>
         <file>libc.a</file>
         <name>mathacl_init.c.obj</name>
      </input_file>
      <input_file id="fl-38">
         <path>E:\CCSIDE\ccs\tools\compiler\ti-cgt-armllvm_4.0.4.LTS\lib\armv6m-ti-none-eabi\c\</path>
         <kind>archive</kind>
         <file>libc.a</file>
         <name>autoinit.c.obj</name>
      </input_file>
      <input_file id="fl-39">
         <path>E:\CCSIDE\ccs\tools\compiler\ti-cgt-armllvm_4.0.4.LTS\lib\armv6m-ti-none-eabi\c\</path>
         <kind>archive</kind>
         <file>libc.a</file>
         <name>pre_init.c.obj</name>
      </input_file>
      <input_file id="fl-3a">
         <path>E:\CCSIDE\ccs\tools\compiler\ti-cgt-armllvm_4.0.4.LTS\lib\armv6m-ti-none-eabi\c\</path>
         <kind>archive</kind>
         <file>libc.a</file>
         <name>cpy_tbl.c.obj</name>
      </input_file>
      <input_file id="fl-3b">
         <path>E:\CCSIDE\ccs\tools\compiler\ti-cgt-armllvm_4.0.4.LTS\lib\armv6m-ti-none-eabi\c\</path>
         <kind>archive</kind>
         <file>libc.a</file>
         <name>copy_zero_init.c.obj</name>
      </input_file>
      <input_file id="fl-3c">
         <path>E:\CCSIDE\ccs\tools\compiler\ti-cgt-armllvm_4.0.4.LTS\lib\armv6m-ti-none-eabi\c\</path>
         <kind>archive</kind>
         <file>libc.a</file>
         <name>copy_decompress_none.c.obj</name>
      </input_file>
      <input_file id="fl-3d">
         <path>E:\CCSIDE\ccs\tools\compiler\ti-cgt-armllvm_4.0.4.LTS\lib\armv6m-ti-none-eabi\c\</path>
         <kind>archive</kind>
         <file>libc.a</file>
         <name>copy_decompress_lzss.c.obj</name>
      </input_file>
      <input_file id="fl-3e">
         <path>E:\CCSIDE\ccs\tools\compiler\ti-cgt-armllvm_4.0.4.LTS\lib\armv6m-ti-none-eabi\c\</path>
         <kind>archive</kind>
         <file>libc.a</file>
         <name>exit.c.obj</name>
      </input_file>
      <input_file id="fl-3f">
         <path>E:\CCSIDE\ccs\tools\compiler\ti-cgt-armllvm_4.0.4.LTS\lib\armv6m-ti-none-eabi\c\</path>
         <kind>archive</kind>
         <file>libc.a</file>
         <name>_lock.c.obj</name>
      </input_file>
      <input_file id="fl-40">
         <path>E:\CCSIDE\ccs\tools\compiler\ti-cgt-armllvm_4.0.4.LTS\lib\armv6m-ti-none-eabi\c\</path>
         <kind>archive</kind>
         <file>libc.a</file>
         <name>args_main.c.obj</name>
      </input_file>
      <input_file id="fl-e0">
         <path>E:\CCSIDE\ccs\tools\compiler\ti-cgt-armllvm_4.0.4.LTS\lib\armv6m-ti-none-eabi\c\</path>
         <kind>archive</kind>
         <file>libsysbm.a</file>
         <name>hostexit.c.obj</name>
      </input_file>
      <input_file id="fl-e1">
         <path>E:\CCSIDE\ccs\tools\compiler\ti-cgt-armllvm_4.0.4.LTS\lib\armv6m-ti-none-eabi\</path>
         <kind>archive</kind>
         <file>libclang_rt.builtins.a</file>
         <name>addsf3.S.obj</name>
      </input_file>
      <input_file id="fl-e2">
         <path>E:\CCSIDE\ccs\tools\compiler\ti-cgt-armllvm_4.0.4.LTS\lib\armv6m-ti-none-eabi\</path>
         <kind>archive</kind>
         <file>libclang_rt.builtins.a</file>
         <name>mulsf3.S.obj</name>
      </input_file>
      <input_file id="fl-e3">
         <path>E:\CCSIDE\ccs\tools\compiler\ti-cgt-armllvm_4.0.4.LTS\lib\armv6m-ti-none-eabi\</path>
         <kind>archive</kind>
         <file>libclang_rt.builtins.a</file>
         <name>divsf3.S.obj</name>
      </input_file>
      <input_file id="fl-e4">
         <path>E:\CCSIDE\ccs\tools\compiler\ti-cgt-armllvm_4.0.4.LTS\lib\armv6m-ti-none-eabi\</path>
         <kind>archive</kind>
         <file>libclang_rt.builtins.a</file>
         <name>fixsfsi.S.obj</name>
      </input_file>
      <input_file id="fl-e5">
         <path>E:\CCSIDE\ccs\tools\compiler\ti-cgt-armllvm_4.0.4.LTS\lib\armv6m-ti-none-eabi\</path>
         <kind>archive</kind>
         <file>libclang_rt.builtins.a</file>
         <name>floatsisf.S.obj</name>
      </input_file>
      <input_file id="fl-e6">
         <path>E:\CCSIDE\ccs\tools\compiler\ti-cgt-armllvm_4.0.4.LTS\lib\armv6m-ti-none-eabi\</path>
         <kind>archive</kind>
         <file>libclang_rt.builtins.a</file>
         <name>floatunsisf.S.obj</name>
      </input_file>
      <input_file id="fl-e7">
         <path>E:\CCSIDE\ccs\tools\compiler\ti-cgt-armllvm_4.0.4.LTS\lib\armv6m-ti-none-eabi\</path>
         <kind>archive</kind>
         <file>libclang_rt.builtins.a</file>
         <name>aeabi_fcmp.S.obj</name>
      </input_file>
      <input_file id="fl-e8">
         <path>E:\CCSIDE\ccs\tools\compiler\ti-cgt-armllvm_4.0.4.LTS\lib\armv6m-ti-none-eabi\</path>
         <kind>archive</kind>
         <file>libclang_rt.builtins.a</file>
         <name>aeabi_idivmod.S.obj</name>
      </input_file>
      <input_file id="fl-e9">
         <path>E:\CCSIDE\ccs\tools\compiler\ti-cgt-armllvm_4.0.4.LTS\lib\armv6m-ti-none-eabi\</path>
         <kind>archive</kind>
         <file>libclang_rt.builtins.a</file>
         <name>aeabi_memcpy.S.obj</name>
      </input_file>
      <input_file id="fl-ea">
         <path>E:\CCSIDE\ccs\tools\compiler\ti-cgt-armllvm_4.0.4.LTS\lib\armv6m-ti-none-eabi\</path>
         <kind>archive</kind>
         <file>libclang_rt.builtins.a</file>
         <name>aeabi_memset.S.obj</name>
      </input_file>
      <input_file id="fl-eb">
         <path>E:\CCSIDE\ccs\tools\compiler\ti-cgt-armllvm_4.0.4.LTS\lib\armv6m-ti-none-eabi\</path>
         <kind>archive</kind>
         <file>libclang_rt.builtins.a</file>
         <name>aeabi_uidivmod.S.obj</name>
      </input_file>
      <input_file id="fl-ec">
         <path>E:\CCSIDE\ccs\tools\compiler\ti-cgt-armllvm_4.0.4.LTS\lib\armv6m-ti-none-eabi\</path>
         <kind>archive</kind>
         <file>libclang_rt.builtins.a</file>
         <name>comparesf2.S.obj</name>
      </input_file>
      <input_file id="fl-ed">
         <path>E:\CCSIDE\ccs\tools\compiler\ti-cgt-armllvm_4.0.4.LTS\lib\armv6m-ti-none-eabi\</path>
         <kind>archive</kind>
         <file>libclang_rt.builtins.a</file>
         <name>muldsi3.S.obj</name>
      </input_file>
      <input_file id="fl-ee">
         <path>E:\CCSIDE\ccs\tools\compiler\ti-cgt-armllvm_4.0.4.LTS\lib\armv6m-ti-none-eabi\</path>
         <kind>archive</kind>
         <file>libclang_rt.builtins.a</file>
         <name>aeabi_div0.c.obj</name>
      </input_file>
      <input_file id="fl-ef">
         <path>E:\CCSIDE\ccs\tools\compiler\ti-cgt-armllvm_4.0.4.LTS\lib\armv6m-ti-none-eabi\c\</path>
         <kind>archive</kind>
         <file>libc.a</file>
         <name>memcpy16.S.obj</name>
      </input_file>
      <input_file id="fl-f0">
         <path>E:\CCSIDE\ccs\tools\compiler\ti-cgt-armllvm_4.0.4.LTS\lib\armv6m-ti-none-eabi\c\</path>
         <kind>archive</kind>
         <file>libc.a</file>
         <name>memset16.S.obj</name>
      </input_file>
   </input_file_list>
   <object_component_list>
      <object_component id="oc-18">
         <name>.intvecs</name>
         <load_address>0x0</load_address>
         <readonly>true</readonly>
         <run_address>0x0</run_address>
         <size>0xc0</size>
         <alignment>0x4</alignment>
         <input_file_ref idref="fl-5"/>
      </object_component>
      <object_component id="oc-9b">
         <name>.text.main</name>
         <load_address>0xc0</load_address>
         <readonly>true</readonly>
         <executable>true</executable>
         <run_address>0xc0</run_address>
         <size>0x1ce8</size>
         <alignment>0x4</alignment>
         <input_file_ref idref="fl-9"/>
      </object_component>
      <object_component id="oc-c9">
         <name>.text.lcd_init</name>
         <load_address>0x1da8</load_address>
         <readonly>true</readonly>
         <executable>true</executable>
         <run_address>0x1da8</run_address>
         <size>0xebc</size>
         <alignment>0x4</alignment>
         <input_file_ref idref="fl-8"/>
      </object_component>
      <object_component id="oc-d2">
         <name>.text.lcd_putc_big</name>
         <load_address>0x2c64</load_address>
         <readonly>true</readonly>
         <executable>true</executable>
         <run_address>0x2c64</run_address>
         <size>0x388</size>
         <alignment>0x4</alignment>
         <input_file_ref idref="fl-8"/>
      </object_component>
      <object_component id="oc-1c7">
         <name>.text.lcd_putc</name>
         <load_address>0x2fec</load_address>
         <readonly>true</readonly>
         <executable>true</executable>
         <run_address>0x2fec</run_address>
         <size>0x32c</size>
         <alignment>0x4</alignment>
         <input_file_ref idref="fl-8"/>
      </object_component>
      <object_component id="oc-117">
         <name>.text.sensor_get_position</name>
         <load_address>0x3318</load_address>
         <readonly>true</readonly>
         <executable>true</executable>
         <run_address>0x3318</run_address>
         <size>0x24c</size>
         <alignment>0x4</alignment>
         <input_file_ref idref="fl-c"/>
      </object_component>
      <object_component id="oc-cf">
         <name>.text.lcd_clear</name>
         <load_address>0x3564</load_address>
         <readonly>true</readonly>
         <executable>true</executable>
         <run_address>0x3564</run_address>
         <size>0x1cc</size>
         <alignment>0x4</alignment>
         <input_file_ref idref="fl-8"/>
      </object_component>
      <object_component id="oc-137">
         <name>.text.ball_pid_cascade_run3</name>
         <load_address>0x3730</load_address>
         <readonly>true</readonly>
         <executable>true</executable>
         <run_address>0x3730</run_address>
         <size>0x118</size>
         <alignment>0x4</alignment>
         <input_file_ref idref="fl-1"/>
      </object_component>
      <object_component id="oc-115">
         <name>.text.ball_pid_cascade_run</name>
         <load_address>0x3848</load_address>
         <readonly>true</readonly>
         <executable>true</executable>
         <run_address>0x3848</run_address>
         <size>0x118</size>
         <alignment>0x4</alignment>
         <input_file_ref idref="fl-1"/>
      </object_component>
      <object_component id="oc-195">
         <name>.text.lcd_data16</name>
         <load_address>0x3960</load_address>
         <readonly>true</readonly>
         <executable>true</executable>
         <run_address>0x3960</run_address>
         <size>0x110</size>
         <alignment>0x4</alignment>
         <input_file_ref idref="fl-8"/>
      </object_component>
      <object_component id="oc-1de">
         <name>.text.DL_Timer_initFourCCPWMMode</name>
         <load_address>0x3a70</load_address>
         <readonly>true</readonly>
         <executable>true</executable>
         <run_address>0x3a70</run_address>
         <size>0x104</size>
         <alignment>0x4</alignment>
         <input_file_ref idref="fl-1e"/>
      </object_component>
      <object_component id="oc-1e3">
         <name>.text.DL_Timer_initTimerMode</name>
         <load_address>0x3b74</load_address>
         <readonly>true</readonly>
         <executable>true</executable>
         <run_address>0x3b74</run_address>
         <size>0xfc</size>
         <alignment>0x4</alignment>
         <input_file_ref idref="fl-1e"/>
      </object_component>
      <object_component id="oc-136">
         <name>.text.lcd_print_int</name>
         <load_address>0x3c70</load_address>
         <readonly>true</readonly>
         <executable>true</executable>
         <run_address>0x3c70</run_address>
         <size>0xf8</size>
         <alignment>0x2</alignment>
         <input_file_ref idref="fl-8"/>
      </object_component>
      <object_component id="oc-f8">
         <name>.text.lcd_print_int_big</name>
         <load_address>0x3d68</load_address>
         <readonly>true</readonly>
         <executable>true</executable>
         <run_address>0x3d68</run_address>
         <size>0xf8</size>
         <alignment>0x2</alignment>
         <input_file_ref idref="fl-8"/>
      </object_component>
      <object_component id="oc-190">
         <name>.text.lcd_window</name>
         <load_address>0x3e60</load_address>
         <readonly>true</readonly>
         <executable>true</executable>
         <run_address>0x3e60</run_address>
         <size>0xe8</size>
         <alignment>0x4</alignment>
         <input_file_ref idref="fl-8"/>
      </object_component>
      <object_component id="oc-14d">
         <name>.text.line_follow</name>
         <load_address>0x3f48</load_address>
         <readonly>true</readonly>
         <executable>true</executable>
         <run_address>0x3f48</run_address>
         <size>0xe8</size>
         <alignment>0x4</alignment>
         <input_file_ref idref="fl-9"/>
      </object_component>
      <object_component id="oc-3b">
         <name>.text.UART3_IRQHandler</name>
         <load_address>0x4030</load_address>
         <readonly>true</readonly>
         <executable>true</executable>
         <run_address>0x4030</run_address>
         <size>0xdc</size>
         <alignment>0x4</alignment>
         <input_file_ref idref="fl-c"/>
      </object_component>
      <object_component id="oc-ec">
         <name>.text</name>
         <load_address>0x410c</load_address>
         <readonly>true</readonly>
         <executable>true</executable>
         <run_address>0x410c</run_address>
         <size>0xd8</size>
         <alignment>0x4</alignment>
         <input_file_ref idref="fl-e1"/>
      </object_component>
      <object_component id="oc-186">
         <name>.text.SYSCFG_DL_GPIO_init</name>
         <load_address>0x41e4</load_address>
         <readonly>true</readonly>
         <executable>true</executable>
         <run_address>0x41e4</run_address>
         <size>0xc0</size>
         <alignment>0x4</alignment>
         <input_file_ref idref="fl-4"/>
      </object_component>
      <object_component id="oc-46">
         <name>.text.UART2_IRQHandler</name>
         <load_address>0x42a4</load_address>
         <readonly>true</readonly>
         <executable>true</executable>
         <run_address>0x42a4</run_address>
         <size>0xc0</size>
         <alignment>0x4</alignment>
         <input_file_ref idref="fl-7"/>
      </object_component>
      <object_component id="oc-7a">
         <name>.text.vision_parse_byte</name>
         <load_address>0x4364</load_address>
         <readonly>true</readonly>
         <executable>true</executable>
         <run_address>0x4364</run_address>
         <size>0xbc</size>
         <alignment>0x4</alignment>
         <input_file_ref idref="fl-f"/>
      </object_component>
      <object_component id="oc-d8">
         <name>.text.sensor_init</name>
         <load_address>0x4420</load_address>
         <readonly>true</readonly>
         <executable>true</executable>
         <run_address>0x4420</run_address>
         <size>0xb4</size>
         <alignment>0x4</alignment>
         <input_file_ref idref="fl-c"/>
      </object_component>
      <object_component id="oc-e7">
         <name>.text.vision_init</name>
         <load_address>0x44d4</load_address>
         <readonly>true</readonly>
         <executable>true</executable>
         <run_address>0x44d4</run_address>
         <size>0xb4</size>
         <alignment>0x4</alignment>
         <input_file_ref idref="fl-f"/>
      </object_component>
      <object_component id="oc-118">
         <name>.text.motor_set</name>
         <load_address>0x4588</load_address>
         <readonly>true</readonly>
         <executable>true</executable>
         <run_address>0x4588</run_address>
         <size>0x9c</size>
         <alignment>0x4</alignment>
         <input_file_ref idref="fl-a"/>
      </object_component>
      <object_component id="oc-bb">
         <name>.text:memcpy</name>
         <load_address>0x4624</load_address>
         <readonly>true</readonly>
         <executable>true</executable>
         <run_address>0x4624</run_address>
         <size>0x9a</size>
         <alignment>0x1</alignment>
         <input_file_ref idref="fl-ef"/>
      </object_component>
      <object_component id="oc-33">
         <name>.text.Default_Handler</name>
         <load_address>0x46be</load_address>
         <readonly>true</readonly>
         <executable>true</executable>
         <run_address>0x46be</run_address>
         <size>0x2</size>
         <alignment>0x2</alignment>
         <input_file_ref idref="fl-5"/>
      </object_component>
      <object_component id="oc-112">
         <name>.text.encoder_update</name>
         <load_address>0x46c0</load_address>
         <readonly>true</readonly>
         <executable>true</executable>
         <run_address>0x46c0</run_address>
         <size>0x98</size>
         <alignment>0x4</alignment>
         <input_file_ref idref="fl-6"/>
      </object_component>
      <object_component id="oc-189">
         <name>.text.SYSCFG_DL_MOTOR_L_PWM_init</name>
         <load_address>0x4758</load_address>
         <readonly>true</readonly>
         <executable>true</executable>
         <run_address>0x4758</run_address>
         <size>0x90</size>
         <alignment>0x4</alignment>
         <input_file_ref idref="fl-4"/>
      </object_component>
      <object_component id="oc-82">
         <name>.text.__mulsf3</name>
         <load_address>0x47e8</load_address>
         <readonly>true</readonly>
         <executable>true</executable>
         <run_address>0x47e8</run_address>
         <size>0x8c</size>
         <alignment>0x4</alignment>
         <input_file_ref idref="fl-e2"/>
      </object_component>
      <object_component id="oc-f0">
         <name>.text.__divsf3</name>
         <load_address>0x4874</load_address>
         <readonly>true</readonly>
         <executable>true</executable>
         <run_address>0x4874</run_address>
         <size>0x82</size>
         <alignment>0x4</alignment>
         <input_file_ref idref="fl-e3"/>
      </object_component>
      <object_component id="oc-1a5">
         <name>.text.__aeabi_idiv0</name>
         <load_address>0x48f6</load_address>
         <readonly>true</readonly>
         <executable>true</executable>
         <run_address>0x48f6</run_address>
         <size>0x2</size>
         <alignment>0x2</alignment>
         <input_file_ref idref="fl-ee"/>
      </object_component>
      <object_component id="oc-1c">
         <name>.text:decompress:lzss</name>
         <load_address>0x48f8</load_address>
         <readonly>true</readonly>
         <executable>true</executable>
         <run_address>0x48f8</run_address>
         <size>0x7c</size>
         <alignment>0x4</alignment>
         <input_file_ref idref="fl-3d"/>
      </object_component>
      <object_component id="oc-fd">
         <name>.text.ball_pid_init</name>
         <load_address>0x4974</load_address>
         <readonly>true</readonly>
         <executable>true</executable>
         <run_address>0x4974</run_address>
         <size>0x6c</size>
         <alignment>0x4</alignment>
         <input_file_ref idref="fl-1"/>
      </object_component>
      <object_component id="oc-12a">
         <name>.text.ball_pid_init3</name>
         <load_address>0x49e0</load_address>
         <readonly>true</readonly>
         <executable>true</executable>
         <run_address>0x49e0</run_address>
         <size>0x68</size>
         <alignment>0x4</alignment>
         <input_file_ref idref="fl-1"/>
      </object_component>
      <object_component id="oc-10e">
         <name>.text.__aeabi_fcmp</name>
         <load_address>0x4a48</load_address>
         <readonly>true</readonly>
         <executable>true</executable>
         <run_address>0x4a48</run_address>
         <size>0x62</size>
         <alignment>0x4</alignment>
         <input_file_ref idref="fl-e7"/>
      </object_component>
      <object_component id="oc-f9">
         <name>.text.__aeabi_idivmod</name>
         <load_address>0x4aac</load_address>
         <readonly>true</readonly>
         <executable>true</executable>
         <run_address>0x4aac</run_address>
         <size>0x56</size>
         <alignment>0x4</alignment>
         <input_file_ref idref="fl-e8"/>
      </object_component>
      <object_component id="oc-132">
         <name>.text.DL_UART_init</name>
         <load_address>0x4b04</load_address>
         <readonly>true</readonly>
         <executable>true</executable>
         <run_address>0x4b04</run_address>
         <size>0x48</size>
         <alignment>0x4</alignment>
         <input_file_ref idref="fl-1f"/>
      </object_component>
      <object_component id="oc-e1">
         <name>.text.sensor_read_all</name>
         <load_address>0x4b4c</load_address>
         <readonly>true</readonly>
         <executable>true</executable>
         <run_address>0x4b4c</run_address>
         <size>0x48</size>
         <alignment>0x4</alignment>
         <input_file_ref idref="fl-c"/>
      </object_component>
      <object_component id="oc-187">
         <name>.text.SYSCFG_DL_SYSCTL_init</name>
         <load_address>0x4b94</load_address>
         <readonly>true</readonly>
         <executable>true</executable>
         <run_address>0x4b94</run_address>
         <size>0x40</size>
         <alignment>0x4</alignment>
         <input_file_ref idref="fl-4"/>
      </object_component>
      <object_component id="oc-185">
         <name>.text.SYSCFG_DL_initPower</name>
         <load_address>0x4bd4</load_address>
         <readonly>true</readonly>
         <executable>true</executable>
         <run_address>0x4bd4</run_address>
         <size>0x40</size>
         <alignment>0x4</alignment>
         <input_file_ref idref="fl-4"/>
      </object_component>
      <object_component id="oc-1a1">
         <name>.text.__aeabi_uidivmod</name>
         <load_address>0x4c14</load_address>
         <readonly>true</readonly>
         <executable>true</executable>
         <run_address>0x4c14</run_address>
         <size>0x40</size>
         <alignment>0x4</alignment>
         <input_file_ref idref="fl-eb"/>
      </object_component>
      <object_component id="oc-7e">
         <name>.text.__floatsisf</name>
         <load_address>0x4c54</load_address>
         <readonly>true</readonly>
         <executable>true</executable>
         <run_address>0x4c54</run_address>
         <size>0x3c</size>
         <alignment>0x4</alignment>
         <input_file_ref idref="fl-e5"/>
      </object_component>
      <object_component id="oc-1b8">
         <name>.text.__gtsf2</name>
         <load_address>0x4c90</load_address>
         <readonly>true</readonly>
         <executable>true</executable>
         <run_address>0x4c90</run_address>
         <size>0x3c</size>
         <alignment>0x4</alignment>
         <input_file_ref idref="fl-ec"/>
      </object_component>
      <object_component id="oc-16b">
         <name>.text:__TI_auto_init_nobinit_nopinit</name>
         <load_address>0x4ccc</load_address>
         <readonly>true</readonly>
         <executable>true</executable>
         <run_address>0x4ccc</run_address>
         <size>0x3c</size>
         <alignment>0x4</alignment>
         <input_file_ref idref="fl-38"/>
      </object_component>
      <object_component id="oc-1b3">
         <name>.text.__eqsf2</name>
         <load_address>0x4d08</load_address>
         <readonly>true</readonly>
         <executable>true</executable>
         <run_address>0x4d08</run_address>
         <size>0x3a</size>
         <alignment>0x4</alignment>
         <input_file_ref idref="fl-ec"/>
      </object_component>
      <object_component id="oc-b1">
         <name>.text.__muldsi3</name>
         <load_address>0x4d44</load_address>
         <readonly>true</readonly>
         <executable>true</executable>
         <run_address>0x4d44</run_address>
         <size>0x3a</size>
         <alignment>0x4</alignment>
         <input_file_ref idref="fl-ed"/>
      </object_component>
      <object_component id="oc-18a">
         <name>.text.SYSCFG_DL_CTRL_TIMER_init</name>
         <load_address>0x4d80</load_address>
         <readonly>true</readonly>
         <executable>true</executable>
         <run_address>0x4d80</run_address>
         <size>0x38</size>
         <alignment>0x4</alignment>
         <input_file_ref idref="fl-4"/>
      </object_component>
      <object_component id="oc-f4">
         <name>.text.__fixsfsi</name>
         <load_address>0x4db8</load_address>
         <readonly>true</readonly>
         <executable>true</executable>
         <run_address>0x4db8</run_address>
         <size>0x38</size>
         <alignment>0x4</alignment>
         <input_file_ref idref="fl-e4"/>
      </object_component>
      <object_component id="oc-107">
         <name>.text.encoder_reset_distance</name>
         <load_address>0x4df0</load_address>
         <readonly>true</readonly>
         <executable>true</executable>
         <run_address>0x4df0</run_address>
         <size>0x34</size>
         <alignment>0x4</alignment>
         <input_file_ref idref="fl-6"/>
      </object_component>
      <object_component id="oc-135">
         <name>.text.lcd_puts</name>
         <load_address>0x4e24</load_address>
         <readonly>true</readonly>
         <executable>true</executable>
         <run_address>0x4e24</run_address>
         <size>0x32</size>
         <alignment>0x2</alignment>
         <input_file_ref idref="fl-8"/>
      </object_component>
      <object_component id="oc-d1">
         <name>.text.lcd_puts_big</name>
         <load_address>0x4e56</load_address>
         <readonly>true</readonly>
         <executable>true</executable>
         <run_address>0x4e56</run_address>
         <size>0x32</size>
         <alignment>0x2</alignment>
         <input_file_ref idref="fl-8"/>
      </object_component>
      <object_component id="oc-102">
         <name>.text.stepper_init</name>
         <load_address>0x4e88</load_address>
         <readonly>true</readonly>
         <executable>true</executable>
         <run_address>0x4e88</run_address>
         <size>0x30</size>
         <alignment>0x4</alignment>
         <input_file_ref idref="fl-e"/>
      </object_component>
      <object_component id="oc-34">
         <name>.text.GROUP0_IRQHandler</name>
         <load_address>0x4eb8</load_address>
         <readonly>true</readonly>
         <executable>true</executable>
         <run_address>0x4eb8</run_address>
         <size>0x28</size>
         <alignment>0x4</alignment>
         <input_file_ref idref="fl-6"/>
      </object_component>
      <object_component id="oc-3a">
         <name>.text.GROUP1_IRQHandler</name>
         <load_address>0x4ee0</load_address>
         <readonly>true</readonly>
         <executable>true</executable>
         <run_address>0x4ee0</run_address>
         <size>0x28</size>
         <alignment>0x4</alignment>
         <input_file_ref idref="fl-6"/>
      </object_component>
      <object_component id="oc-e8">
         <name>.text.__floatunsisf</name>
         <load_address>0x4f08</load_address>
         <readonly>true</readonly>
         <executable>true</executable>
         <run_address>0x4f08</run_address>
         <size>0x28</size>
         <alignment>0x4</alignment>
         <input_file_ref idref="fl-e6"/>
      </object_component>
      <object_component id="oc-67">
         <name>.text:_c_int00_noargs</name>
         <load_address>0x4f30</load_address>
         <readonly>true</readonly>
         <executable>true</executable>
         <run_address>0x4f30</run_address>
         <size>0x28</size>
         <alignment>0x4</alignment>
         <input_file_ref idref="fl-36"/>
      </object_component>
      <object_component id="oc-41">
         <name>.text.UART1_IRQHandler</name>
         <load_address>0x4f58</load_address>
         <readonly>true</readonly>
         <executable>true</executable>
         <run_address>0x4f58</run_address>
         <size>0x20</size>
         <alignment>0x4</alignment>
         <input_file_ref idref="fl-f"/>
      </object_component>
      <object_component id="oc-113">
         <name>.text.encoder_get_distance</name>
         <load_address>0x4f78</load_address>
         <readonly>true</readonly>
         <executable>true</executable>
         <run_address>0x4f78</run_address>
         <size>0x20</size>
         <alignment>0x4</alignment>
         <input_file_ref idref="fl-6"/>
      </object_component>
      <object_component id="oc-10d">
         <name>.text.stepper_step</name>
         <load_address>0x4f98</load_address>
         <readonly>true</readonly>
         <executable>true</executable>
         <run_address>0x4f98</run_address>
         <size>0x20</size>
         <alignment>0x4</alignment>
         <input_file_ref idref="fl-e"/>
      </object_component>
      <object_component id="oc-1e0">
         <name>.text.DL_Timer_setCaptCompUpdateMethod</name>
         <load_address>0x4fb8</load_address>
         <readonly>true</readonly>
         <executable>true</executable>
         <run_address>0x4fb8</run_address>
         <size>0x1c</size>
         <alignment>0x4</alignment>
         <input_file_ref idref="fl-1e"/>
      </object_component>
      <object_component id="oc-1dd">
         <name>.text.DL_Timer_setClockConfig</name>
         <load_address>0x4fd4</load_address>
         <readonly>true</readonly>
         <executable>true</executable>
         <run_address>0x4fd4</run_address>
         <size>0x1c</size>
         <alignment>0x4</alignment>
         <input_file_ref idref="fl-1e"/>
      </object_component>
      <object_component id="oc-14c">
         <name>.text.motor_brake</name>
         <load_address>0x4ff0</load_address>
         <readonly>true</readonly>
         <executable>true</executable>
         <run_address>0x4ff0</run_address>
         <size>0x1c</size>
         <alignment>0x4</alignment>
         <input_file_ref idref="fl-a"/>
      </object_component>
      <object_component id="oc-e0">
         <name>.text.motor_coast</name>
         <load_address>0x500c</load_address>
         <readonly>true</readonly>
         <executable>true</executable>
         <run_address>0x500c</run_address>
         <size>0x1c</size>
         <alignment>0x4</alignment>
         <input_file_ref idref="fl-a"/>
      </object_component>
      <object_component id="oc-10b">
         <name>.text.stepper_set_speed</name>
         <load_address>0x5028</load_address>
         <readonly>true</readonly>
         <executable>true</executable>
         <run_address>0x5028</run_address>
         <size>0x1c</size>
         <alignment>0x4</alignment>
         <input_file_ref idref="fl-e"/>
      </object_component>
      <object_component id="oc-1df">
         <name>.text.DL_Timer_setCaptureCompareOutCtl</name>
         <load_address>0x5044</load_address>
         <readonly>true</readonly>
         <executable>true</executable>
         <run_address>0x5044</run_address>
         <size>0x18</size>
         <alignment>0x4</alignment>
         <input_file_ref idref="fl-1e"/>
      </object_component>
      <object_component id="oc-c0">
         <name>.text.SYSCFG_DL_init</name>
         <load_address>0x505c</load_address>
         <readonly>true</readonly>
         <executable>true</executable>
         <run_address>0x505c</run_address>
         <size>0x18</size>
         <alignment>0x2</alignment>
         <input_file_ref idref="fl-4"/>
      </object_component>
      <object_component id="oc-d3">
         <name>.text.motor_init</name>
         <load_address>0x5074</load_address>
         <readonly>true</readonly>
         <executable>true</executable>
         <run_address>0x5074</run_address>
         <size>0x18</size>
         <alignment>0x4</alignment>
         <input_file_ref idref="fl-a"/>
      </object_component>
      <object_component id="oc-5e">
         <name>.text:decompress:ZI:__TI_zero_init_nomemset</name>
         <load_address>0x508c</load_address>
         <readonly>true</readonly>
         <executable>true</executable>
         <run_address>0x508c</run_address>
         <size>0x16</size>
         <alignment>0x2</alignment>
         <input_file_ref idref="fl-3b"/>
      </object_component>
      <object_component id="oc-134">
         <name>.text.lcd_set_cursor</name>
         <load_address>0x50a4</load_address>
         <readonly>true</readonly>
         <executable>true</executable>
         <run_address>0x50a4</run_address>
         <size>0x14</size>
         <alignment>0x4</alignment>
         <input_file_ref idref="fl-8"/>
      </object_component>
      <object_component id="oc-d0">
         <name>.text.lcd_set_cursor_big</name>
         <load_address>0x50b8</load_address>
         <readonly>true</readonly>
         <executable>true</executable>
         <run_address>0x50b8</run_address>
         <size>0x14</size>
         <alignment>0x4</alignment>
         <input_file_ref idref="fl-8"/>
      </object_component>
      <object_component id="oc-da">
         <name>.text.pid_init</name>
         <load_address>0x50cc</load_address>
         <readonly>true</readonly>
         <executable>true</executable>
         <run_address>0x50cc</run_address>
         <size>0x14</size>
         <alignment>0x2</alignment>
         <input_file_ref idref="fl-b"/>
      </object_component>
      <object_component id="oc-12c">
         <name>.text.DL_UART_setClockConfig</name>
         <load_address>0x50e0</load_address>
         <readonly>true</readonly>
         <executable>true</executable>
         <run_address>0x50e0</run_address>
         <size>0x12</size>
         <alignment>0x2</alignment>
         <input_file_ref idref="fl-1f"/>
      </object_component>
      <object_component id="oc-116">
         <name>.text.sensor_is_line_detected</name>
         <load_address>0x50f2</load_address>
         <readonly>true</readonly>
         <executable>true</executable>
         <run_address>0x50f2</run_address>
         <size>0x12</size>
         <alignment>0x2</alignment>
         <input_file_ref idref="fl-c"/>
      </object_component>
      <object_component id="oc-20">
         <name>.text:decompress:none</name>
         <load_address>0x5104</load_address>
         <readonly>true</readonly>
         <executable>true</executable>
         <run_address>0x5104</run_address>
         <size>0x12</size>
         <alignment>0x2</alignment>
         <input_file_ref idref="fl-3c"/>
      </object_component>
      <object_component id="oc-1bf">
         <name>.text.DL_Timer_setCaptureCompareValue</name>
         <load_address>0x5118</load_address>
         <readonly>true</readonly>
         <executable>true</executable>
         <run_address>0x5118</run_address>
         <size>0x10</size>
         <alignment>0x4</alignment>
         <input_file_ref idref="fl-1e"/>
      </object_component>
      <object_component id="oc-12b">
         <name>.text.ball_pid_set_target3</name>
         <load_address>0x5128</load_address>
         <readonly>true</readonly>
         <executable>true</executable>
         <run_address>0x5128</run_address>
         <size>0x10</size>
         <alignment>0x4</alignment>
         <input_file_ref idref="fl-1"/>
      </object_component>
      <object_component id="oc-108">
         <name>.text.ball_pid_set_target</name>
         <load_address>0x5138</load_address>
         <readonly>true</readonly>
         <executable>true</executable>
         <run_address>0x5138</run_address>
         <size>0x10</size>
         <alignment>0x4</alignment>
         <input_file_ref idref="fl-1"/>
      </object_component>
      <object_component id="oc-d9">
         <name>.text.encoder_init</name>
         <load_address>0x5148</load_address>
         <readonly>true</readonly>
         <executable>true</executable>
         <run_address>0x5148</run_address>
         <size>0x10</size>
         <alignment>0x4</alignment>
         <input_file_ref idref="fl-6"/>
      </object_component>
      <object_component id="oc-114">
         <name>.text.sensor_set_mask</name>
         <load_address>0x5158</load_address>
         <readonly>true</readonly>
         <executable>true</executable>
         <run_address>0x5158</run_address>
         <size>0xc</size>
         <alignment>0x4</alignment>
         <input_file_ref idref="fl-c"/>
      </object_component>
      <object_component id="oc-138">
         <name>.text.stepper_disable</name>
         <load_address>0x5164</load_address>
         <readonly>true</readonly>
         <executable>true</executable>
         <run_address>0x5164</run_address>
         <size>0xc</size>
         <alignment>0x4</alignment>
         <input_file_ref idref="fl-e"/>
      </object_component>
      <object_component id="oc-10a">
         <name>.text.stepper_enable</name>
         <load_address>0x5170</load_address>
         <readonly>true</readonly>
         <executable>true</executable>
         <run_address>0x5170</run_address>
         <size>0xc</size>
         <alignment>0x4</alignment>
         <input_file_ref idref="fl-e"/>
      </object_component>
      <object_component id="oc-c5">
         <name>.text.DL_Common_delayCycles</name>
         <load_address>0x517c</load_address>
         <readonly>true</readonly>
         <executable>true</executable>
         <run_address>0x517c</run_address>
         <size>0xa</size>
         <alignment>0x2</alignment>
         <input_file_ref idref="fl-1d"/>
      </object_component>
      <object_component id="oc-57">
         <name>.text.__aeabi_memcpy</name>
         <load_address>0x5188</load_address>
         <readonly>true</readonly>
         <executable>true</executable>
         <run_address>0x5188</run_address>
         <size>0x8</size>
         <alignment>0x4</alignment>
         <input_file_ref idref="fl-e9"/>
      </object_component>
      <object_component id="oc-164">
         <name>.text:abort</name>
         <load_address>0x5190</load_address>
         <readonly>true</readonly>
         <executable>true</executable>
         <run_address>0x5190</run_address>
         <size>0x6</size>
         <alignment>0x2</alignment>
         <input_file_ref idref="fl-3e"/>
      </object_component>
      <object_component id="oc-1cc">
         <name>.text.HOSTexit</name>
         <load_address>0x5196</load_address>
         <readonly>true</readonly>
         <executable>true</executable>
         <run_address>0x5196</run_address>
         <size>0x4</size>
         <alignment>0x2</alignment>
         <input_file_ref idref="fl-e0"/>
      </object_component>
      <object_component id="oc-2f">
         <name>.text.Reset_Handler</name>
         <load_address>0x519a</load_address>
         <readonly>true</readonly>
         <executable>true</executable>
         <run_address>0x519a</run_address>
         <size>0x4</size>
         <alignment>0x2</alignment>
         <input_file_ref idref="fl-5"/>
      </object_component>
      <object_component id="oc-97">
         <name>.text._system_pre_init</name>
         <load_address>0x519e</load_address>
         <readonly>true</readonly>
         <executable>true</executable>
         <run_address>0x519e</run_address>
         <size>0x4</size>
         <alignment>0x2</alignment>
         <input_file_ref idref="fl-39"/>
      </object_component>
      <object_component id="oc-239">
         <name>.cinit..data.load</name>
         <load_address>0x58a0</load_address>
         <readonly>true</readonly>
         <run_address>0x58a0</run_address>
         <size>0xe</size>
         <alignment>0x1</alignment>
      </object_component>
      <object_component id="oc-237">
         <name>__TI_handler_table</name>
         <load_address>0x58b0</load_address>
         <readonly>true</readonly>
         <run_address>0x58b0</run_address>
         <size>0xc</size>
         <alignment>0x4</alignment>
      </object_component>
      <object_component id="oc-23a">
         <name>.cinit..bss.load</name>
         <load_address>0x58bc</load_address>
         <readonly>true</readonly>
         <run_address>0x58bc</run_address>
         <size>0x8</size>
         <alignment>0x4</alignment>
      </object_component>
      <object_component id="oc-238">
         <name>__TI_cinit_table</name>
         <load_address>0x58c4</load_address>
         <readonly>true</readonly>
         <run_address>0x58c4</run_address>
         <size>0x10</size>
         <alignment>0x4</alignment>
      </object_component>
      <object_component id="oc-198">
         <name>.rodata.g_font_8x16</name>
         <load_address>0x51a8</load_address>
         <readonly>true</readonly>
         <run_address>0x51a8</run_address>
         <size>0x5f0</size>
         <alignment>0x1</alignment>
         <input_file_ref idref="fl-8"/>
      </object_component>
      <object_component id="oc-1e5">
         <name>.rodata.gCTRL_TIMERTimerConfig</name>
         <load_address>0x5798</load_address>
         <readonly>true</readonly>
         <run_address>0x5798</run_address>
         <size>0x14</size>
         <alignment>0x4</alignment>
         <input_file_ref idref="fl-4"/>
      </object_component>
      <object_component id="oc-e3">
         <name>.rodata.str1.10224226614597680209.1</name>
         <load_address>0x57ac</load_address>
         <readonly>true</readonly>
         <run_address>0x57ac</run_address>
         <size>0xe</size>
         <alignment>0x1</alignment>
         <input_file_ref idref="fl-9"/>
      </object_component>
      <object_component id="oc-e2">
         <name>.rodata.str1.403738606202455663.1</name>
         <load_address>0x57ba</load_address>
         <readonly>true</readonly>
         <run_address>0x57ba</run_address>
         <size>0xd</size>
         <alignment>0x1</alignment>
         <input_file_ref idref="fl-9"/>
      </object_component>
      <object_component id="oc-133">
         <name>.rodata.str1.11702106008850790973.1</name>
         <load_address>0x57c7</load_address>
         <readonly>true</readonly>
         <run_address>0x57c7</run_address>
         <size>0xc</size>
         <alignment>0x1</alignment>
         <input_file_ref idref="fl-9"/>
      </object_component>
      <object_component id="oc-139">
         <name>.rodata.str1.10635229749459437609.1</name>
         <load_address>0x57d3</load_address>
         <readonly>true</readonly>
         <run_address>0x57d3</run_address>
         <size>0xb</size>
         <alignment>0x1</alignment>
         <input_file_ref idref="fl-9"/>
      </object_component>
      <object_component id="oc-156">
         <name>.rodata.str1.288608917962107522.1</name>
         <load_address>0x57de</load_address>
         <readonly>true</readonly>
         <run_address>0x57de</run_address>
         <size>0xb</size>
         <alignment>0x1</alignment>
         <input_file_ref idref="fl-9"/>
      </object_component>
      <object_component id="oc-14e">
         <name>.rodata.str1.11321157723316767883.1</name>
         <load_address>0x57e9</load_address>
         <readonly>true</readonly>
         <run_address>0x57e9</run_address>
         <size>0x9</size>
         <alignment>0x1</alignment>
         <input_file_ref idref="fl-9"/>
      </object_component>
      <object_component id="oc-141">
         <name>.rodata.str1.3530083166107438000.1</name>
         <load_address>0x57f2</load_address>
         <readonly>true</readonly>
         <run_address>0x57f2</run_address>
         <size>0x9</size>
         <alignment>0x1</alignment>
         <input_file_ref idref="fl-9"/>
      </object_component>
      <object_component id="oc-11a">
         <name>.rodata.str1.8076846746581808073.1</name>
         <load_address>0x57fb</load_address>
         <readonly>true</readonly>
         <run_address>0x57fb</run_address>
         <size>0x9</size>
         <alignment>0x1</alignment>
         <input_file_ref idref="fl-9"/>
      </object_component>
      <object_component id="oc-1e2">
         <name>.rodata.gMOTOR_L_PWMConfig</name>
         <load_address>0x5804</load_address>
         <readonly>true</readonly>
         <run_address>0x5804</run_address>
         <size>0x8</size>
         <alignment>0x4</alignment>
         <input_file_ref idref="fl-4"/>
      </object_component>
      <object_component id="oc-11b">
         <name>.rodata.str1.10313062130652730376.1</name>
         <load_address>0x580c</load_address>
         <readonly>true</readonly>
         <run_address>0x580c</run_address>
         <size>0x8</size>
         <alignment>0x1</alignment>
         <input_file_ref idref="fl-9"/>
      </object_component>
      <object_component id="oc-158">
         <name>.rodata.str1.16265332423659789559.1</name>
         <load_address>0x5814</load_address>
         <readonly>true</readonly>
         <run_address>0x5814</run_address>
         <size>0x8</size>
         <alignment>0x1</alignment>
         <input_file_ref idref="fl-9"/>
      </object_component>
      <object_component id="oc-142">
         <name>.rodata.str1.18092426736022315238.1</name>
         <load_address>0x581c</load_address>
         <readonly>true</readonly>
         <run_address>0x581c</run_address>
         <size>0x8</size>
         <alignment>0x1</alignment>
         <input_file_ref idref="fl-9"/>
      </object_component>
      <object_component id="oc-152">
         <name>.rodata.str1.6891813955777630061.1</name>
         <load_address>0x5824</load_address>
         <readonly>true</readonly>
         <run_address>0x5824</run_address>
         <size>0x8</size>
         <alignment>0x1</alignment>
         <input_file_ref idref="fl-9"/>
      </object_component>
      <object_component id="oc-11f">
         <name>.rodata.str1.8154729771448623357.1</name>
         <load_address>0x582c</load_address>
         <readonly>true</readonly>
         <run_address>0x582c</run_address>
         <size>0x8</size>
         <alignment>0x1</alignment>
         <input_file_ref idref="fl-9"/>
      </object_component>
      <object_component id="oc-77">
         <name>.rodata..Lswitch.table.UART3_IRQHandler</name>
         <load_address>0x5834</load_address>
         <readonly>true</readonly>
         <run_address>0x5834</run_address>
         <size>0x7</size>
         <alignment>0x1</alignment>
         <input_file_ref idref="fl-c"/>
      </object_component>
      <object_component id="oc-155">
         <name>.rodata.str1.13288086030101331538.1</name>
         <load_address>0x583b</load_address>
         <readonly>true</readonly>
         <run_address>0x583b</run_address>
         <size>0x6</size>
         <alignment>0x1</alignment>
         <input_file_ref idref="fl-9"/>
      </object_component>
      <object_component id="oc-15d">
         <name>.rodata.str1.13782249893155712474.1</name>
         <load_address>0x5841</load_address>
         <readonly>true</readonly>
         <run_address>0x5841</run_address>
         <size>0x5</size>
         <alignment>0x1</alignment>
         <input_file_ref idref="fl-9"/>
      </object_component>
      <object_component id="oc-13d">
         <name>.rodata.str1.16302215771116645891.1</name>
         <load_address>0x5846</load_address>
         <readonly>true</readonly>
         <run_address>0x5846</run_address>
         <size>0x5</size>
         <alignment>0x1</alignment>
         <input_file_ref idref="fl-9"/>
      </object_component>
      <object_component id="oc-157">
         <name>.rodata.str1.7702501944640899365.1</name>
         <load_address>0x584b</load_address>
         <readonly>true</readonly>
         <run_address>0x584b</run_address>
         <size>0x5</size>
         <alignment>0x1</alignment>
         <input_file_ref idref="fl-9"/>
      </object_component>
      <object_component id="oc-14b">
         <name>.rodata.str1.13030671760666898970.1</name>
         <load_address>0x5850</load_address>
         <readonly>true</readonly>
         <run_address>0x5850</run_address>
         <size>0x4</size>
         <alignment>0x1</alignment>
         <input_file_ref idref="fl-9"/>
      </object_component>
      <object_component id="oc-11c">
         <name>.rodata.str1.14079361385603432444.1</name>
         <load_address>0x5854</load_address>
         <readonly>true</readonly>
         <run_address>0x5854</run_address>
         <size>0x4</size>
         <alignment>0x1</alignment>
         <input_file_ref idref="fl-9"/>
      </object_component>
      <object_component id="oc-e6">
         <name>.rodata.str1.15159059442110792349.1</name>
         <load_address>0x5858</load_address>
         <readonly>true</readonly>
         <run_address>0x5858</run_address>
         <size>0x4</size>
         <alignment>0x1</alignment>
         <input_file_ref idref="fl-9"/>
      </object_component>
      <object_component id="oc-154">
         <name>.rodata.str1.16631870348416990953.1</name>
         <load_address>0x585c</load_address>
         <readonly>true</readonly>
         <run_address>0x585c</run_address>
         <size>0x4</size>
         <alignment>0x1</alignment>
         <input_file_ref idref="fl-9"/>
      </object_component>
      <object_component id="oc-153">
         <name>.rodata.str1.17376258722486336754.1</name>
         <load_address>0x5860</load_address>
         <readonly>true</readonly>
         <run_address>0x5860</run_address>
         <size>0x4</size>
         <alignment>0x1</alignment>
         <input_file_ref idref="fl-9"/>
      </object_component>
      <object_component id="oc-126">
         <name>.rodata.str1.18227636981041470289.1</name>
         <load_address>0x5864</load_address>
         <readonly>true</readonly>
         <run_address>0x5864</run_address>
         <size>0x4</size>
         <alignment>0x1</alignment>
         <input_file_ref idref="fl-9"/>
      </object_component>
      <object_component id="oc-11d">
         <name>.rodata.str1.2763581881760962609.1</name>
         <load_address>0x5868</load_address>
         <readonly>true</readonly>
         <run_address>0x5868</run_address>
         <size>0x4</size>
         <alignment>0x1</alignment>
         <input_file_ref idref="fl-9"/>
      </object_component>
      <object_component id="oc-1e4">
         <name>.rodata.gCTRL_TIMERClockConfig</name>
         <load_address>0x586c</load_address>
         <readonly>true</readonly>
         <run_address>0x586c</run_address>
         <size>0x3</size>
         <alignment>0x1</alignment>
         <input_file_ref idref="fl-4"/>
      </object_component>
      <object_component id="oc-1e1">
         <name>.rodata.gMOTOR_L_PWMClockConfig</name>
         <load_address>0x586f</load_address>
         <readonly>true</readonly>
         <run_address>0x586f</run_address>
         <size>0x3</size>
         <alignment>0x1</alignment>
         <input_file_ref idref="fl-4"/>
      </object_component>
      <object_component id="oc-e4">
         <name>.rodata.str1.11822182024223342093.1</name>
         <load_address>0x5872</load_address>
         <readonly>true</readonly>
         <run_address>0x5872</run_address>
         <size>0x3</size>
         <alignment>0x1</alignment>
         <input_file_ref idref="fl-9"/>
      </object_component>
      <object_component id="oc-161">
         <name>.rodata.str1.11870794119293528247.1</name>
         <load_address>0x5875</load_address>
         <readonly>true</readonly>
         <run_address>0x5875</run_address>
         <size>0x3</size>
         <alignment>0x1</alignment>
         <input_file_ref idref="fl-9"/>
      </object_component>
      <object_component id="oc-128">
         <name>.rodata.str1.12180500075719773345.1</name>
         <load_address>0x5878</load_address>
         <readonly>true</readonly>
         <run_address>0x5878</run_address>
         <size>0x3</size>
         <alignment>0x1</alignment>
         <input_file_ref idref="fl-9"/>
      </object_component>
      <object_component id="oc-13a">
         <name>.rodata.str1.1311392489248731986.1</name>
         <load_address>0x587b</load_address>
         <readonly>true</readonly>
         <run_address>0x587b</run_address>
         <size>0x3</size>
         <alignment>0x1</alignment>
         <input_file_ref idref="fl-9"/>
      </object_component>
      <object_component id="oc-14f">
         <name>.rodata.str1.14112174005742061988.1</name>
         <load_address>0x587e</load_address>
         <readonly>true</readonly>
         <run_address>0x587e</run_address>
         <size>0x3</size>
         <alignment>0x1</alignment>
         <input_file_ref idref="fl-9"/>
      </object_component>
      <object_component id="oc-13b">
         <name>.rodata.str1.15996357275703397564.1</name>
         <load_address>0x5881</load_address>
         <readonly>true</readonly>
         <run_address>0x5881</run_address>
         <size>0x3</size>
         <alignment>0x1</alignment>
         <input_file_ref idref="fl-9"/>
      </object_component>
      <object_component id="oc-151">
         <name>.rodata.str1.17045314124001216156.1</name>
         <load_address>0x5884</load_address>
         <readonly>true</readonly>
         <run_address>0x5884</run_address>
         <size>0x3</size>
         <alignment>0x1</alignment>
         <input_file_ref idref="fl-9"/>
      </object_component>
      <object_component id="oc-150">
         <name>.rodata.str1.2563708670032483588.1</name>
         <load_address>0x5887</load_address>
         <readonly>true</readonly>
         <run_address>0x5887</run_address>
         <size>0x3</size>
         <alignment>0x1</alignment>
         <input_file_ref idref="fl-9"/>
      </object_component>
      <object_component id="oc-14a">
         <name>.rodata.str1.39260288392874984.1</name>
         <load_address>0x588a</load_address>
         <readonly>true</readonly>
         <run_address>0x588a</run_address>
         <size>0x3</size>
         <alignment>0x1</alignment>
         <input_file_ref idref="fl-9"/>
      </object_component>
      <object_component id="oc-13c">
         <name>.rodata.str1.7784929982665794503.1</name>
         <load_address>0x588d</load_address>
         <readonly>true</readonly>
         <run_address>0x588d</run_address>
         <size>0x3</size>
         <alignment>0x1</alignment>
         <input_file_ref idref="fl-9"/>
      </object_component>
      <object_component id="oc-13e">
         <name>.rodata.str1.7996925722583989644.1</name>
         <load_address>0x5890</load_address>
         <readonly>true</readonly>
         <run_address>0x5890</run_address>
         <size>0x3</size>
         <alignment>0x1</alignment>
         <input_file_ref idref="fl-9"/>
      </object_component>
      <object_component id="oc-13f">
         <name>.rodata.str1.8096991282711418442.1</name>
         <load_address>0x5893</load_address>
         <readonly>true</readonly>
         <run_address>0x5893</run_address>
         <size>0x3</size>
         <alignment>0x1</alignment>
         <input_file_ref idref="fl-9"/>
      </object_component>
      <object_component id="oc-125">
         <name>.rodata.str1.17100691992556644108.1</name>
         <load_address>0x5896</load_address>
         <readonly>true</readonly>
         <run_address>0x5896</run_address>
         <size>0x2</size>
         <alignment>0x1</alignment>
         <input_file_ref idref="fl-9"/>
      </object_component>
      <object_component id="oc-127">
         <name>.rodata.str1.2846389346932560359.1</name>
         <load_address>0x5898</load_address>
         <readonly>true</readonly>
         <run_address>0x5898</run_address>
         <size>0x2</size>
         <alignment>0x1</alignment>
         <input_file_ref idref="fl-9"/>
      </object_component>
      <object_component id="oc-149">
         <name>.rodata.str1.6554448696319176064.1</name>
         <load_address>0x589a</load_address>
         <readonly>true</readonly>
         <run_address>0x589a</run_address>
         <size>0x2</size>
         <alignment>0x1</alignment>
         <input_file_ref idref="fl-9"/>
      </object_component>
      <object_component id="oc-160">
         <name>.rodata.str1.8108965883388295311.1</name>
         <load_address>0x589c</load_address>
         <readonly>true</readonly>
         <run_address>0x589c</run_address>
         <size>0x2</size>
         <alignment>0x1</alignment>
         <input_file_ref idref="fl-9"/>
      </object_component>
      <object_component id="oc-201">
         <name>.binit</name>
         <load_address>0x0</load_address>
         <readonly>true</readonly>
         <run_address>0x0</run_address>
         <size>0x0</size>
         <alignment>0x4</alignment>
      </object_component>
      <object_component id="oc-1be">
         <name>.data.ball_pid_cascade_run.pos_filt</name>
         <load_address>0x20200100</load_address>
         <readwrite>true</readwrite>
         <run_address>0x20200100</run_address>
         <size>0x4</size>
         <alignment>0x4</alignment>
         <input_file_ref idref="fl-1"/>
      </object_component>
      <object_component id="oc-1bd">
         <name>.data.ball_pid_cascade_run.pos_filt_init</name>
         <load_address>0x20200168</load_address>
         <readwrite>true</readwrite>
         <run_address>0x20200168</run_address>
         <size>0x1</size>
         <alignment>0x1</alignment>
         <input_file_ref idref="fl-1"/>
      </object_component>
      <object_component id="oc-1c9">
         <name>.data.ball_pid_cascade_run3.pos_filt</name>
         <load_address>0x20200104</load_address>
         <readwrite>true</readwrite>
         <run_address>0x20200104</run_address>
         <size>0x4</size>
         <alignment>0x4</alignment>
         <input_file_ref idref="fl-1"/>
      </object_component>
      <object_component id="oc-1c8">
         <name>.data.ball_pid_cascade_run3.pos_filt_init</name>
         <load_address>0x20200169</load_address>
         <readwrite>true</readwrite>
         <run_address>0x20200169</run_address>
         <size>0x1</size>
         <alignment>0x1</alignment>
         <input_file_ref idref="fl-1"/>
      </object_component>
      <object_component id="oc-71">
         <name>.data.g_enc_l_cnt</name>
         <load_address>0x20200110</load_address>
         <readwrite>true</readwrite>
         <run_address>0x20200110</run_address>
         <size>0x4</size>
         <alignment>0x4</alignment>
         <input_file_ref idref="fl-6"/>
      </object_component>
      <object_component id="oc-6e">
         <name>.data.g_enc_r_cnt</name>
         <load_address>0x20200114</load_address>
         <readwrite>true</readwrite>
         <run_address>0x20200114</run_address>
         <size>0x4</size>
         <alignment>0x4</alignment>
         <input_file_ref idref="fl-6"/>
      </object_component>
      <object_component id="oc-1b1">
         <name>.data.g_last_l</name>
         <load_address>0x2020011c</load_address>
         <readwrite>true</readwrite>
         <run_address>0x2020011c</run_address>
         <size>0x4</size>
         <alignment>0x4</alignment>
         <input_file_ref idref="fl-6"/>
      </object_component>
      <object_component id="oc-1b2">
         <name>.data.g_last_r</name>
         <load_address>0x20200120</load_address>
         <readwrite>true</readwrite>
         <run_address>0x20200120</run_address>
         <size>0x4</size>
         <alignment>0x4</alignment>
         <input_file_ref idref="fl-6"/>
      </object_component>
      <object_component id="oc-1ba">
         <name>.data.g_speed_l</name>
         <load_address>0x20200124</load_address>
         <readwrite>true</readwrite>
         <run_address>0x20200124</run_address>
         <size>0x4</size>
         <alignment>0x4</alignment>
         <input_file_ref idref="fl-6"/>
      </object_component>
      <object_component id="oc-1bb">
         <name>.data.g_speed_r</name>
         <load_address>0x20200128</load_address>
         <readwrite>true</readwrite>
         <run_address>0x20200128</run_address>
         <size>0x4</size>
         <alignment>0x4</alignment>
         <input_file_ref idref="fl-6"/>
      </object_component>
      <object_component id="oc-1af">
         <name>.data.g_dist_l</name>
         <load_address>0x20200108</load_address>
         <readwrite>true</readwrite>
         <run_address>0x20200108</run_address>
         <size>0x4</size>
         <alignment>0x4</alignment>
         <input_file_ref idref="fl-6"/>
      </object_component>
      <object_component id="oc-1b0">
         <name>.data.g_dist_r</name>
         <load_address>0x2020010c</load_address>
         <readwrite>true</readwrite>
         <run_address>0x2020010c</run_address>
         <size>0x4</size>
         <alignment>0x4</alignment>
         <input_file_ref idref="fl-6"/>
      </object_component>
      <object_component id="oc-86">
         <name>.data.g_fidx</name>
         <load_address>0x2020016b</load_address>
         <readwrite>true</readwrite>
         <run_address>0x2020016b</run_address>
         <size>0x1</size>
         <alignment>0x1</alignment>
         <input_file_ref idref="fl-7"/>
      </object_component>
      <object_component id="oc-8a">
         <name>.data.g_gz_raw</name>
         <load_address>0x20200118</load_address>
         <readwrite>true</readwrite>
         <run_address>0x20200118</run_address>
         <size>0x4</size>
         <alignment>0x4</alignment>
         <input_file_ref idref="fl-7"/>
      </object_component>
      <object_component id="oc-8b">
         <name>.data.g_new_gz</name>
         <load_address>0x2020016d</load_address>
         <readwrite>true</readwrite>
         <run_address>0x2020016d</run_address>
         <size>0x1</size>
         <alignment>0x1</alignment>
         <input_file_ref idref="fl-7"/>
      </object_component>
      <object_component id="oc-88">
         <name>.data.g_yaw</name>
         <load_address>0x2020012c</load_address>
         <readwrite>true</readwrite>
         <run_address>0x2020012c</run_address>
         <size>0x4</size>
         <alignment>0x4</alignment>
         <input_file_ref idref="fl-7"/>
      </object_component>
      <object_component id="oc-89">
         <name>.data.g_new_yaw</name>
         <load_address>0x2020016e</load_address>
         <readwrite>true</readwrite>
         <run_address>0x2020016e</run_address>
         <size>0x1</size>
         <alignment>0x1</alignment>
         <input_file_ref idref="fl-7"/>
      </object_component>
      <object_component id="oc-191">
         <name>.data.g_cx</name>
         <load_address>0x20200156</load_address>
         <readwrite>true</readwrite>
         <run_address>0x20200156</run_address>
         <size>0x2</size>
         <alignment>0x2</alignment>
         <input_file_ref idref="fl-8"/>
      </object_component>
      <object_component id="oc-192">
         <name>.data.g_cy</name>
         <load_address>0x20200158</load_address>
         <readwrite>true</readwrite>
         <run_address>0x20200158</run_address>
         <size>0x2</size>
         <alignment>0x2</alignment>
         <input_file_ref idref="fl-8"/>
      </object_component>
      <object_component id="oc-196">
         <name>.data.g_bg</name>
         <load_address>0x20200154</load_address>
         <readwrite>true</readwrite>
         <run_address>0x20200154</run_address>
         <size>0x2</size>
         <alignment>0x2</alignment>
         <input_file_ref idref="fl-8"/>
      </object_component>
      <object_component id="oc-197">
         <name>.data.g_fg</name>
         <load_address>0x2020015a</load_address>
         <readwrite>true</readwrite>
         <run_address>0x2020015a</run_address>
         <size>0x2</size>
         <alignment>0x2</alignment>
         <input_file_ref idref="fl-8"/>
      </object_component>
      <object_component id="oc-1ca">
         <name>.data.line_follow.last_pos</name>
         <load_address>0x20200134</load_address>
         <readwrite>true</readwrite>
         <run_address>0x20200134</run_address>
         <size>0x4</size>
         <alignment>0x4</alignment>
         <input_file_ref idref="fl-9"/>
      </object_component>
      <object_component id="oc-1cb">
         <name>.data.line_follow.last_error</name>
         <load_address>0x20200130</load_address>
         <readwrite>true</readwrite>
         <run_address>0x20200130</run_address>
         <size>0x4</size>
         <alignment>0x4</alignment>
         <input_file_ref idref="fl-9"/>
      </object_component>
      <object_component id="oc-120">
         <name>.data.main.t5_rx_flag</name>
         <load_address>0x20200173</load_address>
         <readwrite>true</readwrite>
         <run_address>0x20200173</run_address>
         <size>0x1</size>
         <alignment>0x1</alignment>
         <input_file_ref idref="fl-9"/>
      </object_component>
      <object_component id="oc-121">
         <name>.data.main.ph</name>
         <load_address>0x20200171</load_address>
         <readwrite>true</readwrite>
         <run_address>0x20200171</run_address>
         <size>0x1</size>
         <alignment>0x1</alignment>
         <input_file_ref idref="fl-9"/>
      </object_component>
      <object_component id="oc-122">
         <name>.data.main.c</name>
         <load_address>0x20200160</load_address>
         <readwrite>true</readwrite>
         <run_address>0x20200160</run_address>
         <size>0x2</size>
         <alignment>0x2</alignment>
         <input_file_ref idref="fl-9"/>
      </object_component>
      <object_component id="oc-123">
         <name>.data.main.s</name>
         <load_address>0x20200166</load_address>
         <readwrite>true</readwrite>
         <run_address>0x20200166</run_address>
         <size>0x2</size>
         <alignment>0x2</alignment>
         <input_file_ref idref="fl-9"/>
      </object_component>
      <object_component id="oc-129">
         <name>.data.main.lf5_last</name>
         <load_address>0x20200140</load_address>
         <readwrite>true</readwrite>
         <run_address>0x20200140</run_address>
         <size>0x4</size>
         <alignment>0x4</alignment>
         <input_file_ref idref="fl-9"/>
      </object_component>
      <object_component id="oc-124">
         <name>.data.main.lf5_le</name>
         <load_address>0x20200144</load_address>
         <readwrite>true</readwrite>
         <run_address>0x20200144</run_address>
         <size>0x4</size>
         <alignment>0x4</alignment>
         <input_file_ref idref="fl-9"/>
      </object_component>
      <object_component id="oc-159">
         <name>.data.main.t6_rx_flag</name>
         <load_address>0x20200174</load_address>
         <readwrite>true</readwrite>
         <run_address>0x20200174</run_address>
         <size>0x1</size>
         <alignment>0x1</alignment>
         <input_file_ref idref="fl-9"/>
      </object_component>
      <object_component id="oc-15a">
         <name>.data.main.ph.11</name>
         <load_address>0x2020016f</load_address>
         <readwrite>true</readwrite>
         <run_address>0x2020016f</run_address>
         <size>0x1</size>
         <alignment>0x1</alignment>
         <input_file_ref idref="fl-9"/>
      </object_component>
      <object_component id="oc-15b">
         <name>.data.main.c.12</name>
         <load_address>0x2020015c</load_address>
         <readwrite>true</readwrite>
         <run_address>0x2020015c</run_address>
         <size>0x2</size>
         <alignment>0x2</alignment>
         <input_file_ref idref="fl-9"/>
      </object_component>
      <object_component id="oc-15c">
         <name>.data.main.s.13</name>
         <load_address>0x20200162</load_address>
         <readwrite>true</readwrite>
         <run_address>0x20200162</run_address>
         <size>0x2</size>
         <alignment>0x2</alignment>
         <input_file_ref idref="fl-9"/>
      </object_component>
      <object_component id="oc-15e">
         <name>.data.main.lf6_last</name>
         <load_address>0x20200148</load_address>
         <readwrite>true</readwrite>
         <run_address>0x20200148</run_address>
         <size>0x4</size>
         <alignment>0x4</alignment>
         <input_file_ref idref="fl-9"/>
      </object_component>
      <object_component id="oc-15f">
         <name>.data.main.lf6_le</name>
         <load_address>0x2020014c</load_address>
         <readwrite>true</readwrite>
         <run_address>0x2020014c</run_address>
         <size>0x4</size>
         <alignment>0x4</alignment>
         <input_file_ref idref="fl-9"/>
      </object_component>
      <object_component id="oc-143">
         <name>.data.main.t4_rx_flag</name>
         <load_address>0x20200172</load_address>
         <readwrite>true</readwrite>
         <run_address>0x20200172</run_address>
         <size>0x1</size>
         <alignment>0x1</alignment>
         <input_file_ref idref="fl-9"/>
      </object_component>
      <object_component id="oc-144">
         <name>.data.main.ph.34</name>
         <load_address>0x20200170</load_address>
         <readwrite>true</readwrite>
         <run_address>0x20200170</run_address>
         <size>0x1</size>
         <alignment>0x1</alignment>
         <input_file_ref idref="fl-9"/>
      </object_component>
      <object_component id="oc-145">
         <name>.data.main.c.35</name>
         <load_address>0x2020015e</load_address>
         <readwrite>true</readwrite>
         <run_address>0x2020015e</run_address>
         <size>0x2</size>
         <alignment>0x2</alignment>
         <input_file_ref idref="fl-9"/>
      </object_component>
      <object_component id="oc-146">
         <name>.data.main.s.36</name>
         <load_address>0x20200164</load_address>
         <readwrite>true</readwrite>
         <run_address>0x20200164</run_address>
         <size>0x2</size>
         <alignment>0x2</alignment>
         <input_file_ref idref="fl-9"/>
      </object_component>
      <object_component id="oc-148">
         <name>.data.main.lf4_last</name>
         <load_address>0x20200138</load_address>
         <readwrite>true</readwrite>
         <run_address>0x20200138</run_address>
         <size>0x4</size>
         <alignment>0x4</alignment>
         <input_file_ref idref="fl-9"/>
      </object_component>
      <object_component id="oc-147">
         <name>.data.main.lf4_le</name>
         <load_address>0x2020013c</load_address>
         <readwrite>true</readwrite>
         <run_address>0x2020013c</run_address>
         <size>0x4</size>
         <alignment>0x4</alignment>
         <input_file_ref idref="fl-9"/>
      </object_component>
      <object_component id="oc-e5">
         <name>.data.g_pid_line</name>
         <load_address>0x202000e0</load_address>
         <readwrite>true</readwrite>
         <run_address>0x202000e0</run_address>
         <size>0x20</size>
         <alignment>0x4</alignment>
         <input_file_ref idref="fl-b"/>
      </object_component>
      <object_component id="oc-72">
         <name>.data.rx_state</name>
         <load_address>0x20200177</load_address>
         <readwrite>true</readwrite>
         <run_address>0x20200177</run_address>
         <size>0x1</size>
         <alignment>0x1</alignment>
         <input_file_ref idref="fl-c"/>
      </object_component>
      <object_component id="oc-74">
         <name>.data.rx_idx</name>
         <load_address>0x20200175</load_address>
         <readwrite>true</readwrite>
         <run_address>0x20200175</run_address>
         <size>0x1</size>
         <alignment>0x1</alignment>
         <input_file_ref idref="fl-c"/>
      </object_component>
      <object_component id="oc-1bc">
         <name>.data.g_mask</name>
         <load_address>0x2020016c</load_address>
         <readwrite>true</readwrite>
         <run_address>0x2020016c</run_address>
         <size>0x1</size>
         <alignment>0x1</alignment>
[...]
      </symbol>
      <symbol id="sm-9b">
         <name>SPI0_IRQHandler</name>
         <value>0x46bf</value>
         <object_component_ref idref="oc-33"/>
      </symbol>
      <symbol id="sm-9c">
         <name>SPI1_IRQHandler</name>
         <value>0x46bf</value>
         <object_component_ref idref="oc-33"/>
      </symbol>
      <symbol id="sm-9d">
         <name>UART0_IRQHandler</name>
         <value>0x46bf</value>
         <object_component_ref idref="oc-33"/>
      </symbol>
      <symbol id="sm-9e">
         <name>TIMG0_IRQHandler</name>
         <value>0x46bf</value>
         <object_component_ref idref="oc-33"/>
      </symbol>
      <symbol id="sm-9f">
         <name>TIMG6_IRQHandler</name>
         <value>0x46bf</value>
         <object_component_ref idref="oc-33"/>
      </symbol>
      <symbol id="sm-a0">
         <name>TIMA0_IRQHandler</name>
         <value>0x46bf</value>
         <object_component_ref idref="oc-33"/>
      </symbol>
      <symbol id="sm-a1">
         <name>TIMA1_IRQHandler</name>
         <value>0x46bf</value>
         <object_component_ref idref="oc-33"/>
      </symbol>
      <symbol id="sm-a2">
         <name>TIMG7_IRQHandler</name>
         <value>0x46bf</value>
         <object_component_ref idref="oc-33"/>
      </symbol>
      <symbol id="sm-a3">
         <name>TIMG12_IRQHandler</name>
         <value>0x46bf</value>
         <object_component_ref idref="oc-33"/>
      </symbol>
      <symbol id="sm-a4">
         <name>I2C0_IRQHandler</name>
         <value>0x46bf</value>
         <object_component_ref idref="oc-33"/>
      </symbol>
      <symbol id="sm-a5">
         <name>I2C1_IRQHandler</name>
         <value>0x46bf</value>
         <object_component_ref idref="oc-33"/>
      </symbol>
      <symbol id="sm-a6">
         <name>AES_IRQHandler</name>
         <value>0x46bf</value>
         <object_component_ref idref="oc-33"/>
      </symbol>
      <symbol id="sm-a7">
         <name>RTC_IRQHandler</name>
         <value>0x46bf</value>
         <object_component_ref idref="oc-33"/>
      </symbol>
      <symbol id="sm-a8">
         <name>DMA_IRQHandler</name>
         <value>0x46bf</value>
         <object_component_ref idref="oc-33"/>
      </symbol>
      <symbol id="sm-ce">
         <name>encoder_init</name>
         <value>0x5149</value>
         <object_component_ref idref="oc-d9"/>
      </symbol>
      <symbol id="sm-cf">
         <name>GROUP1_IRQHandler</name>
         <value>0x4ee1</value>
         <object_component_ref idref="oc-3a"/>
      </symbol>
      <symbol id="sm-d0">
         <name>g_enc_l_cnt</name>
         <value>0x20200110</value>
         <object_component_ref idref="oc-71"/>
      </symbol>
      <symbol id="sm-d1">
         <name>GROUP0_IRQHandler</name>
         <value>0x4eb9</value>
         <object_component_ref idref="oc-34"/>
      </symbol>
      <symbol id="sm-d2">
         <name>g_enc_r_cnt</name>
         <value>0x20200114</value>
         <object_component_ref idref="oc-6e"/>
      </symbol>
      <symbol id="sm-d3">
         <name>encoder_update</name>
         <value>0x46c1</value>
         <object_component_ref idref="oc-112"/>
      </symbol>
      <symbol id="sm-d4">
         <name>encoder_get_distance</name>
         <value>0x4f79</value>
         <object_component_ref idref="oc-113"/>
      </symbol>
      <symbol id="sm-d5">
         <name>encoder_reset_distance</name>
         <value>0x4df1</value>
         <object_component_ref idref="oc-107"/>
      </symbol>
      <symbol id="sm-ec">
         <name>UART2_IRQHandler</name>
         <value>0x42a5</value>
         <object_component_ref idref="oc-46"/>
      </symbol>
      <symbol id="sm-122">
         <name>lcd_init</name>
         <value>0x1da9</value>
         <object_component_ref idref="oc-c9"/>
      </symbol>
      <symbol id="sm-123">
         <name>lcd_clear</name>
         <value>0x3565</value>
         <object_component_ref idref="oc-cf"/>
      </symbol>
      <symbol id="sm-124">
         <name>lcd_set_cursor</name>
         <value>0x50a5</value>
         <object_component_ref idref="oc-134"/>
      </symbol>
      <symbol id="sm-125">
         <name>lcd_putc</name>
         <value>0x2fed</value>
         <object_component_ref idref="oc-1c7"/>
      </symbol>
      <symbol id="sm-126">
         <name>lcd_puts</name>
         <value>0x4e25</value>
         <object_component_ref idref="oc-135"/>
      </symbol>
      <symbol id="sm-127">
         <name>lcd_print_int</name>
         <value>0x3c71</value>
         <object_component_ref idref="oc-136"/>
      </symbol>
      <symbol id="sm-128">
         <name>lcd_set_cursor_big</name>
         <value>0x50b9</value>
         <object_component_ref idref="oc-d0"/>
      </symbol>
      <symbol id="sm-129">
         <name>lcd_putc_big</name>
         <value>0x2c65</value>
         <object_component_ref idref="oc-d2"/>
      </symbol>
      <symbol id="sm-12a">
         <name>lcd_puts_big</name>
         <value>0x4e57</value>
         <object_component_ref idref="oc-d1"/>
      </symbol>
      <symbol id="sm-12b">
         <name>lcd_print_int_big</name>
         <value>0x3d69</value>
         <object_component_ref idref="oc-f8"/>
      </symbol>
      <symbol id="sm-197">
         <name>line_follow</name>
         <value>0x3f49</value>
         <object_component_ref idref="oc-14d"/>
      </symbol>
      <symbol id="sm-198">
         <name>main</name>
         <value>0xc1</value>
         <object_component_ref idref="oc-9b"/>
      </symbol>
      <symbol id="sm-1ac">
         <name>motor_init</name>
         <value>0x5075</value>
         <object_component_ref idref="oc-d3"/>
      </symbol>
      <symbol id="sm-1ad">
         <name>motor_set</name>
         <value>0x4589</value>
         <object_component_ref idref="oc-118"/>
      </symbol>
      <symbol id="sm-1ae">
         <name>motor_brake</name>
         <value>0x4ff1</value>
         <object_component_ref idref="oc-14c"/>
      </symbol>
      <symbol id="sm-1af">
         <name>motor_coast</name>
         <value>0x500d</value>
         <object_component_ref idref="oc-e0"/>
      </symbol>
      <symbol id="sm-1b9">
         <name>pid_init</name>
         <value>0x50cd</value>
         <object_component_ref idref="oc-da"/>
      </symbol>
      <symbol id="sm-1ba">
         <name>g_pid_line</name>
         <value>0x202000e0</value>
         <object_component_ref idref="oc-e5"/>
      </symbol>
      <symbol id="sm-1e0">
         <name>sensor_init</name>
         <value>0x4421</value>
         <object_component_ref idref="oc-d8"/>
      </symbol>
      <symbol id="sm-1e1">
         <name>UART3_IRQHandler</name>
         <value>0x4031</value>
         <object_component_ref idref="oc-3b"/>
      </symbol>
      <symbol id="sm-1e2">
         <name>sensor_read_all</name>
         <value>0x4b4d</value>
         <object_component_ref idref="oc-e1"/>
      </symbol>
      <symbol id="sm-1e3">
         <name>sensor_get_position</name>
         <value>0x3319</value>
         <object_component_ref idref="oc-117"/>
      </symbol>
      <symbol id="sm-1e4">
         <name>sensor_set_mask</name>
         <value>0x5159</value>
         <object_component_ref idref="oc-114"/>
      </symbol>
      <symbol id="sm-1e5">
         <name>sensor_is_line_detected</name>
         <value>0x50f3</value>
         <object_component_ref idref="oc-116"/>
      </symbol>
      <symbol id="sm-1fd">
         <name>stepper_init</name>
         <value>0x4e89</value>
         <object_component_ref idref="oc-102"/>
      </symbol>
      <symbol id="sm-1fe">
         <name>stepper_enable</name>
         <value>0x5171</value>
         <object_component_ref idref="oc-10a"/>
      </symbol>
      <symbol id="sm-1ff">
         <name>stepper_disable</name>
         <value>0x5165</value>
         <object_component_ref idref="oc-138"/>
      </symbol>
      <symbol id="sm-200">
         <name>stepper_set_speed</name>
         <value>0x5029</value>
         <object_component_ref idref="oc-10b"/>
      </symbol>
      <symbol id="sm-201">
         <name>stepper_step</name>
         <value>0x4f99</value>
         <object_component_ref idref="oc-10d"/>
      </symbol>
      <symbol id="sm-218">
         <name>vision_parse_byte</name>
         <value>0x4365</value>
         <object_component_ref idref="oc-7a"/>
      </symbol>
      <symbol id="sm-219">
         <name>g_ball_x</name>
         <value>0x20200150</value>
         <object_component_ref idref="oc-ad"/>
      </symbol>
      <symbol id="sm-21a">
         <name>g_ball_y</name>
         <value>0x20200152</value>
         <object_component_ref idref="oc-ae"/>
      </symbol>
      <symbol id="sm-21b">
         <name>g_ball_valid</name>
         <value>0x2020016a</value>
         <object_component_ref idref="oc-af"/>
      </symbol>
      <symbol id="sm-21c">
         <name>UART1_IRQHandler</name>
         <value>0x4f59</value>
         <object_component_ref idref="oc-41"/>
      </symbol>
      <symbol id="sm-21d">
         <name>vision_init</name>
         <value>0x44d5</value>
         <object_component_ref idref="oc-e7"/>
      </symbol>
      <symbol id="sm-21e">
         <name>__TI_ATRegion0_src_addr</name>
         <value>0x0</value>
      </symbol>
      <symbol id="sm-21f">
         <name>__TI_ATRegion0_trg_addr</name>
         <value>0x0</value>
      </symbol>
      <symbol id="sm-220">
         <name>__TI_ATRegion0_region_sz</name>
         <value>0x0</value>
      </symbol>
      <symbol id="sm-221">
         <name>__TI_ATRegion1_src_addr</name>
         <value>0x0</value>
      </symbol>
      <symbol id="sm-222">
         <name>__TI_ATRegion1_trg_addr</name>
         <value>0x0</value>
      </symbol>
      <symbol id="sm-223">
         <name>__TI_ATRegion1_region_sz</name>
         <value>0x0</value>
      </symbol>
      <symbol id="sm-224">
         <name>__TI_ATRegion2_src_addr</name>
         <value>0x0</value>
      </symbol>
      <symbol id="sm-225">
         <name>__TI_ATRegion2_trg_addr</name>
         <value>0x0</value>
      </symbol>
      <symbol id="sm-226">
         <name>__TI_ATRegion2_region_sz</name>
         <value>0x0</value>
      </symbol>
      <symbol id="sm-22f">
         <name>DL_Common_delayCycles</name>
         <value>0x517d</value>
         <object_component_ref idref="oc-c5"/>
      </symbol>
      <symbol id="sm-24b">
         <name>DL_Timer_setClockConfig</name>
         <value>0x4fd5</value>
         <object_component_ref idref="oc-1dd"/>
      </symbol>
      <symbol id="sm-24c">
         <name>DL_Timer_initTimerMode</name>
         <value>0x3b75</value>
         <object_component_ref idref="oc-1e3"/>
      </symbol>
      <symbol id="sm-24d">
         <name>DL_Timer_setCaptureCompareValue</name>
         <value>0x5119</value>
         <object_component_ref idref="oc-1bf"/>
      </symbol>
      <symbol id="sm-24e">
         <name>DL_Timer_setCaptCompUpdateMethod</name>
         <value>0x4fb9</value>
         <object_component_ref idref="oc-1e0"/>
      </symbol>
      <symbol id="sm-24f">
         <name>DL_Timer_setCaptureCompareOutCtl</name>
         <value>0x5045</value>
         <object_component_ref idref="oc-1df"/>
      </symbol>
      <symbol id="sm-250">
         <name>DL_Timer_initFourCCPWMMode</name>
         <value>0x3a71</value>
         <object_component_ref idref="oc-1de"/>
      </symbol>
      <symbol id="sm-25d">
         <name>DL_UART_init</name>
         <value>0x4b05</value>
         <object_component_ref idref="oc-132"/>
      </symbol>
      <symbol id="sm-25e">
         <name>DL_UART_setClockConfig</name>
         <value>0x50e1</value>
         <object_component_ref idref="oc-12c"/>
      </symbol>
      <symbol id="sm-269">
         <name>_c_int00_noargs</name>
         <value>0x4f31</value>
         <object_component_ref idref="oc-67"/>
      </symbol>
      <symbol id="sm-26a">
         <name>__stack</name>
         <value>0x20207e00</value>
         <object_component_ref idref="oc-1a"/>
      </symbol>
      <symbol id="sm-276">
         <name>__TI_auto_init_nobinit_nopinit</name>
         <value>0x4ccd</value>
         <object_component_ref idref="oc-16b"/>
      </symbol>
      <symbol id="sm-27e">
         <name>_system_pre_init</name>
         <value>0x519f</value>
         <object_component_ref idref="oc-97"/>
      </symbol>
      <symbol id="sm-289">
         <name>__TI_zero_init_nomemset</name>
         <value>0x508d</value>
         <object_component_ref idref="oc-5e"/>
      </symbol>
      <symbol id="sm-292">
         <name>__TI_decompress_none</name>
         <value>0x5105</value>
         <object_component_ref idref="oc-20"/>
      </symbol>
      <symbol id="sm-29d">
         <name>__TI_decompress_lzss</name>
         <value>0x48f9</value>
         <object_component_ref idref="oc-1c"/>
      </symbol>
      <symbol id="sm-2a7">
         <name>abort</name>
         <value>0x5191</value>
         <object_component_ref idref="oc-164"/>
      </symbol>
      <symbol id="sm-2b1">
         <name>HOSTexit</name>
         <value>0x5197</value>
         <object_component_ref idref="oc-1cc"/>
      </symbol>
      <symbol id="sm-2b2">
         <name>C$$EXIT</name>
         <value>0x5196</value>
         <object_component_ref idref="oc-1cc"/>
      </symbol>
      <symbol id="sm-2b8">
         <name>__aeabi_fadd</name>
         <value>0x4117</value>
         <object_component_ref idref="oc-ec"/>
      </symbol>
      <symbol id="sm-2b9">
         <name>__addsf3</name>
         <value>0x4117</value>
         <object_component_ref idref="oc-ec"/>
      </symbol>
      <symbol id="sm-2ba">
         <name>__aeabi_fsub</name>
         <value>0x410d</value>
         <object_component_ref idref="oc-ec"/>
      </symbol>
      <symbol id="sm-2bb">
         <name>__subsf3</name>
         <value>0x410d</value>
         <object_component_ref idref="oc-ec"/>
      </symbol>
      <symbol id="sm-2c1">
         <name>__aeabi_fmul</name>
         <value>0x47e9</value>
         <object_component_ref idref="oc-82"/>
      </symbol>
      <symbol id="sm-2c2">
         <name>__mulsf3</name>
         <value>0x47e9</value>
         <object_component_ref idref="oc-82"/>
      </symbol>
      <symbol id="sm-2c8">
         <name>__aeabi_fdiv</name>
         <value>0x4875</value>
         <object_component_ref idref="oc-f0"/>
      </symbol>
      <symbol id="sm-2c9">
         <name>__divsf3</name>
         <value>0x4875</value>
         <object_component_ref idref="oc-f0"/>
      </symbol>
      <symbol id="sm-2cf">
         <name>__aeabi_f2iz</name>
         <value>0x4db9</value>
         <object_component_ref idref="oc-f4"/>
      </symbol>
      <symbol id="sm-2d0">
         <name>__fixsfsi</name>
         <value>0x4db9</value>
         <object_component_ref idref="oc-f4"/>
      </symbol>
      <symbol id="sm-2d6">
         <name>__aeabi_i2f</name>
         <value>0x4c55</value>
         <object_component_ref idref="oc-7e"/>
      </symbol>
      <symbol id="sm-2d7">
         <name>__floatsisf</name>
         <value>0x4c55</value>
         <object_component_ref idref="oc-7e"/>
      </symbol>
      <symbol id="sm-2dd">
         <name>__aeabi_ui2f</name>
         <value>0x4f09</value>
         <object_component_ref idref="oc-e8"/>
      </symbol>
      <symbol id="sm-2de">
         <name>__floatunsisf</name>
         <value>0x4f09</value>
         <object_component_ref idref="oc-e8"/>
      </symbol>
      <symbol id="sm-2e4">
         <name>__aeabi_fcmpeq</name>
         <value>0x4a49</value>
         <object_component_ref idref="oc-10e"/>
      </symbol>
      <symbol id="sm-2e5">
         <name>__aeabi_fcmplt</name>
         <value>0x4a5d</value>
         <object_component_ref idref="oc-10e"/>
      </symbol>
      <symbol id="sm-2e6">
         <name>__aeabi_fcmple</name>
         <value>0x4a71</value>
         <object_component_ref idref="oc-10e"/>
      </symbol>
      <symbol id="sm-2e7">
         <name>__aeabi_fcmpge</name>
         <value>0x4a85</value>
         <object_component_ref idref="oc-10e"/>
      </symbol>
      <symbol id="sm-2e8">
         <name>__aeabi_fcmpgt</name>
         <value>0x4a99</value>
         <object_component_ref idref="oc-10e"/>
      </symbol>
      <symbol id="sm-2ee">
         <name>__aeabi_idiv</name>
         <value>0x4aad</value>
         <object_component_ref idref="oc-f9"/>
      </symbol>
      <symbol id="sm-2ef">
         <name>__aeabi_idivmod</name>
         <value>0x4aad</value>
         <object_component_ref idref="oc-f9"/>
      </symbol>
      <symbol id="sm-2f5">
         <name>__aeabi_memcpy</name>
         <value>0x5189</value>
         <object_component_ref idref="oc-57"/>
      </symbol>
      <symbol id="sm-2f6">
         <name>__aeabi_memcpy4</name>
         <value>0x5189</value>
         <object_component_ref idref="oc-57"/>
      </symbol>
      <symbol id="sm-2f7">
         <name>__aeabi_memcpy8</name>
         <value>0x5189</value>
         <object_component_ref idref="oc-57"/>
      </symbol>
      <symbol id="sm-2fd">
         <name>__aeabi_uidiv</name>
         <value>0x4c15</value>
         <object_component_ref idref="oc-1a1"/>
      </symbol>
      <symbol id="sm-2fe">
         <name>__aeabi_uidivmod</name>
         <value>0x4c15</value>
         <object_component_ref idref="oc-1a1"/>
      </symbol>
      <symbol id="sm-307">
         <name>__eqsf2</name>
         <value>0x4d09</value>
         <object_component_ref idref="oc-1b3"/>
      </symbol>
      <symbol id="sm-308">
         <name>__lesf2</name>
         <value>0x4d09</value>
         <object_component_ref idref="oc-1b3"/>
      </symbol>
      <symbol id="sm-309">
         <name>__ltsf2</name>
         <value>0x4d09</value>
         <object_component_ref idref="oc-1b3"/>
      </symbol>
      <symbol id="sm-30a">
         <name>__nesf2</name>
         <value>0x4d09</value>
         <object_component_ref idref="oc-1b3"/>
      </symbol>
      <symbol id="sm-30b">
         <name>__cmpsf2</name>
         <value>0x4d09</value>
         <object_component_ref idref="oc-1b3"/>
      </symbol>
      <symbol id="sm-30c">
         <name>__gtsf2</name>
         <value>0x4c91</value>
         <object_component_ref idref="oc-1b8"/>
      </symbol>
      <symbol id="sm-30d">
         <name>__gesf2</name>
         <value>0x4c91</value>
         <object_component_ref idref="oc-1b8"/>
      </symbol>
      <symbol id="sm-313">
         <name>__muldsi3</name>
         <value>0x4d45</value>
         <object_component_ref idref="oc-b1"/>
      </symbol>
      <symbol id="sm-31d">
         <name>__aeabi_idiv0</name>
         <value>0x48f7</value>
         <object_component_ref idref="oc-1a5"/>
      </symbol>
      <symbol id="sm-336">
         <name>memcpy</name>
         <value>0x4625</value>
         <object_component_ref idref="oc-bb"/>
      </symbol>
      <symbol id="sm-337">
         <name>__TI_static_base__</name>
         <value>0x0</value>
      </symbol>
      <symbol id="sm-33a">
         <name>__mpu_init</name>
         <value>0x0</value>
      </symbol>
      <symbol id="sm-33b">
         <name>_system_post_cinit</name>
         <value>0x0</value>
      </symbol>
   </symbol_table>
   <title>Link successful</title>
</link_info>
