
**** Clean-only build of configuration 'Debug' for project 'empty_LP_MSPM0G3507_nortos_ticlang_2' ****

"E:\\CCSIDE\\ccs\\utils\\bin\\gmake" -k -j 24 clean -r -O 
 
DEL /F "device.cmd.genlibs" "ti_msp_dl_config.h" "Event.dot" "device_linker.cmd" "device.opt" "ti_msp_dl_config.c" "empty_LP_MSPM0G3507_nortos_ticlang_2.out" 
DEL /F "ball_pid.o" "bmi160.o" "bt.o" "empty.o" "ti_msp_dl_config.o" "startup_mspm0g350x_ticlang.o" "encoder.o" "gyro.o" "lcd.o" "main.o" "motor.o" "pid.o" "sensor.o" "state_machine.o" "stepper.o" "vision.o" 
DEL /F "ball_pid.d" "bmi160.d" "bt.d" "empty.d" "ti_msp_dl_config.d" "startup_mspm0g350x_ticlang.d" "encoder.d" "gyro.d" "lcd.d" "main.d" "motor.d" "pid.d" "sensor.d" "state_machine.d" "stepper.d" "vision.d" 
 
**** Build finished ****


**** Build of configuration 'Debug' for project 'empty_LP_MSPM0G3507_nortos_ticlang_2' ****

"E:\\CCSIDE\\ccs\\utils\\bin\\gmake" -k -j 24 all -r -O 
 
SysConfig - building file: "../empty.syscfg"
"E:/CCSIDE/ccs/utils/sysconfig_1.27.1/sysconfig_cli.bat" -s "E:/CCSIDE/mspm0_sdk_2_10_00_04/.metadata/product.json" --script "D:/CCS_Projects/empty_LP_MSPM0G3507_nortos_ticlang_2/empty.syscfg" -o "." --compiler ticlang
Running script...
Validating...
Generating Code (empty.syscfg)...
Writing D:\CCS_Projects\empty_LP_MSPM0G3507_nortos_ticlang_2\Debug\device_linker.cmd...
Writing D:\CCS_Projects\empty_LP_MSPM0G3507_nortos_ticlang_2\Debug\device.opt...
Writing D:\CCS_Projects\empty_LP_MSPM0G3507_nortos_ticlang_2\Debug\device.cmd.genlibs...
Writing D:\CCS_Projects\empty_LP_MSPM0G3507_nortos_ticlang_2\Debug\ti_msp_dl_config.c...
Writing D:\CCS_Projects\empty_LP_MSPM0G3507_nortos_ticlang_2\Debug\ti_msp_dl_config.h...
Writing D:\CCS_Projects\empty_LP_MSPM0G3507_nortos_ticlang_2\Debug\Event.dot...
Finished building: "../empty.syscfg"
 
Arm Compiler - building file: "../ball_pid.c"
"E:/CCSIDE/ccs/tools/compiler/ti-cgt-armllvm_4.0.4.LTS/bin/tiarmclang.exe" -c @"device.opt"  -march=thumbv6m -mcpu=cortex-m0plus -mfloat-abi=soft -mlittle-endian -mthumb -O2 -I"D:/CCS_Projects/empty_LP_MSPM0G3507_nortos_ticlang_2" -I"D:/CCS_Projects/empty_LP_MSPM0G3507_nortos_ticlang_2/Debug" -I"E:/CCSIDE/mspm0_sdk_2_10_00_04/source/third_party/CMSIS/Core/Include" -I"E:/CCSIDE/mspm0_sdk_2_10_00_04/source" -gdwarf-3 -Wall -MMD -MP -MF"ball_pid.d_raw" -MT"ball_pid.o"  @"./device.opt"  -o"ball_pid.o" "../ball_pid.c"
Finished building: "../ball_pid.c"
 
Arm Compiler - building file: "../empty.c"
"E:/CCSIDE/ccs/tools/compiler/ti-cgt-armllvm_4.0.4.LTS/bin/tiarmclang.exe" -c @"device.opt"  -march=thumbv6m -mcpu=cortex-m0plus -mfloat-abi=soft -mlittle-endian -mthumb -O2 -I"D:/CCS_Projects/empty_LP_MSPM0G3507_nortos_ticlang_2" -I"D:/CCS_Projects/empty_LP_MSPM0G3507_nortos_ticlang_2/Debug" -I"E:/CCSIDE/mspm0_sdk_2_10_00_04/source/third_party/CMSIS/Core/Include" -I"E:/CCSIDE/mspm0_sdk_2_10_00_04/source" -gdwarf-3 -Wall -MMD -MP -MF"empty.d_raw" -MT"empty.o"  @"./device.opt"  -o"empty.o" "../empty.c"
Finished building: "../empty.c"
 
Arm Compiler - building file: "E:/CCSIDE/mspm0_sdk_2_10_00_04/source/ti/devices/msp/m0p/startup_system_files/ticlang/startup_mspm0g350x_ticlang.c"
"E:/CCSIDE/ccs/tools/compiler/ti-cgt-armllvm_4.0.4.LTS/bin/tiarmclang.exe" -c @"device.opt"  -march=thumbv6m -mcpu=cortex-m0plus -mfloat-abi=soft -mlittle-endian -mthumb -O2 -I"D:/CCS_Projects/empty_LP_MSPM0G3507_nortos_ticlang_2" -I"D:/CCS_Projects/empty_LP_MSPM0G3507_nortos_ticlang_2/Debug" -I"E:/CCSIDE/mspm0_sdk_2_10_00_04/source/third_party/CMSIS/Core/Include" -I"E:/CCSIDE/mspm0_sdk_2_10_00_04/source" -gdwarf-3 -Wall -MMD -MP -MF"startup_mspm0g350x_ticlang.d_raw" -MT"startup_mspm0g350x_ticlang.o"  @"./device.opt"  -o"startup_mspm0g350x_ticlang.o" "E:/CCSIDE/mspm0_sdk_2_10_00_04/source/ti/devices/msp/m0p/startup_system_files/ticlang/startup_mspm0g350x_ticlang.c"
Finished building: "E:/CCSIDE/mspm0_sdk_2_10_00_04/source/ti/devices/msp/m0p/startup_system_files/ticlang/startup_mspm0g350x_ticlang.c"
 
Arm Compiler - building file: "ti_msp_dl_config.c"
"E:/CCSIDE/ccs/tools/compiler/ti-cgt-armllvm_4.0.4.LTS/bin/tiarmclang.exe" -c @"device.opt"  -march=thumbv6m -mcpu=cortex-m0plus -mfloat-abi=soft -mlittle-endian -mthumb -O2 -I"D:/CCS_Projects/empty_LP_MSPM0G3507_nortos_ticlang_2" -I"D:/CCS_Projects/empty_LP_MSPM0G3507_nortos_ticlang_2/Debug" -I"E:/CCSIDE/mspm0_sdk_2_10_00_04/source/third_party/CMSIS/Core/Include" -I"E:/CCSIDE/mspm0_sdk_2_10_00_04/source" -gdwarf-3 -Wall -MMD -MP -MF"ti_msp_dl_config.d_raw" -MT"ti_msp_dl_config.o"  @"./device.opt"  -o"ti_msp_dl_config.o" "ti_msp_dl_config.c"
Finished building: "ti_msp_dl_config.c"
 
Arm Compiler - building file: "../encoder.c"
"E:/CCSIDE/ccs/tools/compiler/ti-cgt-armllvm_4.0.4.LTS/bin/tiarmclang.exe" -c @"device.opt"  -march=thumbv6m -mcpu=cortex-m0plus -mfloat-abi=soft -mlittle-endian -mthumb -O2 -I"D:/CCS_Projects/empty_LP_MSPM0G3507_nortos_ticlang_2" -I"D:/CCS_Projects/empty_LP_MSPM0G3507_nortos_ticlang_2/Debug" -I"E:/CCSIDE/mspm0_sdk_2_10_00_04/source/third_party/CMSIS/Core/Include" -I"E:/CCSIDE/mspm0_sdk_2_10_00_04/source" -gdwarf-3 -Wall -MMD -MP -MF"encoder.d_raw" -MT"encoder.o"  @"./device.opt"  -o"encoder.o" "../encoder.c"
Finished building: "../encoder.c"
 
Arm Compiler - building file: "../pid.c"
"E:/CCSIDE/ccs/tools/compiler/ti-cgt-armllvm_4.0.4.LTS/bin/tiarmclang.exe" -c @"device.opt"  -march=thumbv6m -mcpu=cortex-m0plus -mfloat-abi=soft -mlittle-endian -mthumb -O2 -I"D:/CCS_Projects/empty_LP_MSPM0G3507_nortos_ticlang_2" -I"D:/CCS_Projects/empty_LP_MSPM0G3507_nortos_ticlang_2/Debug" -I"E:/CCSIDE/mspm0_sdk_2_10_00_04/source/third_party/CMSIS/Core/Include" -I"E:/CCSIDE/mspm0_sdk_2_10_00_04/source" -gdwarf-3 -Wall -MMD -MP -MF"pid.d_raw" -MT"pid.o"  @"./device.opt"  -o"pid.o" "../pid.c"
Finished building: "../pid.c"
 
Arm Compiler - building file: "../gyro.c"
"E:/CCSIDE/ccs/tools/compiler/ti-cgt-armllvm_4.0.4.LTS/bin/tiarmclang.exe" -c @"device.opt"  -march=thumbv6m -mcpu=cortex-m0plus -mfloat-abi=soft -mlittle-endian -mthumb -O2 -I"D:/CCS_Projects/empty_LP_MSPM0G3507_nortos_ticlang_2" -I"D:/CCS_Projects/empty_LP_MSPM0G3507_nortos_ticlang_2/Debug" -I"E:/CCSIDE/mspm0_sdk_2_10_00_04/source/third_party/CMSIS/Core/Include" -I"E:/CCSIDE/mspm0_sdk_2_10_00_04/source" -gdwarf-3 -Wall -MMD -MP -MF"gyro.d_raw" -MT"gyro.o"  @"./device.opt"  -o"gyro.o" "../gyro.c"
Finished building: "../gyro.c"
 
Arm Compiler - building file: "../motor.c"
"E:/CCSIDE/ccs/tools/compiler/ti-cgt-armllvm_4.0.4.LTS/bin/tiarmclang.exe" -c @"device.opt"  -march=thumbv6m -mcpu=cortex-m0plus -mfloat-abi=soft -mlittle-endian -mthumb -O2 -I"D:/CCS_Projects/empty_LP_MSPM0G3507_nortos_ticlang_2" -I"D:/CCS_Projects/empty_LP_MSPM0G3507_nortos_ticlang_2/Debug" -I"E:/CCSIDE/mspm0_sdk_2_10_00_04/source/third_party/CMSIS/Core/Include" -I"E:/CCSIDE/mspm0_sdk_2_10_00_04/source" -gdwarf-3 -Wall -MMD -MP -MF"motor.d_raw" -MT"motor.o"  @"./device.opt"  -o"motor.o" "../motor.c"
Finished building: "../motor.c"
 
Arm Compiler - building file: "../main.c"
"E:/CCSIDE/ccs/tools/compiler/ti-cgt-armllvm_4.0.4.LTS/bin/tiarmclang.exe" -c @"device.opt"  -march=thumbv6m -mcpu=cortex-m0plus -mfloat-abi=soft -mlittle-endian -mthumb -O2 -I"D:/CCS_Projects/empty_LP_MSPM0G3507_nortos_ticlang_2" -I"D:/CCS_Projects/empty_LP_MSPM0G3507_nortos_ticlang_2/Debug" -I"E:/CCSIDE/mspm0_sdk_2_10_00_04/source/third_party/CMSIS/Core/Include" -I"E:/CCSIDE/mspm0_sdk_2_10_00_04/source" -gdwarf-3 -Wall -MMD -MP -MF"main.d_raw" -MT"main.o"  @"./device.opt"  -o"main.o" "../main.c"
../main.c:177:13: warning: unused function 'gyro_turn' [-Wunused-function]
  177 | static void gyro_turn(float rel_angle)
      |             ^~~~~~~~~
../main.c:211:13: warning: unused function 'blind_drive' [-Wunused-function]
  211 | static void blind_drive(float target_heading)
      |             ^~~~~~~~~~~
2 warnings generated.
Finished building: "../main.c"
 
Arm Compiler - building file: "../state_machine.c"
"E:/CCSIDE/ccs/tools/compiler/ti-cgt-armllvm_4.0.4.LTS/bin/tiarmclang.exe" -c @"device.opt"  -march=thumbv6m -mcpu=cortex-m0plus -mfloat-abi=soft -mlittle-endian -mthumb -O2 -I"D:/CCS_Projects/empty_LP_MSPM0G3507_nortos_ticlang_2" -I"D:/CCS_Projects/empty_LP_MSPM0G3507_nortos_ticlang_2/Debug" -I"E:/CCSIDE/mspm0_sdk_2_10_00_04/source/third_party/CMSIS/Core/Include" -I"E:/CCSIDE/mspm0_sdk_2_10_00_04/source" -gdwarf-3 -Wall -MMD -MP -MF"state_machine.d_raw" -MT"state_machine.o"  @"./device.opt"  -o"state_machine.o" "../state_machine.c"
Finished building: "../state_machine.c"
 
Arm Compiler - building file: "../lcd.c"
"E:/CCSIDE/ccs/tools/compiler/ti-cgt-armllvm_4.0.4.LTS/bin/tiarmclang.exe" -c @"device.opt"  -march=thumbv6m -mcpu=cortex-m0plus -mfloat-abi=soft -mlittle-endian -mthumb -O2 -I"D:/CCS_Projects/empty_LP_MSPM0G3507_nortos_ticlang_2" -I"D:/CCS_Projects/empty_LP_MSPM0G3507_nortos_ticlang_2/Debug" -I"E:/CCSIDE/mspm0_sdk_2_10_00_04/source/third_party/CMSIS/Core/Include" -I"E:/CCSIDE/mspm0_sdk_2_10_00_04/source" -gdwarf-3 -Wall -MMD -MP -MF"lcd.d_raw" -MT"lcd.o"  @"./device.opt"  -o"lcd.o" "../lcd.c"
Finished building: "../lcd.c"
 
Arm Compiler - building file: "../sensor.c"
"E:/CCSIDE/ccs/tools/compiler/ti-cgt-armllvm_4.0.4.LTS/bin/tiarmclang.exe" -c @"device.opt"  -march=thumbv6m -mcpu=cortex-m0plus -mfloat-abi=soft -mlittle-endian -mthumb -O2 -I"D:/CCS_Projects/empty_LP_MSPM0G3507_nortos_ticlang_2" -I"D:/CCS_Projects/empty_LP_MSPM0G3507_nortos_ticlang_2/Debug" -I"E:/CCSIDE/mspm0_sdk_2_10_00_04/source/third_party/CMSIS/Core/Include" -I"E:/CCSIDE/mspm0_sdk_2_10_00_04/source" -gdwarf-3 -Wall -MMD -MP -MF"sensor.d_raw" -MT"sensor.o"  @"./device.opt"  -o"sensor.o" "../sensor.c"
Finished building: "../sensor.c"
 
Arm Compiler - building file: "../stepper.c"
"E:/CCSIDE/ccs/tools/compiler/ti-cgt-armllvm_4.0.4.LTS/bin/tiarmclang.exe" -c @"device.opt"  -march=thumbv6m -mcpu=cortex-m0plus -mfloat-abi=soft -mlittle-endian -mthumb -O2 -I"D:/CCS_Projects/empty_LP_MSPM0G3507_nortos_ticlang_2" -I"D:/CCS_Projects/empty_LP_MSPM0G3507_nortos_ticlang_2/Debug" -I"E:/CCSIDE/mspm0_sdk_2_10_00_04/source/third_party/CMSIS/Core/Include" -I"E:/CCSIDE/mspm0_sdk_2_10_00_04/source" -gdwarf-3 -Wall -MMD -MP -MF"stepper.d_raw" -MT"stepper.o"  @"./device.opt"  -o"stepper.o" "../stepper.c"
Finished building: "../stepper.c"
 
Arm Compiler - building file: "../vision.c"
"E:/CCSIDE/ccs/tools/compiler/ti-cgt-armllvm_4.0.4.LTS/bin/tiarmclang.exe" -c @"device.opt"  -march=thumbv6m -mcpu=cortex-m0plus -mfloat-abi=soft -mlittle-endian -mthumb -O2 -I"D:/CCS_Projects/empty_LP_MSPM0G3507_nortos_ticlang_2" -I"D:/CCS_Projects/empty_LP_MSPM0G3507_nortos_ticlang_2/Debug" -I"E:/CCSIDE/mspm0_sdk_2_10_00_04/source/third_party/CMSIS/Core/Include" -I"E:/CCSIDE/mspm0_sdk_2_10_00_04/source" -gdwarf-3 -Wall -MMD -MP -MF"vision.d_raw" -MT"vision.o"  @"./device.opt"  -o"vision.o" "../vision.c"
Finished building: "../vision.c"
 
Arm Compiler - building file: "../bmi160.c"
"E:/CCSIDE/ccs/tools/compiler/ti-cgt-armllvm_4.0.4.LTS/bin/tiarmclang.exe" -c @"device.opt"  -march=thumbv6m -mcpu=cortex-m0plus -mfloat-abi=soft -mlittle-endian -mthumb -O2 -I"D:/CCS_Projects/empty_LP_MSPM0G3507_nortos_ticlang_2" -I"D:/CCS_Projects/empty_LP_MSPM0G3507_nortos_ticlang_2/Debug" -I"E:/CCSIDE/mspm0_sdk_2_10_00_04/source/third_party/CMSIS/Core/Include" -I"E:/CCSIDE/mspm0_sdk_2_10_00_04/source" -gdwarf-3 -Wall -MMD -MP -MF"bmi160.d_raw" -MT"bmi160.o"  @"./device.opt"  -o"bmi160.o" "../bmi160.c"
Finished building: "../bmi160.c"
 
Arm Linker - building target: "empty_LP_MSPM0G3507_nortos_ticlang_2.out"
"E:/CCSIDE/ccs/tools/compiler/ti-cgt-armllvm_4.0.4.LTS/bin/tiarmclang.exe" @"device.opt"  -march=thumbv6m -mcpu=cortex-m0plus -mfloat-abi=soft -mlittle-endian -mthumb -O2 -gdwarf-3 -Wall -Wl,-m"empty_LP_MSPM0G3507_nortos_ticlang_2.map" -Wl,-i"E:/CCSIDE/mspm0_sdk_2_10_00_04/source" -Wl,-i"D:/CCS_Projects/empty_LP_MSPM0G3507_nortos_ticlang_2" -Wl,-i"D:/CCS_Projects/empty_LP_MSPM0G3507_nortos_ticlang_2/Debug/syscfg" -Wl,-i"E:/CCSIDE/ccs/tools/compiler/ti-cgt-armllvm_4.0.4.LTS/lib" -Wl,--diag_wrap=off -Wl,--display_error_number -Wl,--warn_sections -Wl,--xml_link_info="empty_LP_MSPM0G3507_nortos_ticlang_2_linkInfo.xml" -Wl,--rom_model -o "empty_LP_MSPM0G3507_nortos_ticlang_2.out" "./ball_pid.o" "./bmi160.o" "./empty.o" "./ti_msp_dl_config.o" "./startup_mspm0g350x_ticlang.o" "./encoder.o" "./gyro.o" "./lcd.o" "./main.o" "./motor.o" "./pid.o" "./sensor.o" "./state_machine.o" "./stepper.o" "./vision.o" -Wl,-l"./device_linker.cmd"  -Wl,-ldevice.cmd.genlibs -Wl,-llibc.a 
Finished building target: "empty_LP_MSPM0G3507_nortos_ticlang_2.out"
 
**** Build finished ****

