******************************************************************************
            TI ARM Clang Linker PC v4.0.4                      
******************************************************************************
>> Linked Sat Aug  1 14:32:56 2026

OUTPUT FILE NAME:   <empty_LP_MSPM0G3507_nortos_ticlang_2.out>
ENTRY POINT SYMBOL: "_c_int00_noargs"  address: 00004f31


MEMORY CONFIGURATION

         name            origin    length      used     unused   attr    fill
----------------------  --------  ---------  --------  --------  ----  --------
  FLASH                 00000000   00020000  000058d8  0001a728  R  X
  SRAM                  20200000   00008000  00000377  00007c89  RW X
  BCR_CONFIG            41c00000   000000ff  00000000  000000ff  R   
  BSL_CONFIG            41c00100   00000080  00000000  00000080  R   


SEGMENT ALLOCATION MAP

run origin  load origin   length   init length attrs members
----------  ----------- ---------- ----------- ----- -------
00000000    00000000    000058d8   000058d8    r-x
  00000000    00000000    000000c0   000000c0    r-- .intvecs
  000000c0    000000c0    000050e8   000050e8    r-x .text
  000051a8    000051a8    000006f8   000006f8    r-- .rodata
  000058a0    000058a0    00000038   00000038    r-- .cinit
20200000    20200000    00000178   00000000    rw-
  20200000    20200000    000000df   00000000    rw- .bss
  202000e0    202000e0    00000098   00000000    rw- .data
20207e00    20207e00    00000200   00000000    rw-
  20207e00    20207e00    00000200   00000000    rw- .stack


SECTION ALLOCATION MAP

 output                                  attributes/
section   page    origin      length       input sections
--------  ----  ----------  ----------   ----------------
.intvecs   0    00000000    000000c0     
                  00000000    000000c0     startup_mspm0g350x_ticlang.o (.intvecs)

.text      0    000000c0    000050e8     
                  000000c0    00001ce8     main.o (.text.main)
                  00001da8    00000ebc     lcd.o (.text.lcd_init)
                  00002c64    00000388     lcd.o (.text.lcd_putc_big)
                  00002fec    0000032c     lcd.o (.text.lcd_putc)
                  00003318    0000024c     sensor.o (.text.sensor_get_position)
                  00003564    000001cc     lcd.o (.text.lcd_clear)
                  00003730    00000118     ball_pid.o (.text.ball_pid_cascade_run3)
                  00003848    00000118     ball_pid.o (.text.ball_pid_cascade_run)
                  00003960    00000110     lcd.o (.text.lcd_data16)
                  00003a70    00000104     driverlib.a : dl_timer.o (.text.DL_Timer_initFourCCPWMMode)
                  00003b74    000000fc                 : dl_timer.o (.text.DL_Timer_initTimerMode)
                  00003c70    000000f8     lcd.o (.text.lcd_print_int)
                  00003d68    000000f8     lcd.o (.text.lcd_print_int_big)
                  00003e60    000000e8     lcd.o (.text.lcd_window)
                  00003f48    000000e8     main.o (.text.line_follow)
                  00004030    000000dc     sensor.o (.text.UART3_IRQHandler)
                  0000410c    000000d8     libclang_rt.builtins.a : addsf3.S.obj (.text)
                  000041e4    000000c0     ti_msp_dl_config.o (.text.SYSCFG_DL_GPIO_init)
                  000042a4    000000c0     gyro.o (.text.UART2_IRQHandler)
                  00004364    000000bc     vision.o (.text.vision_parse_byte)
                  00004420    000000b4     sensor.o (.text.sensor_init)
                  000044d4    000000b4     vision.o (.text.vision_init)
                  00004588    0000009c     motor.o (.text.motor_set)
                  00004624    0000009a     libc.a : memcpy16.S.obj (.text:memcpy)
                  000046be    00000002     startup_mspm0g350x_ticlang.o (.text.Default_Handler)
                  000046c0    00000098     encoder.o (.text.encoder_update)
                  00004758    00000090     ti_msp_dl_config.o (.text.SYSCFG_DL_MOTOR_L_PWM_init)
                  000047e8    0000008c     libclang_rt.builtins.a : mulsf3.S.obj (.text.__mulsf3)
                  00004874    00000082                            : divsf3.S.obj (.text.__divsf3)
                  000048f6    00000002                            : aeabi_div0.c.obj (.text.__aeabi_idiv0)
                  000048f8    0000007c     libc.a : copy_decompress_lzss.c.obj (.text:decompress:lzss)
                  00004974    0000006c     ball_pid.o (.text.ball_pid_init)
                  000049e0    00000068     ball_pid.o (.text.ball_pid_init3)
                  00004a48    00000062     libclang_rt.builtins.a : aeabi_fcmp.S.obj (.text.__aeabi_fcmp)
                  00004aaa    00000002     --HOLE-- [fill = 0]
                  00004aac    00000056                            : aeabi_idivmod.S.obj (.text.__aeabi_idivmod)
                  00004b02    00000002     --HOLE-- [fill = 0]
                  00004b04    00000048     driverlib.a : dl_uart.o (.text.DL_UART_init)
                  00004b4c    00000048     sensor.o (.text.sensor_read_all)
                  00004b94    00000040     ti_msp_dl_config.o (.text.SYSCFG_DL_SYSCTL_init)
                  00004bd4    00000040     ti_msp_dl_config.o (.text.SYSCFG_DL_initPower)
                  00004c14    00000040     libclang_rt.builtins.a : aeabi_uidivmod.S.obj (.text.__aeabi_uidivmod)
                  00004c54    0000003c                            : floatsisf.S.obj (.text.__floatsisf)
                  00004c90    0000003c                            : comparesf2.S.obj (.text.__gtsf2)
                  00004ccc    0000003c     libc.a : autoinit.c.obj (.text:__TI_auto_init_nobinit_nopinit)
                  00004d08    0000003a     libclang_rt.builtins.a : comparesf2.S.obj (.text.__eqsf2)
                  00004d42    00000002     --HOLE-- [fill = 0]
                  00004d44    0000003a                            : muldsi3.S.obj (.text.__muldsi3)
                  00004d7e    00000002     --HOLE-- [fill = 0]
                  00004d80    00000038     ti_msp_dl_config.o (.text.SYSCFG_DL_CTRL_TIMER_init)
                  00004db8    00000038     libclang_rt.builtins.a : fixsfsi.S.obj (.text.__fixsfsi)
                  00004df0    00000034     encoder.o (.text.encoder_reset_distance)
                  00004e24    00000032     lcd.o (.text.lcd_puts)
                  00004e56    00000032     lcd.o (.text.lcd_puts_big)
                  00004e88    00000030     stepper.o (.text.stepper_init)
                  00004eb8    00000028     encoder.o (.text.GROUP0_IRQHandler)
                  00004ee0    00000028     encoder.o (.text.GROUP1_IRQHandler)
                  00004f08    00000028     libclang_rt.builtins.a : floatunsisf.S.obj (.text.__floatunsisf)
                  00004f30    00000028     libc.a : boot_cortex_m.c.obj (.text:_c_int00_noargs)
                  00004f58    00000020     vision.o (.text.UART1_IRQHandler)
                  00004f78    00000020     encoder.o (.text.encoder_get_distance)
                  00004f98    00000020     stepper.o (.text.stepper_step)
                  00004fb8    0000001c     driverlib.a : dl_timer.o (.text.DL_Timer_setCaptCompUpdateMethod)
                  00004fd4    0000001c                 : dl_timer.o (.text.DL_Timer_setClockConfig)
                  00004ff0    0000001c     motor.o (.text.motor_brake)
                  0000500c    0000001c     motor.o (.text.motor_coast)
                  00005028    0000001c     stepper.o (.text.stepper_set_speed)
                  00005044    00000018     driverlib.a : dl_timer.o (.text.DL_Timer_setCaptureCompareOutCtl)
                  0000505c    00000018     ti_msp_dl_config.o (.text.SYSCFG_DL_init)
                  00005074    00000018     motor.o (.text.motor_init)
                  0000508c    00000016     libc.a : copy_zero_init.c.obj (.text:decompress:ZI:__TI_zero_init_nomemset)
                  000050a2    00000002     --HOLE-- [fill = 0]
                  000050a4    00000014     lcd.o (.text.lcd_set_cursor)
                  000050b8    00000014     lcd.o (.text.lcd_set_cursor_big)
                  000050cc    00000014     pid.o (.text.pid_init)
                  000050e0    00000012     driverlib.a : dl_uart.o (.text.DL_UART_setClockConfig)
                  000050f2    00000012     sensor.o (.text.sensor_is_line_detected)
                  00005104    00000012     libc.a : copy_decompress_none.c.obj (.text:decompress:none)
                  00005116    00000002     --HOLE-- [fill = 0]
                  00005118    00000010     driverlib.a : dl_timer.o (.text.DL_Timer_setCaptureCompareValue)
                  00005128    00000010     ball_pid.o (.text.ball_pid_set_target3)
                  00005138    00000010     ball_pid.o (.text.ball_pid_set_target)
                  00005148    00000010     encoder.o (.text.encoder_init)
                  00005158    0000000c     sensor.o (.text.sensor_set_mask)
                  00005164    0000000c     stepper.o (.text.stepper_disable)
                  00005170    0000000c     stepper.o (.text.stepper_enable)
                  0000517c    0000000a     driverlib.a : dl_common.o (.text.DL_Common_delayCycles)
                  00005186    00000002     --HOLE-- [fill = 0]
                  00005188    00000008     libclang_rt.builtins.a : aeabi_memcpy.S.obj (.text.__aeabi_memcpy)
                  00005190    00000006     libc.a : exit.c.obj (.text:abort)
                  00005196    00000004     libsysbm.a : hostexit.c.obj (.text.HOSTexit)
                  0000519a    00000004     startup_mspm0g350x_ticlang.o (.text.Reset_Handler)
                  0000519e    00000004     libc.a : pre_init.c.obj (.text._system_pre_init)
                  000051a2    00000006     --HOLE-- [fill = 0]

.cinit     0    000058a0    00000038     
                  000058a0    0000000e     (.cinit..data.load) [load image, compression = lzss]
                  000058ae    00000002     --HOLE-- [fill = 0]
                  000058b0    0000000c     (__TI_handler_table)
                  000058bc    00000008     (.cinit..bss.load) [load image, compression = zero_init]
                  000058c4    00000010     (__TI_cinit_table)
                  000058d4    00000004     --HOLE-- [fill = 0]

.rodata    0    000051a8    000006f8     
                  000051a8    000005f0     lcd.o (.rodata.g_font_8x16)
                  00005798    00000014     ti_msp_dl_config.o (.rodata.gCTRL_TIMERTimerConfig)
                  000057ac    0000000e     main.o (.rodata.str1.10224226614597680209.1)
                  000057ba    0000000d     main.o (.rodata.str1.403738606202455663.1)
                  000057c7    0000000c     main.o (.rodata.str1.11702106008850790973.1)
                  000057d3    0000000b     main.o (.rodata.str1.10635229749459437609.1)
                  000057de    0000000b     main.o (.rodata.str1.288608917962107522.1)
                  000057e9    00000009     main.o (.rodata.str1.11321157723316767883.1)
                  000057f2    00000009     main.o (.rodata.str1.3530083166107438000.1)
                  000057fb    00000009     main.o (.rodata.str1.8076846746581808073.1)
                  00005804    00000008     ti_msp_dl_config.o (.rodata.gMOTOR_L_PWMConfig)
                  0000580c    00000008     main.o (.rodata.str1.10313062130652730376.1)
                  00005814    00000008     main.o (.rodata.str1.16265332423659789559.1)
                  0000581c    00000008     main.o (.rodata.str1.18092426736022315238.1)
                  00005824    00000008     main.o (.rodata.str1.6891813955777630061.1)
                  0000582c    00000008     main.o (.rodata.str1.8154729771448623357.1)
                  00005834    00000007     sensor.o (.rodata..Lswitch.table.UART3_IRQHandler)
                  0000583b    00000006     main.o (.rodata.str1.13288086030101331538.1)
                  00005841    00000005     main.o (.rodata.str1.13782249893155712474.1)
                  00005846    00000005     main.o (.rodata.str1.16302215771116645891.1)
                  0000584b    00000005     main.o (.rodata.str1.7702501944640899365.1)
                  00005850    00000004     main.o (.rodata.str1.13030671760666898970.1)
                  00005854    00000004     main.o (.rodata.str1.14079361385603432444.1)
                  00005858    00000004     main.o (.rodata.str1.15159059442110792349.1)
                  0000585c    00000004     main.o (.rodata.str1.16631870348416990953.1)
                  00005860    00000004     main.o (.rodata.str1.17376258722486336754.1)
                  00005864    00000004     main.o (.rodata.str1.18227636981041470289.1)
                  00005868    00000004     main.o (.rodata.str1.2763581881760962609.1)
                  0000586c    00000003     ti_msp_dl_config.o (.rodata.gCTRL_TIMERClockConfig)
                  0000586f    00000003     ti_msp_dl_config.o (.rodata.gMOTOR_L_PWMClockConfig)
                  00005872    00000003     main.o (.rodata.str1.11822182024223342093.1)
                  00005875    00000003     main.o (.rodata.str1.11870794119293528247.1)
                  00005878    00000003     main.o (.rodata.str1.12180500075719773345.1)
                  0000587b    00000003     main.o (.rodata.str1.1311392489248731986.1)
                  0000587e    00000003     main.o (.rodata.str1.14112174005742061988.1)
                  00005881    00000003     main.o (.rodata.str1.15996357275703397564.1)
                  00005884    00000003     main.o (.rodata.str1.17045314124001216156.1)
                  00005887    00000003     main.o (.rodata.str1.2563708670032483588.1)
                  0000588a    00000003     main.o (.rodata.str1.39260288392874984.1)
                  0000588d    00000003     main.o (.rodata.str1.7784929982665794503.1)
                  00005890    00000003     main.o (.rodata.str1.7996925722583989644.1)
                  00005893    00000003     main.o (.rodata.str1.8096991282711418442.1)
                  00005896    00000002     main.o (.rodata.str1.17100691992556644108.1)
                  00005898    00000002     main.o (.rodata.str1.2846389346932560359.1)
                  0000589a    00000002     main.o (.rodata.str1.6554448696319176064.1)
                  0000589c    00000002     main.o (.rodata.str1.8108965883388295311.1)
                  0000589e    00000002     --HOLE-- [fill = 0]

.init_array 
*          0    00000000    00000000     UNINITIALIZED

.binit     0    00000000    00000000     

.bss       0    20200000    000000df     UNINITIALIZED
                  20200000    00000058     (.common:g_ball_pid)
                  20200058    00000058     (.common:g_ball_pid3)
                  202000b0    00000010     sensor.o (.bss.rx_buf)
                  202000c0    00000010     sensor.o (.bss.sensor_gray)
                  202000d0    00000009     vision.o (.bss.rx_frame)
                  202000d9    00000005     gyro.o (.bss.g_frame)
                  202000de    00000001     sensor.o (.bss.sensor_bin)

.data      0    202000e0    00000098     UNINITIALIZED
                  202000e0    00000020     pid.o (.data.g_pid_line)
                  20200100    00000004     ball_pid.o (.data.ball_pid_cascade_run.pos_filt)
                  20200104    00000004     ball_pid.o (.data.ball_pid_cascade_run3.pos_filt)
                  20200108    00000004     encoder.o (.data.g_dist_l)
                  2020010c    00000004     encoder.o (.data.g_dist_r)
                  20200110    00000004     encoder.o (.data.g_enc_l_cnt)
                  20200114    00000004     encoder.o (.data.g_enc_r_cnt)
                  20200118    00000004     gyro.o (.data.g_gz_raw)
                  2020011c    00000004     encoder.o (.data.g_last_l)
                  20200120    00000004     encoder.o (.data.g_last_r)
                  20200124    00000004     encoder.o (.data.g_speed_l)
                  20200128    00000004     encoder.o (.data.g_speed_r)
                  2020012c    00000004     gyro.o (.data.g_yaw)
                  20200130    00000004     main.o (.data.line_follow.last_error)
                  20200134    00000004     main.o (.data.line_follow.last_pos)
                  20200138    00000004     main.o (.data.main.lf4_last)
                  2020013c    00000004     main.o (.data.main.lf4_le)
                  20200140    00000004     main.o (.data.main.lf5_last)
                  20200144    00000004     main.o (.data.main.lf5_le)
                  20200148    00000004     main.o (.data.main.lf6_last)
                  2020014c    00000004     main.o (.data.main.lf6_le)
                  20200150    00000002     vision.o (.data.g_ball_x)
                  20200152    00000002     vision.o (.data.g_ball_y)
                  20200154    00000002     lcd.o (.data.g_bg)
                  20200156    00000002     lcd.o (.data.g_cx)
                  20200158    00000002     lcd.o (.data.g_cy)
                  2020015a    00000002     lcd.o (.data.g_fg)
                  2020015c    00000002     main.o (.data.main.c.12)
                  2020015e    00000002     main.o (.data.main.c.35)
                  20200160    00000002     main.o (.data.main.c)
                  20200162    00000002     main.o (.data.main.s.13)
                  20200164    00000002     main.o (.data.main.s.36)
                  20200166    00000002     main.o (.data.main.s)
                  20200168    00000001     ball_pid.o (.data.ball_pid_cascade_run.pos_filt_init)
                  20200169    00000001     ball_pid.o (.data.ball_pid_cascade_run3.pos_filt_init)
                  2020016a    00000001     vision.o (.data.g_ball_valid)
                  2020016b    00000001     gyro.o (.data.g_fidx)
                  2020016c    00000001     sensor.o (.data.g_mask)
                  2020016d    00000001     gyro.o (.data.g_new_gz)
                  2020016e    00000001     gyro.o (.data.g_new_yaw)
                  2020016f    00000001     main.o (.data.main.ph.11)
                  20200170    00000001     main.o (.data.main.ph.34)
                  20200171    00000001     main.o (.data.main.ph)
                  20200172    00000001     main.o (.data.main.t4_rx_flag)
                  20200173    00000001     main.o (.data.main.t5_rx_flag)
                  20200174    00000001     main.o (.data.main.t6_rx_flag)
                  20200175    00000001     sensor.o (.data.rx_idx)
                  20200176    00000001     vision.o (.data.rx_index)
                  20200177    00000001     sensor.o (.data.rx_state)

.stack     0    20207e00    00000200     UNINITIALIZED
                  20207e00    00000004     libc.a : boot_cortex_m.c.obj (.stack)
                  20207e04    000001fc     --HOLE--

__llvm_prf_cnts 
*          0    20200000    00000000     UNINITIALIZED

__llvm_prf_bits 
*          0    20200000    00000000     UNINITIALIZED

MODULE SUMMARY

       Module                         code    ro data   rw data
       ------                         ----    -------   -------
    .\
       lcd.o                          7088    1520      8      
       main.o                         7632    221       50     
       sensor.o                       1090    7         36     
       ball_pid.o                     804     0         186    
       ti_msp_dl_config.o             544     34        0      
       vision.o                       400     0         15     
       encoder.o                      332     0         32     
       motor.o                        236     0         0      
       gyro.o                         192     0         16     
       startup_mspm0g350x_ticlang.o   6       192       0      
       stepper.o                      132     0         0      
       pid.o                          20      0         32     
    +--+------------------------------+-------+---------+---------+
       Total:                         18476   1974      375    
                                                               
    E:/CCSIDE/mspm0_sdk_2_10_00_04/source/ti/driverlib/lib/ticlang/m0p/mspm0g1x0x_g3x0x/driverlib.a
       dl_timer.o                     608     0         0      
       dl_uart.o                      90      0         0      
       dl_common.o                    10      0         0      
    +--+------------------------------+-------+---------+---------+
       Total:                         708     0         0      
                                                               
    E:\CCSIDE\ccs\tools\compiler\ti-cgt-armllvm_4.0.4.LTS\lib\armv6m-ti-none-eabi/c/libc.a
       memcpy16.S.obj                 154     0         0      
       copy_decompress_lzss.c.obj     124     0         0      
       autoinit.c.obj                 60      0         0      
       boot_cortex_m.c.obj            40      0         0      
       copy_zero_init.c.obj           22      0         0      
       copy_decompress_none.c.obj     18      0         0      
       exit.c.obj                     6       0         0      
       pre_init.c.obj                 4       0         0      
    +--+------------------------------+-------+---------+---------+
       Total:                         428     0         0      
                                                               
    E:\CCSIDE\ccs\tools\compiler\ti-cgt-armllvm_4.0.4.LTS\lib\armv6m-ti-none-eabi/c/libsysbm.a
       hostexit.c.obj                 4       0         0      
    +--+------------------------------+-------+---------+---------+
       Total:                         4       0         0      
                                                               
    E:\CCSIDE\ccs\tools\compiler\ti-cgt-armllvm_4.0.4.LTS\lib\armv6m-ti-none-eabi/libclang_rt.builtins.a
       addsf3.S.obj                   216     0         0      
       mulsf3.S.obj                   140     0         0      
       divsf3.S.obj                   130     0         0      
       comparesf2.S.obj               118     0         0      
       aeabi_fcmp.S.obj               98      0         0      
       aeabi_idivmod.S.obj            86      0         0      
       aeabi_uidivmod.S.obj           64      0         0      
       floatsisf.S.obj                60      0         0      
       muldsi3.S.obj                  58      0         0      
       fixsfsi.S.obj                  56      0         0      
       floatunsisf.S.obj              40      0         0      
       aeabi_memcpy.S.obj             8       0         0      
       aeabi_div0.c.obj               2       0         0      
    +--+------------------------------+-------+---------+---------+
       Total:                         1076    0         0      
                                                               
       Stack:                         0       0         512    
       Linker Generated:              0       50        0      
    +--+------------------------------+-------+---------+---------+
       Grand Total:                   20692   2024      887    


LINKER GENERATED COPY TABLES

__TI_cinit_table @ 000058c4 records: 2, size/record: 8, table size: 16
	.data: load addr=000058a0, load size=0000000e bytes, run addr=202000e0, run size=00000098 bytes, compression=lzss
	.bss: load addr=000058bc, load size=00000008 bytes, run addr=20200000, run size=000000df bytes, compression=zero_init


LINKER GENERATED HANDLER TABLE

__TI_handler_table @ 000058b0 records: 3, size/record: 4, table size: 12
	index: 0, handler: __TI_decompress_lzss
	index: 1, handler: __TI_decompress_none
	index: 2, handler: __TI_zero_init


GLOBAL SYMBOLS: SORTED ALPHABETICALLY BY Name 

address   name                            
-------   ----                            
000046bf  ADC0_IRQHandler                 
000046bf  ADC1_IRQHandler                 
000046bf  AES_IRQHandler                  
00005196  C$$EXIT                         
000046bf  CANFD0_IRQHandler               
000046bf  DAC0_IRQHandler                 
0000517d  DL_Common_delayCycles           
00003a71  DL_Timer_initFourCCPWMMode      
00003b75  DL_Timer_initTimerMode          
00004fb9  DL_Timer_setCaptCompUpdateMethod
00005045  DL_Timer_setCaptureCompareOutCtl
00005119  DL_Timer_setCaptureCompareValue 
00004fd5  DL_Timer_setClockConfig         
00004b05  DL_UART_init                    
000050e1  DL_UART_setClockConfig          
000046bf  DMA_IRQHandler                  
000046bf  Default_Handler                 
00004eb9  GROUP0_IRQHandler               
00004ee1  GROUP1_IRQHandler               
00005197  HOSTexit                        
000046bf  HardFault_Handler               
000046bf  I2C0_IRQHandler                 
000046bf  I2C1_IRQHandler                 
000046bf  NMI_Handler                     
000046bf  PendSV_Handler                  
000046bf  RTC_IRQHandler                  
0000519b  Reset_Handler                   
000046bf  SPI0_IRQHandler                 
000046bf  SPI1_IRQHandler                 
000046bf  SVC_Handler                     
00004d81  SYSCFG_DL_CTRL_TIMER_init       
000041e5  SYSCFG_DL_GPIO_init             
00004759  SYSCFG_DL_MOTOR_L_PWM_init      
00004b95  SYSCFG_DL_SYSCTL_init           
0000505d  SYSCFG_DL_init                  
00004bd5  SYSCFG_DL_initPower             
000046bf  SysTick_Handler                 
000046bf  TIMA0_IRQHandler                
000046bf  TIMA1_IRQHandler                
000046bf  TIMG0_IRQHandler                
000046bf  TIMG12_IRQHandler               
000046bf  TIMG6_IRQHandler                
000046bf  TIMG7_IRQHandler                
000046bf  TIMG8_IRQHandler                
000046bf  UART0_IRQHandler                
00004f59  UART1_IRQHandler                
000042a5  UART2_IRQHandler                
00004031  UART3_IRQHandler                
20208000  __STACK_END                     
00000200  __STACK_SIZE                    
00000000  __TI_ATRegion0_region_sz        
00000000  __TI_ATRegion0_src_addr         
00000000  __TI_ATRegion0_trg_addr         
00000000  __TI_ATRegion1_region_sz        
00000000  __TI_ATRegion1_src_addr         
00000000  __TI_ATRegion1_trg_addr         
00000000  __TI_ATRegion2_region_sz        
00000000  __TI_ATRegion2_src_addr         
00000000  __TI_ATRegion2_trg_addr         
000058c4  __TI_CINIT_Base                 
000058d4  __TI_CINIT_Limit                
000058d4  __TI_CINIT_Warm                 
000058b0  __TI_Handler_Table_Base         
000058bc  __TI_Handler_Table_Limit        
00004ccd  __TI_auto_init_nobinit_nopinit  
000048f9  __TI_decompress_lzss            
00005105  __TI_decompress_none            
ffffffff  __TI_pprof_out_hndl             
ffffffff  __TI_prof_data_size             
ffffffff  __TI_prof_data_start            
00000000  __TI_static_base__              
0000508d  __TI_zero_init_nomemset         
00004117  __addsf3                        
00004db9  __aeabi_f2iz                    
00004117  __aeabi_fadd                    
00004a49  __aeabi_fcmpeq                  
00004a85  __aeabi_fcmpge                  
00004a99  __aeabi_fcmpgt                  
00004a71  __aeabi_fcmple                  
00004a5d  __aeabi_fcmplt                  
00004875  __aeabi_fdiv                    
000047e9  __aeabi_fmul                    
0000410d  __aeabi_fsub                    
00004c55  __aeabi_i2f                     
00004aad  __aeabi_idiv                    
000048f7  __aeabi_idiv0                   
00004aad  __aeabi_idivmod                 
00005189  __aeabi_memcpy                  
00005189  __aeabi_memcpy4                 
00005189  __aeabi_memcpy8                 
00004f09  __aeabi_ui2f                    
00004c15  __aeabi_uidiv                   
00004c15  __aeabi_uidivmod                
ffffffff  __binit__                       
00004d09  __cmpsf2                        
00004875  __divsf3                        
00004d09  __eqsf2                         
00004db9  __fixsfsi                       
00004c55  __floatsisf                     
00004f09  __floatunsisf                   
00004c91  __gesf2                         
00004c91  __gtsf2                         
00004d09  __lesf2                         
00004d09  __ltsf2                         
UNDEFED   __mpu_init                      
00004d45  __muldsi3                       
000047e9  __mulsf3                        
00004d09  __nesf2                         
20207e00  __stack                         
20200000  __start___llvm_prf_bits         
20200000  __start___llvm_prf_cnts         
20200000  __stop___llvm_prf_bits          
20200000  __stop___llvm_prf_cnts          
0000410d  __subsf3                        
00004f31  _c_int00_noargs                 
UNDEFED   _system_post_cinit              
0000519f  _system_pre_init                
00005191  abort                           
00003849  ball_pid_cascade_run            
00003731  ball_pid_cascade_run3           
00004975  ball_pid_init                   
000049e1  ball_pid_init3                  
00005139  ball_pid_set_target             
00005129  ball_pid_set_target3            
ffffffff  binit                           
00004f79  encoder_get_distance            
00005149  encoder_init                    
00004df1  encoder_reset_distance          
000046c1  encoder_update                  
20200000  g_ball_pid                      
20200058  g_ball_pid3                     
2020016a  g_ball_valid                    
20200150  g_ball_x                        
20200152  g_ball_y                        
20200110  g_enc_l_cnt                     
20200114  g_enc_r_cnt                     
202000e0  g_pid_line                      
00000000  interruptVectors                
00003565  lcd_clear                       
00001da9  lcd_init                        
00003c71  lcd_print_int                   
00003d69  lcd_print_int_big               
00002fed  lcd_putc                        
00002c65  lcd_putc_big                    
00004e25  lcd_puts                        
00004e57  lcd_puts_big                    
000050a5  lcd_set_cursor                  
000050b9  lcd_set_cursor_big              
00003f49  line_follow                     
000000c1  main                            
00004625  memcpy                          
00004ff1  motor_brake                     
0000500d  motor_coast                     
00005075  motor_init                      
00004589  motor_set                       
000050cd  pid_init                        
00003319  sensor_get_position             
00004421  sensor_init                     
000050f3  sensor_is_line_detected         
00004b4d  sensor_read_all                 
00005159  sensor_set_mask                 
00005165  stepper_disable                 
00005171  stepper_enable                  
00004e89  stepper_init                    
00005029  stepper_set_speed               
00004f99  stepper_step                    
000044d5  vision_init                     
00004365  vision_parse_byte               


GLOBAL SYMBOLS: SORTED BY Symbol Address 

address   name                            
-------   ----                            
00000000  __TI_ATRegion0_region_sz        
00000000  __TI_ATRegion0_src_addr         
00000000  __TI_ATRegion0_trg_addr         
00000000  __TI_ATRegion1_region_sz        
00000000  __TI_ATRegion1_src_addr         
00000000  __TI_ATRegion1_trg_addr         
00000000  __TI_ATRegion2_region_sz        
00000000  __TI_ATRegion2_src_addr         
00000000  __TI_ATRegion2_trg_addr         
00000000  __TI_static_base__              
00000000  interruptVectors                
000000c1  main                            
00000200  __STACK_SIZE                    
00001da9  lcd_init                        
00002c65  lcd_putc_big                    
00002fed  lcd_putc                        
00003319  sensor_get_position             
00003565  lcd_clear                       
00003731  ball_pid_cascade_run3           
00003849  ball_pid_cascade_run            
00003a71  DL_Timer_initFourCCPWMMode      
00003b75  DL_Timer_initTimerMode          
00003c71  lcd_print_int                   
00003d69  lcd_print_int_big               
00003f49  line_follow                     
00004031  UART3_IRQHandler                
0000410d  __aeabi_fsub                    
0000410d  __subsf3                        
00004117  __addsf3                        
00004117  __aeabi_fadd                    
000041e5  SYSCFG_DL_GPIO_init             
000042a5  UART2_IRQHandler                
00004365  vision_parse_byte               
00004421  sensor_init                     
000044d5  vision_init                     
00004589  motor_set                       
00004625  memcpy                          
000046bf  ADC0_IRQHandler                 
000046bf  ADC1_IRQHandler                 
000046bf  AES_IRQHandler                  
000046bf  CANFD0_IRQHandler               
000046bf  DAC0_IRQHandler                 
000046bf  DMA_IRQHandler                  
000046bf  Default_Handler                 
000046bf  HardFault_Handler               
000046bf  I2C0_IRQHandler                 
000046bf  I2C1_IRQHandler                 
000046bf  NMI_Handler                     
000046bf  PendSV_Handler                  
000046bf  RTC_IRQHandler                  
000046bf  SPI0_IRQHandler                 
000046bf  SPI1_IRQHandler                 
000046bf  SVC_Handler                     
000046bf  SysTick_Handler                 
000046bf  TIMA0_IRQHandler                
000046bf  TIMA1_IRQHandler                
000046bf  TIMG0_IRQHandler                
000046bf  TIMG12_IRQHandler               
000046bf  TIMG6_IRQHandler                
000046bf  TIMG7_IRQHandler                
000046bf  TIMG8_IRQHandler                
000046bf  UART0_IRQHandler                
000046c1  encoder_update                  
00004759  SYSCFG_DL_MOTOR_L_PWM_init      
000047e9  __aeabi_fmul                    
000047e9  __mulsf3                        
00004875  __aeabi_fdiv                    
00004875  __divsf3                        
000048f7  __aeabi_idiv0                   
000048f9  __TI_decompress_lzss            
00004975  ball_pid_init                   
000049e1  ball_pid_init3                  
00004a49  __aeabi_fcmpeq                  
00004a5d  __aeabi_fcmplt                  
00004a71  __aeabi_fcmple                  
00004a85  __aeabi_fcmpge                  
00004a99  __aeabi_fcmpgt                  
00004aad  __aeabi_idiv                    
00004aad  __aeabi_idivmod                 
00004b05  DL_UART_init                    
00004b4d  sensor_read_all                 
00004b95  SYSCFG_DL_SYSCTL_init           
00004bd5  SYSCFG_DL_initPower             
00004c15  __aeabi_uidiv                   
00004c15  __aeabi_uidivmod                
00004c55  __aeabi_i2f                     
00004c55  __floatsisf                     
00004c91  __gesf2                         
00004c91  __gtsf2                         
00004ccd  __TI_auto_init_nobinit_nopinit  
00004d09  __cmpsf2                        
00004d09  __eqsf2                         
00004d09  __lesf2                         
00004d09  __ltsf2                         
00004d09  __nesf2                         
00004d45  __muldsi3                       
00004d81  SYSCFG_DL_CTRL_TIMER_init       
00004db9  __aeabi_f2iz                    
00004db9  __fixsfsi                       
00004df1  encoder_reset_distance          
00004e25  lcd_puts                        
00004e57  lcd_puts_big                    
00004e89  stepper_init                    
00004eb9  GROUP0_IRQHandler               
00004ee1  GROUP1_IRQHandler               
00004f09  __aeabi_ui2f                    
00004f09  __floatunsisf                   
00004f31  _c_int00_noargs                 
00004f59  UART1_IRQHandler                
00004f79  encoder_get_distance            
00004f99  stepper_step                    
00004fb9  DL_Timer_setCaptCompUpdateMethod
00004fd5  DL_Timer_setClockConfig         
00004ff1  motor_brake                     
0000500d  motor_coast                     
00005029  stepper_set_speed               
00005045  DL_Timer_setCaptureCompareOutCtl
0000505d  SYSCFG_DL_init                  
00005075  motor_init                      
0000508d  __TI_zero_init_nomemset         
000050a5  lcd_set_cursor                  
000050b9  lcd_set_cursor_big              
000050cd  pid_init                        
000050e1  DL_UART_setClockConfig          
000050f3  sensor_is_line_detected         
00005105  __TI_decompress_none            
00005119  DL_Timer_setCaptureCompareValue 
00005129  ball_pid_set_target3            
00005139  ball_pid_set_target             
00005149  encoder_init                    
00005159  sensor_set_mask                 
00005165  stepper_disable                 
00005171  stepper_enable                  
0000517d  DL_Common_delayCycles           
00005189  __aeabi_memcpy                  
00005189  __aeabi_memcpy4                 
00005189  __aeabi_memcpy8                 
00005191  abort                           
00005196  C$$EXIT                         
00005197  HOSTexit                        
0000519b  Reset_Handler                   
0000519f  _system_pre_init                
000058b0  __TI_Handler_Table_Base         
000058bc  __TI_Handler_Table_Limit        
000058c4  __TI_CINIT_Base                 
000058d4  __TI_CINIT_Limit                
000058d4  __TI_CINIT_Warm                 
20200000  __start___llvm_prf_bits         
20200000  __start___llvm_prf_cnts         
20200000  __stop___llvm_prf_bits          
20200000  __stop___llvm_prf_cnts          
20200000  g_ball_pid                      
20200058  g_ball_pid3                     
202000e0  g_pid_line                      
20200110  g_enc_l_cnt                     
20200114  g_enc_r_cnt                     
20200150  g_ball_x                        
20200152  g_ball_y                        
2020016a  g_ball_valid                    
20207e00  __stack                         
20208000  __STACK_END                     
ffffffff  __TI_pprof_out_hndl             
ffffffff  __TI_prof_data_size             
ffffffff  __TI_prof_data_start            
ffffffff  __binit__                       
ffffffff  binit                           
UNDEFED   __mpu_init                      
UNDEFED   _system_post_cinit              

[168 symbols]
